Archive member included to satisfy reference by file (symbol)

c:/st/stm32cubeide_1.5.0/stm32cubeide/plugins/com.st.stm32cube.ide.mcu.externaltools.gnu-tools-for-stm32.9-2020-q2-update.win32_2.0.0.202105311346/tools/bin/../lib/gcc/arm-none-eabi/9.3.1/../../../../arm-none-eabi/lib/thumb/v7e-m+fp/hard\libc_nano.a(lib_a-exit.o)
                              c:/st/stm32cubeide_1.5.0/stm32cubeide/plugins/com.st.stm32cube.ide.mcu.externaltools.gnu-tools-for-stm32.9-2020-q2-update.win32_2.0.0.202105311346/tools/bin/../lib/gcc/arm-none-eabi/9.3.1/../../../../arm-none-eabi/lib/thumb/v7e-m+fp/hard/crt0.o (exit)
c:/st/stm32cubeide_1.5.0/stm32cubeide/plugins/com.st.stm32cube.ide.mcu.externaltools.gnu-tools-for-stm32.9-2020-q2-update.win32_2.0.0.202105311346/tools/bin/../lib/gcc/arm-none-eabi/9.3.1/../../../../arm-none-eabi/lib/thumb/v7e-m+fp/hard\libc_nano.a(lib_a-impure.o)
                              c:/st/stm32cubeide_1.5.0/stm32cubeide/plugins/com.st.stm32cube.ide.mcu.externaltools.gnu-tools-for-stm32.9-2020-q2-update.win32_2.0.0.202105311346/tools/bin/../lib/gcc/arm-none-eabi/9.3.1/../../../../arm-none-eabi/lib/thumb/v7e-m+fp/hard\libc_nano.a(lib_a-exit.o) (_global_impure_ptr)
c:/st/stm32cubeide_1.5.0/stm32cubeide/plugins/com.st.stm32cube.ide.mcu.externaltools.gnu-tools-for-stm32.9-2020-q2-update.win32_2.0.0.202105311346/tools/bin/../lib/gcc/arm-none-eabi/9.3.1/../../../../arm-none-eabi/lib/thumb/v7e-m+fp/hard\libc_nano.a(lib_a-init.o)
                              c:/st/stm32cubeide_1.5.0/stm32cubeide/plugins/com.st.stm32cube.ide.mcu.externaltools.gnu-tools-for-stm32.9-2020-q2-update.win32_2.0.0.202105311346/tools/bin/../lib/gcc/arm-none-eabi/9.3.1/../../../../arm-none-eabi/lib/thumb/v7e-m+fp/hard/crt0.o (__libc_init_array)
c:/st/stm32cubeide_1.5.0/stm32cubeide/plugins/com.st.stm32cube.ide.mcu.externaltools.gnu-tools-for-stm32.9-2020-q2-update.win32_2.0.0.202105311346/tools/bin/../lib/gcc/arm-none-eabi/9.3.1/../../../../arm-none-eabi/lib/thumb/v7e-m+fp/hard\libc_nano.a(lib_a-memset.o)
                              c:/st/stm32cubeide_1.5.0/stm32cubeide/plugins/com.st.stm32cube.ide.mcu.externaltools.gnu-tools-for-stm32.9-2020-q2-update.win32_2.0.0.202105311346/tools/bin/../lib/gcc/arm-none-eabi/9.3.1/../../../../arm-none-eabi/lib/thumb/v7e-m+fp/hard/crt0.o (memset)
c:/st/stm32cubeide_1.5.0/stm32cubeide/plugins/com.st.stm32cube.ide.mcu.externaltools.gnu-tools-for-stm32.9-2020-q2-update.win32_2.0.0.202105311346/tools/bin/../lib/gcc/arm-none-eabi/9.3.1/thumb/v7e-m+fp/hard\libgcc.a(_aeabi_uldivmod.o)
                              ./Drivers/STM32F7xx_HAL_Driver/Src/stm32f7xx_hal_rcc.o (__aeabi_uldivmod)
c:/st/stm32cubeide_1.5.0/stm32cubeide/plugins/com.st.stm32cube.ide.mcu.externaltools.gnu-tools-for-stm32.9-2020-q2-update.win32_2.0.0.202105311346/tools/bin/../lib/gcc/arm-none-eabi/9.3.1/thumb/v7e-m+fp/hard\libgcc.a(_udivmoddi4.o)
                              c:/st/stm32cubeide_1.5.0/stm32cubeide/plugins/com.st.stm32cube.ide.mcu.externaltools.gnu-tools-for-stm32.9-2020-q2-update.win32_2.0.0.202105311346/tools/bin/../lib/gcc/arm-none-eabi/9.3.1/thumb/v7e-m+fp/hard\libgcc.a(_aeabi_uldivmod.o) (__udivmoddi4)
c:/st/stm32cubeide_1.5.0/stm32cubeide/plugins/com.st.stm32cube.ide.mcu.externaltools.gnu-tools-for-stm32.9-2020-q2-update.win32_2.0.0.202105311346/tools/bin/../lib/gcc/arm-none-eabi/9.3.1/thumb/v7e-m+fp/hard\libgcc.a(_dvmd_tls.o)
                              c:/st/stm32cubeide_1.5.0/stm32cubeide/plugins/com.st.stm32cube.ide.mcu.externaltools.gnu-tools-for-stm32.9-2020-q2-update.win32_2.0.0.202105311346/tools/bin/../lib/gcc/arm-none-eabi/9.3.1/thumb/v7e-m+fp/hard\libgcc.a(_aeabi_uldivmod.o) (__aeabi_ldiv0)
c:/st/stm32cubeide_1.5.0/stm32cubeide/plugins/com.st.stm32cube.ide.mcu.externaltools.gnu-tools-for-stm32.9-2020-q2-update.win32_2.0.0.202105311346/tools/bin/../lib/gcc/arm-none-eabi/9.3.1/../../../../arm-none-eabi/lib/thumb/v7e-m+fp/hard\libnosys.a(_exit.o)
                              c:/st/stm32cubeide_1.5.0/stm32cubeide/plugins/com.st.stm32cube.ide.mcu.externaltools.gnu-tools-for-stm32.9-2020-q2-update.win32_2.0.0.202105311346/tools/bin/../lib/gcc/arm-none-eabi/9.3.1/../../../../arm-none-eabi/lib/thumb/v7e-m+fp/hard\libc_nano.a(lib_a-exit.o) (_exit)

Allocating common symbols
Common symbol       size              file

hi2c3               0x4c              ./Core/Src/main.o
ds                  0x10              ./Core/Src/Code.o
hsd1                0x84              ./Core/Src/main.o
command             0x10              ./Core/Src/SDRAM.o
uwTick              0x4               ./Drivers/STM32F7xx_HAL_Driver/Src/stm32f7xx_hal.o
pFlash              0x1c              ./Drivers/STM32F7xx_HAL_Driver/Src/stm32f7xx_hal_flash.o
hltdc               0xa8              ./Core/Src/main.o
RGB                 0x3fc00           ./Core/Src/Code.o
hrtc                0x20              ./Core/Src/main.o
htim6               0x4c              ./Core/Src/stm32f7xx_hal_timebase_tim.o
[...]
Memory Configuration

Name             Origin             Length             Attributes
RAM              0x0000000020000000 0x0000000000050000 xrw
FLASH            0x0000000008000000 0x0000000000100000 xr
*default*        0x0000000000000000 0xffffffffffffffff

Linker script and memory map

LOAD c:/st/stm32cubeide_1.5.0/stm32cubeide/plugins/com.st.stm32cube.ide.mcu.externaltools.gnu-tools-for-stm32.9-2020-q2-update.win32_2.0.0.202105311346/tools/bin/../lib/gcc/arm-none-eabi/9.3.1/thumb/v7e-m+fp/hard/crti.o
LOAD c:/st/stm32cubeide_1.5.0/stm32cubeide/plugins/com.st.stm32cube.ide.mcu.externaltools.gnu-tools-for-stm32.9-2020-q2-update.win32_2.0.0.202105311346/tools/bin/../lib/gcc/arm-none-eabi/9.3.1/thumb/v7e-m+fp/hard/crtbegin.o
LOAD c:/st/stm32cubeide_1.5.0/stm32cubeide/plugins/com.st.stm32cube.ide.mcu.externaltools.gnu-tools-for-stm32.9-2020-q2-update.win32_2.0.0.202105311346/tools/bin/../lib/gcc/arm-none-eabi/9.3.1/../../../../arm-none-eabi/lib/thumb/v7e-m+fp/hard/crt0.o
LOAD ./Core/SimpleGraphics/Coordinates.o
LOAD ./Core/SimpleGraphics/Font.o
LOAD ./Core/SimpleGraphics/Graphics_IO.o
LOAD ./Core/SimpleGraphics/SimpleGraphics.o
LOAD ./Core/SimpleGraphics/Touch.o
LOAD ./Core/Src/Code.o
LOAD ./Core/Src/SDRAM.o
LOAD ./Core/Src/main.o
LOAD ./Core/Src/stm32f7xx_hal_msp.o
LOAD ./Core/Src/stm32f7xx_hal_timebase_tim.o
LOAD ./Core/Src/stm32f7xx_it.o
LOAD ./Core/Src/system_stm32f7xx.o
LOAD ./Core/Startup/startup_stm32f746nghx.o
LOAD ./Drivers/STM32F7xx_HAL_Driver/Src/stm32f7xx_hal.o
LOAD ./Drivers/STM32F7xx_HAL_Driver/Src/stm32f7xx_hal_cortex.o
LOAD ./Drivers/STM32F7xx_HAL_Driver/Src/stm32f7xx_hal_dma.o
LOAD ./Drivers/STM32F7xx_HAL_Driver/Src/stm32f7xx_hal_dma2d.o
LOAD ./Drivers/STM32F7xx_HAL_Driver/Src/stm32f7xx_hal_dma_ex.o
LOAD ./Drivers/STM32F7xx_HAL_Driver/Src/stm32f7xx_hal_dsi.o
LOAD ./Drivers/STM32F7xx_HAL_Driver/Src/stm32f7xx_hal_exti.o
LOAD ./Drivers/STM32F7xx_HAL_Driver/Src/stm32f7xx_hal_flash.o
LOAD ./Drivers/STM32F7xx_HAL_Driver/Src/stm32f7xx_hal_flash_ex.o
LOAD ./Drivers/STM32F7xx_HAL_Driver/Src/stm32f7xx_hal_gpio.o
LOAD ./Drivers/STM32F7xx_HAL_Driver/Src/stm32f7xx_hal_i2c.o
LOAD ./Drivers/STM32F7xx_HAL_Driver/Src/stm32f7xx_hal_i2c_ex.o
LOAD ./Drivers/STM32F7xx_HAL_Driver/Src/stm32f7xx_hal_ltdc.o
LOAD ./Drivers/STM32F7xx_HAL_Driver/Src/stm32f7xx_hal_ltdc_ex.o
LOAD ./Drivers/STM32F7xx_HAL_Driver/Src/stm32f7xx_hal_pwr.o
LOAD ./Drivers/STM32F7xx_HAL_Driver/Src/stm32f7xx_hal_pwr_ex.o
LOAD ./Drivers/STM32F7xx_HAL_Driver/Src/stm32f7xx_hal_rcc.o
LOAD ./Drivers/STM32F7xx_HAL_Driver/Src/stm32f7xx_hal_rcc_ex.o
LOAD ./Drivers/STM32F7xx_HAL_Driver/Src/stm32f7xx_hal_rtc.o
LOAD ./Drivers/STM32F7xx_HAL_Driver/Src/stm32f7xx_hal_rtc_ex.o
LOAD ./Drivers/STM32F7xx_HAL_Driver/Src/stm32f7xx_hal_sd.o
LOAD ./Drivers/STM32F7xx_HAL_Driver/Src/stm32f7xx_hal_sdram.o
LOAD ./Drivers/STM32F7xx_HAL_Driver/Src/stm32f7xx_hal_tim.o
LOAD ./Drivers/STM32F7xx_HAL_Driver/Src/stm32f7xx_hal_tim_ex.o
LOAD ./Drivers/STM32F7xx_HAL_Driver/Src/stm32f7xx_ll_fmc.o
LOAD ./Drivers/STM32F7xx_HAL_Driver/Src/stm32f7xx_ll_sdmmc.o
START GROUP
LOAD c:/st/stm32cubeide_1.5.0/stm32cubeide/plugins/com.st.stm32cube.ide.mcu.externaltools.gnu-tools-for-stm32.9-2020-q2-update.win32_2.0.0.202105311346/tools/bin/../lib/gcc/arm-none-eabi/9.3.1/../../../../arm-none-eabi/lib/thumb/v7e-m+fp/hard\libc_nano.a
LOAD c:/st/stm32cubeide_1.5.0/stm32cubeide/plugins/com.st.stm32cube.ide.mcu.externaltools.gnu-tools-for-stm32.9-2020-q2-update.win32_2.0.0.202105311346/tools/bin/../lib/gcc/arm-none-eabi/9.3.1/../../../../arm-none-eabi/lib/thumb/v7e-m+fp/hard\libm.a
END GROUP
START GROUP
LOAD c:/st/stm32cubeide_1.5.0/stm32cubeide/plugins/com.st.stm32cube.ide.mcu.externaltools.gnu-tools-for-stm32.9-2020-q2-update.win32_2.0.0.202105311346/tools/bin/../lib/gcc/arm-none-eabi/9.3.1/thumb/v7e-m+fp/hard\libgcc.a
LOAD c:/st/stm32cubeide_1.5.0/stm32cubeide/plugins/com.st.stm32cube.ide.mcu.externaltools.gnu-tools-for-stm32.9-2020-q2-update.win32_2.0.0.202105311346/tools/bin/../lib/gcc/arm-none-eabi/9.3.1/../../../../arm-none-eabi/lib/thumb/v7e-m+fp/hard\libc_nano.a
END GROUP
START GROUP
LOAD c:/st/stm32cubeide_1.5.0/stm32cubeide/plugins/com.st.stm32cube.ide.mcu.externaltools.gnu-tools-for-stm32.9-2020-q2-update.win32_2.0.0.202105311346/tools/bin/../lib/gcc/arm-none-eabi/9.3.1/thumb/v7e-m+fp/hard\libgcc.a
LOAD c:/st/stm32cubeide_1.5.0/stm32cubeide/plugins/com.st.stm32cube.ide.mcu.externaltools.gnu-tools-for-stm32.9-2020-q2-update.win32_2.0.0.202105311346/tools/bin/../lib/gcc/arm-none-eabi/9.3.1/../../../../arm-none-eabi/lib/thumb/v7e-m+fp/hard\libc_nano.a
LOAD c:/st/stm32cubeide_1.5.0/stm32cubeide/plugins/com.st.stm32cube.ide.mcu.externaltools.gnu-tools-for-stm32.9-2020-q2-update.win32_2.0.0.202105311346/tools/bin/../lib/gcc/arm-none-eabi/9.3.1/../../../../arm-none-eabi/lib/thumb/v7e-m+fp/hard\libnosys.a
END GROUP
START GROUP
LOAD c:/st/stm32cubeide_1.5.0/stm32cubeide/plugins/com.st.stm32cube.ide.mcu.externaltools.gnu-tools-for-stm32.9-2020-q2-update.win32_2.0.0.202105311346/tools/bin/../lib/gcc/arm-none-eabi/9.3.1/thumb/v7e-m+fp/hard\libgcc.a
LOAD c:/st/stm32cubeide_1.5.0/stm32cubeide/plugins/com.st.stm32cube.ide.mcu.externaltools.gnu-tools-for-stm32.9-2020-q2-update.win32_2.0.0.202105311346/tools/bin/../lib/gcc/arm-none-eabi/9.3.1/../../../../arm-none-eabi/lib/thumb/v7e-m+fp/hard\libc_nano.a
LOAD c:/st/stm32cubeide_1.5.0/stm32cubeide/plugins/com.st.stm32cube.ide.mcu.externaltools.gnu-tools-for-stm32.9-2020-q2-update.win32_2.0.0.202105311346/tools/bin/../lib/gcc/arm-none-eabi/9.3.1/../../../../arm-none-eabi/lib/thumb/v7e-m+fp/hard\libnosys.a
END GROUP
LOAD c:/st/stm32cubeide_1.5.0/stm32cubeide/plugins/com.st.stm32cube.ide.mcu.externaltools.gnu-tools-for-stm32.9-2020-q2-update.win32_2.0.0.202105311346/tools/bin/../lib/gcc/arm-none-eabi/9.3.1/thumb/v7e-m+fp/hard/crtend.o
LOAD c:/st/stm32cubeide_1.5.0/stm32cubeide/plugins/com.st.stm32cube.ide.mcu.externaltools.gnu-tools-for-stm32.9-2020-q2-update.win32_2.0.0.202105311346/tools/bin/../lib/gcc/arm-none-eabi/9.3.1/thumb/v7e-m+fp/hard/crtn.o
                0x0000000020050000                _estack = (ORIGIN (RAM) + LENGTH (RAM))
                0x0000000000000200                _Min_Heap_Size = 0x200
                0x0000000000000400                _Min_Stack_Size = 0x400

.isr_vector     0x0000000008000000      0x1c8
                0x0000000008000000                . = ALIGN (0x4)
 *(.isr_vector)
 .isr_vector    0x0000000008000000      0x1c8 ./Core/Startup/startup_stm32f746nghx.o
                0x0000000008000000                g_pfnVectors
                0x00000000080001c8                . = ALIGN (0x4)

.text           0x00000000080001c8     0x444c
                0x00000000080001c8                . = ALIGN (0x4)
 *(.text)
 .text          0x00000000080001c8       0x40 c:/st/stm32cubeide_1.5.0/stm32cubeide/plugins/com.st.stm32cube.ide.mcu.externaltools.gnu-tools-for-stm32.9-2020-q2-update.win32_2.0.0.202105311346/tools/bin/../lib/gcc/arm-none-eabi/9.3.1/thumb/v7e-m+fp/hard/crtbegin.o
 .text          0x0000000008000208       0x30 c:/st/stm32cubeide_1.5.0/stm32cubeide/plugins/com.st.stm32cube.ide.mcu.externaltools.gnu-tools-for-stm32.9-2020-q2-update.win32_2.0.0.202105311346/tools/bin/../lib/gcc/arm-none-eabi/9.3.1/thumb/v7e-m+fp/hard\libgcc.a(_aeabi_uldivmod.o)
                0x0000000008000208                __aeabi_uldivmod
 .text          0x0000000008000238      0x2c4 c:/st/stm32cubeide_1.5.0/stm32cubeide/plugins/com.st.stm32cube.ide.mcu.externaltools.gnu-tools-for-stm32.9-2020-q2-update.win32_2.0.0.202105311346/tools/bin/../lib/gcc/arm-none-eabi/9.3.1/thumb/v7e-m+fp/hard\libgcc.a(_udivmoddi4.o)
                0x0000000008000238                __udivmoddi4
 .text          0x00000000080004fc        0x4 c:/st/stm32cubeide_1.5.0/stm32cubeide/plugins/com.st.stm32cube.ide.mcu.externaltools.gnu-tools-for-stm32.9-2020-q2-update.win32_2.0.0.202105311346/tools/bin/../lib/gcc/arm-none-eabi/9.3.1/thumb/v7e-m+fp/hard\libgcc.a(_dvmd_tls.o)
                0x00000000080004fc                __aeabi_idiv0
                0x00000000080004fc                __aeabi_ldiv0
 *(.text*)
 .text.Init_Graphics_System
                0x0000000008000500       0x38 ./Core/SimpleGraphics/Graphics_IO.o
                0x0000000008000500                Init_Graphics_System
 .text.Fill_all
                0x0000000008000538       0x1c ./Core/SimpleGraphics/Graphics_IO.o
                0x0000000008000538                Fill_all
 .text.Fill_rectangle
                0x0000000008000554       0x3c ./Core/SimpleGraphics/Graphics_IO.o
                0x0000000008000554                Fill_rectangle
 .text.Get565Color
                0x0000000008000590       0x5c ./Core/SimpleGraphics/SimpleGraphics.o
                0x0000000008000590                Get565Color
 .text.is_Disp_Res
                0x00000000080005ec       0x34 ./Core/SimpleGraphics/SimpleGraphics.o
                0x00000000080005ec                is_Disp_Res
 .text.Graphics_Init
                0x0000000008000620       0x34 ./Core/SimpleGraphics/SimpleGraphics.o
                0x0000000008000620                Graphics_Init
 .text.Fill_Display
                0x0000000008000654       0x3c ./Core/SimpleGraphics/SimpleGraphics.o
                0x0000000008000654                Fill_Display
 .text.Fill_Rectangle
                0x0000000008000690       0x6c ./Core/SimpleGraphics/SimpleGraphics.o
                0x0000000008000690                Fill_Rectangle
 .text.MainFunc
                0x00000000080006fc       0xd8 ./Core/Src/Code.o
                0x00000000080006fc                MainFunc
 .text.MPU_Config
                0x00000000080007d4       0x58 ./Core/Src/main.o
 .text.MX_GPIO_Init
                0x000000000800082c      0x548 ./Core/Src/main.o
 .text.HAL_TIM_PeriodElapsedCallback
                0x0000000008000d74       0x18 ./Core/Src/main.o
                0x0000000008000d74                HAL_TIM_PeriodElapsedCallback
 .text.Error_Handler
                0x0000000008000d8c        0x4 ./Core/Src/main.o
                0x0000000008000d8c                Error_Handler
 .text.MX_DMA2D_Init
                0x0000000008000d90       0x3c ./Core/Src/main.o
 .text.MX_FMC_Init
                0x0000000008000dcc       0x60 ./Core/Src/main.o
 .text.MX_I2C3_Init
                0x0000000008000e2c       0x54 ./Core/Src/main.o
 .text.MX_LTDC_Init
                0x0000000008000e80       0xb0 ./Core/Src/main.o
 .text.MX_RTC_Init
                0x0000000008000f30       0xec ./Core/Src/main.o
 .text.MX_SDMMC1_SD_Init
                0x000000000800101c       0x3c ./Core/Src/main.o
 .text.SystemClock_Config
                0x0000000008001058      0x100 ./Core/Src/main.o
                0x0000000008001058                SystemClock_Config
 .text.main     0x0000000008001158       0xb0 ./Core/Src/main.o
                0x0000000008001158                main
 .text.HAL_FMC_MspInit
                0x0000000008001208       0xd4 ./Core/Src/stm32f7xx_hal_msp.o
 .text.HAL_MspInit
                0x00000000080012dc       0x30 ./Core/Src/stm32f7xx_hal_msp.o
                0x00000000080012dc                HAL_MspInit
 .text.HAL_DMA2D_MspInit
                0x000000000800130c       0x40 ./Core/Src/stm32f7xx_hal_msp.o
                0x000000000800130c                HAL_DMA2D_MspInit
 .text.HAL_I2C_MspInit
                0x000000000800134c       0x70 ./Core/Src/stm32f7xx_hal_msp.o
                0x000000000800134c                HAL_I2C_MspInit
 .text.HAL_LTDC_MspInit
                0x00000000080013bc      0x128 ./Core/Src/stm32f7xx_hal_msp.o
                0x00000000080013bc                HAL_LTDC_MspInit
 .text.HAL_RTC_MspInit
                0x00000000080014e4       0x20 ./Core/Src/stm32f7xx_hal_msp.o
                0x00000000080014e4                HAL_RTC_MspInit
 .text.HAL_SD_MspInit
                0x0000000008001504       0x9c ./Core/Src/stm32f7xx_hal_msp.o
                0x0000000008001504                HAL_SD_MspInit
 .text.HAL_SDRAM_MspInit
                0x00000000080015a0        0x8 ./Core/Src/stm32f7xx_hal_msp.o
                0x00000000080015a0                HAL_SDRAM_MspInit
 .text.HAL_InitTick
                0x00000000080015a8       0x7c ./Core/Src/stm32f7xx_hal_timebase_tim.o
                0x00000000080015a8                HAL_InitTick
 .text.NMI_Handler
                0x0000000008001624        0x2 ./Core/Src/stm32f7xx_it.o
                0x0000000008001624                NMI_Handler
 .text.HardFault_Handler
                0x0000000008001626        0x2 ./Core/Src/stm32f7xx_it.o
                0x0000000008001626                HardFault_Handler
 .text.MemManage_Handler
                0x0000000008001628        0x2 ./Core/Src/stm32f7xx_it.o
                0x0000000008001628                MemManage_Handler
 .text.BusFault_Handler
                0x000000000800162a        0x2 ./Core/Src/stm32f7xx_it.o
                0x000000000800162a                BusFault_Handler
 .text.UsageFault_Handler
                0x000000000800162c        0x2 ./Core/Src/stm32f7xx_it.o
                0x000000000800162c                UsageFault_Handler
 .text.SVC_Handler
                0x000000000800162e        0x2 ./Core/Src/stm32f7xx_it.o
                0x000000000800162e                SVC_Handler
 .text.DebugMon_Handler
                0x0000000008001630        0x2 ./Core/Src/stm32f7xx_it.o
                0x0000000008001630                DebugMon_Handler
 .text.PendSV_Handler
                0x0000000008001632        0x2 ./Core/Src/stm32f7xx_it.o
                0x0000000008001632                PendSV_Handler
 .text.SysTick_Handler
                0x0000000008001634        0x2 ./Core/Src/stm32f7xx_it.o
                0x0000000008001634                SysTick_Handler
 *fill*         0x0000000008001636        0x2 
 .text.TIM6_DAC_IRQHandler
                0x0000000008001638       0x10 ./Core/Src/stm32f7xx_it.o
                0x0000000008001638                TIM6_DAC_IRQHandler
 .text.LTDC_IRQHandler
                0x0000000008001648       0x10 ./Core/Src/stm32f7xx_it.o
                0x0000000008001648                LTDC_IRQHandler
 .text.DMA2D_IRQHandler
                0x0000000008001658       0x10 ./Core/Src/stm32f7xx_it.o
                0x0000000008001658                DMA2D_IRQHandler
 .text.SystemInit
                0x0000000008001668       0x14 ./Core/Src/system_stm32f7xx.o
                0x0000000008001668                SystemInit
 .text.Reset_Handler
                0x000000000800167c       0x50 ./Core/Startup/startup_stm32f746nghx.o
                0x000000000800167c                Reset_Handler
 .text.Default_Handler
                0x00000000080016cc        0x2 ./Core/Startup/startup_stm32f746nghx.o
                0x00000000080016cc                RTC_Alarm_IRQHandler
                0x00000000080016cc                EXTI2_IRQHandler
                0x00000000080016cc                TIM8_CC_IRQHandler
                0x00000000080016cc                UART8_IRQHandler
                0x00000000080016cc                SPI4_IRQHandler
                0x00000000080016cc                TIM1_CC_IRQHandler
                0x00000000080016cc                DMA2_Stream5_IRQHandler
                0x00000000080016cc                DMA1_Stream5_IRQHandler
                0x00000000080016cc                PVD_IRQHandler
                0x00000000080016cc                TAMP_STAMP_IRQHandler
                0x00000000080016cc                CAN2_RX1_IRQHandler
                0x00000000080016cc                EXTI3_IRQHandler
                0x00000000080016cc                TIM8_TRG_COM_TIM14_IRQHandler
                0x00000000080016cc                TIM1_UP_TIM10_IRQHandler
                0x00000000080016cc                TIM8_UP_TIM13_IRQHandler
                0x00000000080016cc                I2C3_ER_IRQHandler
                0x00000000080016cc                EXTI0_IRQHandler
                0x00000000080016cc                I2C2_EV_IRQHandler
                0x00000000080016cc                DMA1_Stream2_IRQHandler
                0x00000000080016cc                CAN1_RX0_IRQHandler
                0x00000000080016cc                FPU_IRQHandler
                0x00000000080016cc                OTG_HS_WKUP_IRQHandler
                0x00000000080016cc                LTDC_ER_IRQHandler
                0x00000000080016cc                CAN2_SCE_IRQHandler
                0x00000000080016cc                DMA2_Stream2_IRQHandler
                0x00000000080016cc                SPI1_IRQHandler
                0x00000000080016cc                TIM1_BRK_TIM9_IRQHandler
                0x00000000080016cc                DCMI_IRQHandler
                0x00000000080016cc                CAN2_RX0_IRQHandler
                0x00000000080016cc                DMA2_Stream3_IRQHandler
                0x00000000080016cc                SAI2_IRQHandler
                0x00000000080016cc                USART6_IRQHandler
                0x00000000080016cc                USART3_IRQHandler
                0x00000000080016cc                CAN1_RX1_IRQHandler
                0x00000000080016cc                UART5_IRQHandler
                0x00000000080016cc                DMA2_Stream0_IRQHandler
                0x00000000080016cc                TIM4_IRQHandler
                0x00000000080016cc                QUADSPI_IRQHandler
                0x00000000080016cc                I2C1_EV_IRQHandler
                0x00000000080016cc                DMA1_Stream6_IRQHandler
                0x00000000080016cc                DMA1_Stream1_IRQHandler
                0x00000000080016cc                UART4_IRQHandler
                0x00000000080016cc                TIM3_IRQHandler
                0x00000000080016cc                RCC_IRQHandler
                0x00000000080016cc                TIM8_BRK_TIM12_IRQHandler
                0x00000000080016cc                Default_Handler
                0x00000000080016cc                CEC_IRQHandler
                0x00000000080016cc                EXTI15_10_IRQHandler
                0x00000000080016cc                ADC_IRQHandler
                0x00000000080016cc                DMA1_Stream7_IRQHandler
                0x00000000080016cc                SPI5_IRQHandler
                0x00000000080016cc                TIM7_IRQHandler
                0x00000000080016cc                SDMMC1_IRQHandler
                0x00000000080016cc                CAN2_TX_IRQHandler
                0x00000000080016cc                TIM5_IRQHandler
                0x00000000080016cc                DMA2_Stream7_IRQHandler
                0x00000000080016cc                I2C3_EV_IRQHandler
                0x00000000080016cc                EXTI9_5_IRQHandler
                0x00000000080016cc                RTC_WKUP_IRQHandler
                0x00000000080016cc                ETH_WKUP_IRQHandler
                0x00000000080016cc                SPDIF_RX_IRQHandler
                0x00000000080016cc                SPI2_IRQHandler
                0x00000000080016cc                OTG_HS_EP1_IN_IRQHandler
                0x00000000080016cc                DMA1_Stream0_IRQHandler
                0x00000000080016cc                CAN1_TX_IRQHandler
                0x00000000080016cc                EXTI4_IRQHandler
                0x00000000080016cc                RNG_IRQHandler
                0x00000000080016cc                ETH_IRQHandler
                0x00000000080016cc                OTG_HS_EP1_OUT_IRQHandler
                0x00000000080016cc                WWDG_IRQHandler
                0x00000000080016cc                SPI6_IRQHandler
                0x00000000080016cc                I2C4_EV_IRQHandler
                0x00000000080016cc                TIM2_IRQHandler
                0x00000000080016cc                OTG_FS_WKUP_IRQHandler
                0x00000000080016cc                TIM1_TRG_COM_TIM11_IRQHandler
                0x00000000080016cc                OTG_HS_IRQHandler
                0x00000000080016cc                EXTI1_IRQHandler
                0x00000000080016cc                UART7_IRQHandler
                0x00000000080016cc                USART2_IRQHandler
                0x00000000080016cc                I2C2_ER_IRQHandler
                0x00000000080016cc                DMA2_Stream1_IRQHandler
                0x00000000080016cc                CAN1_SCE_IRQHandler
                0x00000000080016cc                FLASH_IRQHandler
                0x00000000080016cc                DMA2_Stream4_IRQHandler
                0x00000000080016cc                USART1_IRQHandler
                0x00000000080016cc                OTG_FS_IRQHandler
                0x00000000080016cc                SPI3_IRQHandler
                0x00000000080016cc                DMA1_Stream4_IRQHandler
                0x00000000080016cc                I2C1_ER_IRQHandler
                0x00000000080016cc                FMC_IRQHandler
                0x00000000080016cc                LPTIM1_IRQHandler
                0x00000000080016cc                I2C4_ER_IRQHandler
                0x00000000080016cc                DMA2_Stream6_IRQHandler
                0x00000000080016cc                SAI1_IRQHandler
                0x00000000080016cc                DMA1_Stream3_IRQHandler
 *fill*         0x00000000080016ce        0x2 
 .text.HAL_Init
                0x00000000080016d0       0x24 ./Drivers/STM32F7xx_HAL_Driver/Src/stm32f7xx_hal.o
                0x00000000080016d0                HAL_Init
 .text.HAL_IncTick
                0x00000000080016f4       0x18 ./Drivers/STM32F7xx_HAL_Driver/Src/stm32f7xx_hal.o
                0x00000000080016f4                HAL_IncTick
 .text.HAL_GetTick
                0x000000000800170c        0xc ./Drivers/STM32F7xx_HAL_Driver/Src/stm32f7xx_hal.o
                0x000000000800170c                HAL_GetTick
 .text.HAL_Delay
                0x0000000008001718       0x28 ./Drivers/STM32F7xx_HAL_Driver/Src/stm32f7xx_hal.o
                0x0000000008001718                HAL_Delay
 .text.HAL_NVIC_SetPriorityGrouping
                0x0000000008001740       0x24 ./Drivers/STM32F7xx_HAL_Driver/Src/stm32f7xx_hal_cortex.o
                0x0000000008001740                HAL_NVIC_SetPriorityGrouping
 .text.HAL_NVIC_SetPriority
                0x0000000008001764       0x64 ./Drivers/STM32F7xx_HAL_Driver/Src/stm32f7xx_hal_cortex.o
                0x0000000008001764                HAL_NVIC_SetPriority
 .text.HAL_NVIC_EnableIRQ
                0x00000000080017c8       0x1c ./Drivers/STM32F7xx_HAL_Driver/Src/stm32f7xx_hal_cortex.o
                0x00000000080017c8                HAL_NVIC_EnableIRQ
 .text.HAL_MPU_Disable
                0x00000000080017e4       0x20 ./Drivers/STM32F7xx_HAL_Driver/Src/stm32f7xx_hal_cortex.o
                0x00000000080017e4                HAL_MPU_Disable
 .text.HAL_MPU_Enable
                0x0000000008001804       0x24 ./Drivers/STM32F7xx_HAL_Driver/Src/stm32f7xx_hal_cortex.o
                0x0000000008001804                HAL_MPU_Enable
 .text.HAL_MPU_ConfigRegion
                0x0000000008001828       0x54 ./Drivers/STM32F7xx_HAL_Driver/Src/stm32f7xx_hal_cortex.o
                0x0000000008001828                HAL_MPU_ConfigRegion
 .text.HAL_DMA2D_Init
                0x000000000800187c       0x5c ./Drivers/STM32F7xx_HAL_Driver/Src/stm32f7xx_hal_dma2d.o
                0x000000000800187c                HAL_DMA2D_Init
 .text.HAL_DMA2D_LineEventCallback
                0x00000000080018d8        0x2 ./Drivers/STM32F7xx_HAL_Driver/Src/stm32f7xx_hal_dma2d.o
                0x00000000080018d8                HAL_DMA2D_LineEventCallback
 .text.HAL_DMA2D_CLUTLoadingCpltCallback
                0x00000000080018da        0x2 ./Drivers/STM32F7xx_HAL_Driver/Src/stm32f7xx_hal_dma2d.o
                0x00000000080018da                HAL_DMA2D_CLUTLoadingCpltCallback
 .text.HAL_DMA2D_IRQHandler
                0x00000000080018dc      0x13c ./Drivers/STM32F7xx_HAL_Driver/Src/stm32f7xx_hal_dma2d.o
                0x00000000080018dc                HAL_DMA2D_IRQHandler
 .text.HAL_DMA2D_ConfigLayer
                0x0000000008001a18       0xc4 ./Drivers/STM32F7xx_HAL_Driver/Src/stm32f7xx_hal_dma2d.o
                0x0000000008001a18                HAL_DMA2D_ConfigLayer
 .text.HAL_GPIO_Init
                0x0000000008001adc      0x1e0 ./Drivers/STM32F7xx_HAL_Driver/Src/stm32f7xx_hal_gpio.o
                0x0000000008001adc                HAL_GPIO_Init
 .text.HAL_GPIO_WritePin
                0x0000000008001cbc        0xc ./Drivers/STM32F7xx_HAL_Driver/Src/stm32f7xx_hal_gpio.o
                0x0000000008001cbc                HAL_GPIO_WritePin
 .text.HAL_I2C_Init
                0x0000000008001cc8       0xbc ./Drivers/STM32F7xx_HAL_Driver/Src/stm32f7xx_hal_i2c.o
                0x0000000008001cc8                HAL_I2C_Init
 .text.HAL_I2CEx_ConfigAnalogFilter
                0x0000000008001d84       0x5c ./Drivers/STM32F7xx_HAL_Driver/Src/stm32f7xx_hal_i2c_ex.o
                0x0000000008001d84                HAL_I2CEx_ConfigAnalogFilter
 .text.HAL_I2CEx_ConfigDigitalFilter
                0x0000000008001de0       0x58 ./Drivers/STM32F7xx_HAL_Driver/Src/stm32f7xx_hal_i2c_ex.o
                0x0000000008001de0                HAL_I2CEx_ConfigDigitalFilter
 .text.LTDC_SetConfig
                0x0000000008001e38      0x1ac ./Drivers/STM32F7xx_HAL_Driver/Src/stm32f7xx_hal_ltdc.o
 .text.HAL_LTDC_Init
                0x0000000008001fe4       0xf4 ./Drivers/STM32F7xx_HAL_Driver/Src/stm32f7xx_hal_ltdc.o
                0x0000000008001fe4                HAL_LTDC_Init
 .text.HAL_LTDC_ErrorCallback
                0x00000000080020d8        0x2 ./Drivers/STM32F7xx_HAL_Driver/Src/stm32f7xx_hal_ltdc.o
                0x00000000080020d8                HAL_LTDC_ErrorCallback
 .text.HAL_LTDC_LineEventCallback
                0x00000000080020da        0x2 ./Drivers/STM32F7xx_HAL_Driver/Src/stm32f7xx_hal_ltdc.o
                0x00000000080020da                HAL_LTDC_LineEventCallback
 .text.HAL_LTDC_ReloadEventCallback
                0x00000000080020dc        0x2 ./Drivers/STM32F7xx_HAL_Driver/Src/stm32f7xx_hal_ltdc.o
                0x00000000080020dc                HAL_LTDC_ReloadEventCallback
 .text.HAL_LTDC_IRQHandler
                0x00000000080020de       0xda ./Drivers/STM32F7xx_HAL_Driver/Src/stm32f7xx_hal_ltdc.o
                0x00000000080020de                HAL_LTDC_IRQHandler
 .text.HAL_LTDC_ConfigLayer
                0x00000000080021b8       0x5c ./Drivers/STM32F7xx_HAL_Driver/Src/stm32f7xx_hal_ltdc.o
                0x00000000080021b8                HAL_LTDC_ConfigLayer
 .text.HAL_LTDC_SetAddress
                0x0000000008002214       0x42 ./Drivers/STM32F7xx_HAL_Driver/Src/stm32f7xx_hal_ltdc.o
                0x0000000008002214                HAL_LTDC_SetAddress
 *fill*         0x0000000008002256        0x2 
 .text.HAL_PWR_EnableBkUpAccess
                0x0000000008002258       0x10 ./Drivers/STM32F7xx_HAL_Driver/Src/stm32f7xx_hal_pwr.o
                0x0000000008002258                HAL_PWR_EnableBkUpAccess
 .text.HAL_PWREx_EnableOverDrive
                0x0000000008002268       0x7c ./Drivers/STM32F7xx_HAL_Driver/Src/stm32f7xx_hal_pwr_ex.o
                0x0000000008002268                HAL_PWREx_EnableOverDrive
 .text.HAL_RCC_OscConfig
                0x00000000080022e4      0x434 ./Drivers/STM32F7xx_HAL_Driver/Src/stm32f7xx_hal_rcc.o
                0x00000000080022e4                HAL_RCC_OscConfig
 .text.HAL_RCC_GetSysClockFreq
                0x0000000008002718       0xa0 ./Drivers/STM32F7xx_HAL_Driver/Src/stm32f7xx_hal_rcc.o
                0x0000000008002718                HAL_RCC_GetSysClockFreq
 .text.HAL_RCC_ClockConfig
                0x00000000080027b8      0x16c ./Drivers/STM32F7xx_HAL_Driver/Src/stm32f7xx_hal_rcc.o
                0x00000000080027b8                HAL_RCC_ClockConfig
 .text.HAL_RCC_GetHCLKFreq
                0x0000000008002924        0xc ./Drivers/STM32F7xx_HAL_Driver/Src/stm32f7xx_hal_rcc.o
                0x0000000008002924                HAL_RCC_GetHCLKFreq
 .text.HAL_RCC_GetPCLK1Freq
                0x0000000008002930       0x20 ./Drivers/STM32F7xx_HAL_Driver/Src/stm32f7xx_hal_rcc.o
                0x0000000008002930                HAL_RCC_GetPCLK1Freq
 .text.HAL_RCC_GetClockConfig
                0x0000000008002950       0x3c ./Drivers/STM32F7xx_HAL_Driver/Src/stm32f7xx_hal_rcc.o
                0x0000000008002950                HAL_RCC_GetClockConfig
 .text.HAL_RCCEx_PeriphCLKConfig
                0x000000000800298c      0x5a8 ./Drivers/STM32F7xx_HAL_Driver/Src/stm32f7xx_hal_rcc_ex.o
                0x000000000800298c                HAL_RCCEx_PeriphCLKConfig
 .text.HAL_RTC_WaitForSynchro
                0x0000000008002f34       0x32 ./Drivers/STM32F7xx_HAL_Driver/Src/stm32f7xx_hal_rtc.o
                0x0000000008002f34                HAL_RTC_WaitForSynchro
 .text.RTC_EnterInitMode
                0x0000000008002f66       0x3c ./Drivers/STM32F7xx_HAL_Driver/Src/stm32f7xx_hal_rtc.o
                0x0000000008002f66                RTC_EnterInitMode
 *fill*         0x0000000008002fa2        0x2 
 .text.HAL_RTC_Init
                0x0000000008002fa4       0xc4 ./Drivers/STM32F7xx_HAL_Driver/Src/stm32f7xx_hal_rtc.o
                0x0000000008002fa4                HAL_RTC_Init
 .text.RTC_ByteToBcd2
                0x0000000008003068       0x16 ./Drivers/STM32F7xx_HAL_Driver/Src/stm32f7xx_hal_rtc.o
                0x0000000008003068                RTC_ByteToBcd2
 *fill*         0x000000000800307e        0x2 
 .text.HAL_RTC_SetTime
                0x0000000008003080      0x100 ./Drivers/STM32F7xx_HAL_Driver/Src/stm32f7xx_hal_rtc.o
                0x0000000008003080                HAL_RTC_SetTime
 .text.HAL_RTC_SetDate
                0x0000000008003180       0xdc ./Drivers/STM32F7xx_HAL_Driver/Src/stm32f7xx_hal_rtc.o
                0x0000000008003180                HAL_RTC_SetDate
 .text.HAL_RTC_SetAlarm
                0x000000000800325c      0x160 ./Drivers/STM32F7xx_HAL_Driver/Src/stm32f7xx_hal_rtc.o
                0x000000000800325c                HAL_RTC_SetAlarm
 .text.HAL_RTCEx_SetTimeStamp
                0x00000000080033bc       0x5c ./Drivers/STM32F7xx_HAL_Driver/Src/stm32f7xx_hal_rtc_ex.o
                0x00000000080033bc                HAL_RTCEx_SetTimeStamp
 .text.SD_PowerON
                0x0000000008003418       0xc0 ./Drivers/STM32F7xx_HAL_Driver/Src/stm32f7xx_hal_sd.o
 .text.SD_FindSCR
                0x00000000080034d8      0x100 ./Drivers/STM32F7xx_HAL_Driver/Src/stm32f7xx_hal_sd.o
 .text.SD_WideBus_Enable
                0x00000000080035d8       0x4e ./Drivers/STM32F7xx_HAL_Driver/Src/stm32f7xx_hal_sd.o
 .text.SD_WideBus_Disable
                0x0000000008003626       0x4e ./Drivers/STM32F7xx_HAL_Driver/Src/stm32f7xx_hal_sd.o
 .text.HAL_SD_GetCardCSD
                0x0000000008003674      0x1bc ./Drivers/STM32F7xx_HAL_Driver/Src/stm32f7xx_hal_sd.o
                0x0000000008003674                HAL_SD_GetCardCSD
 .text.SD_InitCard
                0x0000000008003830      0x100 ./Drivers/STM32F7xx_HAL_Driver/Src/stm32f7xx_hal_sd.o
 .text.HAL_SD_InitCard
                0x0000000008003930       0xa4 ./Drivers/STM32F7xx_HAL_Driver/Src/stm32f7xx_hal_sd.o
                0x0000000008003930                HAL_SD_InitCard
 .text.HAL_SD_Init
                0x00000000080039d4       0x36 ./Drivers/STM32F7xx_HAL_Driver/Src/stm32f7xx_hal_sd.o
                0x00000000080039d4                HAL_SD_Init
 *fill*         0x0000000008003a0a        0x2 
 .text.HAL_SD_ConfigWideBusOperation
                0x0000000008003a0c       0xc0 ./Drivers/STM32F7xx_HAL_Driver/Src/stm32f7xx_hal_sd.o
                0x0000000008003a0c                HAL_SD_ConfigWideBusOperation
 .text.HAL_SDRAM_Init
                0x0000000008003acc       0x40 ./Drivers/STM32F7xx_HAL_Driver/Src/stm32f7xx_hal_sdram.o
                0x0000000008003acc                HAL_SDRAM_Init
 .text.HAL_TIM_Base_MspInit
                0x0000000008003b0c        0x2 ./Drivers/STM32F7xx_HAL_Driver/Src/stm32f7xx_hal_tim.o
                0x0000000008003b0c                HAL_TIM_Base_MspInit
 *fill*         0x0000000008003b0e        0x2 
 .text.HAL_TIM_Base_Start_IT
                0x0000000008003b10       0x90 ./Drivers/STM32F7xx_HAL_Driver/Src/stm32f7xx_hal_tim.o
                0x0000000008003b10                HAL_TIM_Base_Start_IT
 .text.HAL_TIM_OC_DelayElapsedCallback
                0x0000000008003ba0        0x2 ./Drivers/STM32F7xx_HAL_Driver/Src/stm32f7xx_hal_tim.o
                0x0000000008003ba0                HAL_TIM_OC_DelayElapsedCallback
 .text.HAL_TIM_IC_CaptureCallback
                0x0000000008003ba2        0x2 ./Drivers/STM32F7xx_HAL_Driver/Src/stm32f7xx_hal_tim.o
                0x0000000008003ba2                HAL_TIM_IC_CaptureCallback
 .text.HAL_TIM_PWM_PulseFinishedCallback
                0x0000000008003ba4        0x2 ./Drivers/STM32F7xx_HAL_Driver/Src/stm32f7xx_hal_tim.o
                0x0000000008003ba4                HAL_TIM_PWM_PulseFinishedCallback
 .text.HAL_TIM_TriggerCallback
                0x0000000008003ba6        0x2 ./Drivers/STM32F7xx_HAL_Driver/Src/stm32f7xx_hal_tim.o
                0x0000000008003ba6                HAL_TIM_TriggerCallback
 .text.HAL_TIM_IRQHandler
                0x0000000008003ba8      0x19a ./Drivers/STM32F7xx_HAL_Driver/Src/stm32f7xx_hal_tim.o
                0x0000000008003ba8                HAL_TIM_IRQHandler
 *fill*         0x0000000008003d42        0x2 
 .text.TIM_Base_SetConfig
                0x0000000008003d44      0x10c ./Drivers/STM32F7xx_HAL_Driver/Src/stm32f7xx_hal_tim.o
                0x0000000008003d44                TIM_Base_SetConfig
 .text.HAL_TIM_Base_Init
                0x0000000008003e50       0x60 ./Drivers/STM32F7xx_HAL_Driver/Src/stm32f7xx_hal_tim.o
                0x0000000008003e50                HAL_TIM_Base_Init
 .text.HAL_TIMEx_CommutCallback
                0x0000000008003eb0        0x2 ./Drivers/STM32F7xx_HAL_Driver/Src/stm32f7xx_hal_tim_ex.o
                0x0000000008003eb0                HAL_TIMEx_CommutCallback
 .text.HAL_TIMEx_BreakCallback
                0x0000000008003eb2        0x2 ./Drivers/STM32F7xx_HAL_Driver/Src/stm32f7xx_hal_tim_ex.o
                0x0000000008003eb2                HAL_TIMEx_BreakCallback
 .text.HAL_TIMEx_Break2Callback
                0x0000000008003eb4        0x2 ./Drivers/STM32F7xx_HAL_Driver/Src/stm32f7xx_hal_tim_ex.o
                0x0000000008003eb4                HAL_TIMEx_Break2Callback
 *fill*         0x0000000008003eb6        0x2 
 .text.FMC_SDRAM_Init
                0x0000000008003eb8       0x74 ./Drivers/STM32F7xx_HAL_Driver/Src/stm32f7xx_ll_fmc.o
                0x0000000008003eb8                FMC_SDRAM_Init
 .text.FMC_SDRAM_Timing_Init
                0x0000000008003f2c       0x98 ./Drivers/STM32F7xx_HAL_Driver/Src/stm32f7xx_ll_fmc.o
                0x0000000008003f2c                FMC_SDRAM_Timing_Init
 .text.SDMMC_GetCmdError
                0x0000000008003fc4       0x38 ./Drivers/STM32F7xx_HAL_Driver/Src/stm32f7xx_ll_sdmmc.o
 .text.SDMMC_GetCmdResp2
                0x0000000008003ffc       0x5c ./Drivers/STM32F7xx_HAL_Driver/Src/stm32f7xx_ll_sdmmc.o
 .text.SDMMC_GetCmdResp3
                0x0000000008004058       0x4c ./Drivers/STM32F7xx_HAL_Driver/Src/stm32f7xx_ll_sdmmc.o
 .text.SDMMC_GetCmdResp7
                0x00000000080040a4       0x64 ./Drivers/STM32F7xx_HAL_Driver/Src/stm32f7xx_ll_sdmmc.o
 .text.SDMMC_Init
                0x0000000008004108       0x38 ./Drivers/STM32F7xx_HAL_Driver/Src/stm32f7xx_ll_sdmmc.o
                0x0000000008004108                SDMMC_Init
 .text.SDMMC_ReadFIFO
                0x0000000008004140        0x6 ./Drivers/STM32F7xx_HAL_Driver/Src/stm32f7xx_ll_sdmmc.o
                0x0000000008004140                SDMMC_ReadFIFO
 .text.SDMMC_PowerState_ON
                0x0000000008004146       0x10 ./Drivers/STM32F7xx_HAL_Driver/Src/stm32f7xx_ll_sdmmc.o
                0x0000000008004146                SDMMC_PowerState_ON
 .text.SDMMC_GetPowerState
                0x0000000008004156        0x8 ./Drivers/STM32F7xx_HAL_Driver/Src/stm32f7xx_ll_sdmmc.o
                0x0000000008004156                SDMMC_GetPowerState
 *fill*         0x000000000800415e        0x2 
 .text.SDMMC_SendCommand
                0x0000000008004160       0x24 ./Drivers/STM32F7xx_HAL_Driver/Src/stm32f7xx_ll_sdmmc.o
                0x0000000008004160                SDMMC_SendCommand
 .text.SDMMC_GetCommandResponse
                0x0000000008004184        0x6 ./Drivers/STM32F7xx_HAL_Driver/Src/stm32f7xx_ll_sdmmc.o
                0x0000000008004184                SDMMC_GetCommandResponse
 .text.SDMMC_GetResponse
                0x000000000800418a        0x6 ./Drivers/STM32F7xx_HAL_Driver/Src/stm32f7xx_ll_sdmmc.o
                0x000000000800418a                SDMMC_GetResponse
 .text.SDMMC_GetCmdResp1
                0x0000000008004190      0x154 ./Drivers/STM32F7xx_HAL_Driver/Src/stm32f7xx_ll_sdmmc.o
 .text.SDMMC_GetCmdResp6
                0x00000000080042e4       0xa0 ./Drivers/STM32F7xx_HAL_Driver/Src/stm32f7xx_ll_sdmmc.o
 .text.SDMMC_ConfigData
                0x0000000008004384       0x24 ./Drivers/STM32F7xx_HAL_Driver/Src/stm32f7xx_ll_sdmmc.o
                0x0000000008004384                SDMMC_ConfigData
 .text.SDMMC_CmdBlockLength
                0x00000000080043a8       0x30 ./Drivers/STM32F7xx_HAL_Driver/Src/stm32f7xx_ll_sdmmc.o
                0x00000000080043a8                SDMMC_CmdBlockLength
 .text.SDMMC_CmdSelDesel
                0x00000000080043d8       0x30 ./Drivers/STM32F7xx_HAL_Driver/Src/stm32f7xx_ll_sdmmc.o
                0x00000000080043d8                SDMMC_CmdSelDesel
 .text.SDMMC_CmdGoIdleState
                0x0000000008004408       0x26 ./Drivers/STM32F7xx_HAL_Driver/Src/stm32f7xx_ll_sdmmc.o
                0x0000000008004408                SDMMC_CmdGoIdleState
 .text.SDMMC_CmdOperCond
                0x000000000800442e       0x2e ./Drivers/STM32F7xx_HAL_Driver/Src/stm32f7xx_ll_sdmmc.o
                0x000000000800442e                SDMMC_CmdOperCond
 .text.SDMMC_CmdAppCommand
                0x000000000800445c       0x30 ./Drivers/STM32F7xx_HAL_Driver/Src/stm32f7xx_ll_sdmmc.o
                0x000000000800445c                SDMMC_CmdAppCommand
 .text.SDMMC_CmdAppOperCommand
                0x000000000800448c       0x34 ./Drivers/STM32F7xx_HAL_Driver/Src/stm32f7xx_ll_sdmmc.o
                0x000000000800448c                SDMMC_CmdAppOperCommand
 .text.SDMMC_CmdBusWidth
                0x00000000080044c0       0x30 ./Drivers/STM32F7xx_HAL_Driver/Src/stm32f7xx_ll_sdmmc.o
                0x00000000080044c0                SDMMC_CmdBusWidth
 .text.SDMMC_CmdSendSCR
                0x00000000080044f0       0x30 ./Drivers/STM32F7xx_HAL_Driver/Src/stm32f7xx_ll_sdmmc.o
                0x00000000080044f0                SDMMC_CmdSendSCR
 .text.SDMMC_CmdSendCID
                0x0000000008004520       0x2a ./Drivers/STM32F7xx_HAL_Driver/Src/stm32f7xx_ll_sdmmc.o
                0x0000000008004520                SDMMC_CmdSendCID
 .text.SDMMC_CmdSendCSD
                0x000000000800454a       0x2a ./Drivers/STM32F7xx_HAL_Driver/Src/stm32f7xx_ll_sdmmc.o
                0x000000000800454a                SDMMC_CmdSendCSD
 .text.SDMMC_CmdSetRelAdd
                0x0000000008004574       0x30 ./Drivers/STM32F7xx_HAL_Driver/Src/stm32f7xx_ll_sdmmc.o
                0x0000000008004574                SDMMC_CmdSetRelAdd
 .text.__libc_init_array
                0x00000000080045a4       0x48 c:/st/stm32cubeide_1.5.0/stm32cubeide/plugins/com.st.stm32cube.ide.mcu.externaltools.gnu-tools-for-stm32.9-2020-q2-update.win32_2.0.0.202105311346/tools/bin/../lib/gcc/arm-none-eabi/9.3.1/../../../../arm-none-eabi/lib/thumb/v7e-m+fp/hard\libc_nano.a(lib_a-init.o)
                0x00000000080045a4                __libc_init_array
 .text.memset   0x00000000080045ec       0x10 c:/st/stm32cubeide_1.5.0/stm32cubeide/plugins/com.st.stm32cube.ide.mcu.externaltools.gnu-tools-for-stm32.9-2020-q2-update.win32_2.0.0.202105311346/tools/bin/../lib/gcc/arm-none-eabi/9.3.1/../../../../arm-none-eabi/lib/thumb/v7e-m+fp/hard\libc_nano.a(lib_a-memset.o)
                0x00000000080045ec                memset
 *(.glue_7)
 .glue_7        0x00000000080045fc        0x0 linker stubs
 *(.glue_7t)
 .glue_7t       0x00000000080045fc        0x0 linker stubs
 *(.eh_frame)
 .eh_frame      0x00000000080045fc        0x0 c:/st/stm32cubeide_1.5.0/stm32cubeide/plugins/com.st.stm32cube.ide.mcu.externaltools.gnu-tools-for-stm32.9-2020-q2-update.win32_2.0.0.202105311346/tools/bin/../lib/gcc/arm-none-eabi/9.3.1/thumb/v7e-m+fp/hard/crtbegin.o
 *(.init)
 .init          0x00000000080045fc        0x4 c:/st/stm32cubeide_1.5.0/stm32cubeide/plugins/com.st.stm32cube.ide.mcu.externaltools.gnu-tools-for-stm32.9-2020-q2-update.win32_2.0.0.202105311346/tools/bin/../lib/gcc/arm-none-eabi/9.3.1/thumb/v7e-m+fp/hard/crti.o
                0x00000000080045fc                _init
 .init          0x0000000008004600        0x8 c:/st/stm32cubeide_1.5.0/stm32cubeide/plugins/com.st.stm32cube.ide.mcu.externaltools.gnu-tools-for-stm32.9-2020-q2-update.win32_2.0.0.202105311346/tools/bin/../lib/gcc/arm-none-eabi/9.3.1/thumb/v7e-m+fp/hard/crtn.o
 *(.fini)
 .fini          0x0000000008004608        0x4 c:/st/stm32cubeide_1.5.0/stm32cubeide/plugins/com.st.stm32cube.ide.mcu.externaltools.gnu-tools-for-stm32.9-2020-q2-update.win32_2.0.0.202105311346/tools/bin/../lib/gcc/arm-none-eabi/9.3.1/thumb/v7e-m+fp/hard/crti.o
                0x0000000008004608                _fini
 .fini          0x000000000800460c        0x8 c:/st/stm32cubeide_1.5.0/stm32cubeide/plugins/com.st.stm32cube.ide.mcu.externaltools.gnu-tools-for-stm32.9-2020-q2-update.win32_2.0.0.202105311346/tools/bin/../lib/gcc/arm-none-eabi/9.3.1/thumb/v7e-m+fp/hard/crtn.o
                0x0000000008004614                . = ALIGN (0x4)
                0x0000000008004614                _etext = .

.vfp11_veneer   0x0000000008004614        0x0
 .vfp11_veneer  0x0000000008004614        0x0 linker stubs

.v4_bx          0x0000000008004614        0x0
 .v4_bx         0x0000000008004614        0x0 linker stubs

.iplt           0x0000000008004614        0x0
 .iplt          0x0000000008004614        0x0 c:/st/stm32cubeide_1.5.0/stm32cubeide/plugins/com.st.stm32cube.ide.mcu.externaltools.gnu-tools-for-stm32.9-2020-q2-update.win32_2.0.0.202105311346/tools/bin/../lib/gcc/arm-none-eabi/9.3.1/thumb/v7e-m+fp/hard/crtbegin.o

.rodata         0x0000000008004614       0x18
                0x0000000008004614                . = ALIGN (0x4)
 *(.rodata)
 *(.rodata*)
 .rodata.AHBPrescTable
                0x0000000008004614       0x10 ./Core/Src/system_stm32f7xx.o
                0x0000000008004614                AHBPrescTable
 .rodata.APBPrescTable
                0x0000000008004624        0x8 ./Core/Src/system_stm32f7xx.o
                0x0000000008004624                APBPrescTable
                0x000000000800462c                . = ALIGN (0x4)

.ARM.extab      0x000000000800462c        0x0
                0x000000000800462c                . = ALIGN (0x4)
 *(.ARM.extab* .gnu.linkonce.armextab.*)
                0x000000000800462c                . = ALIGN (0x4)

.ARM            0x000000000800462c        0x8
                0x000000000800462c                . = ALIGN (0x4)
                0x000000000800462c                __exidx_start = .
 *(.ARM.exidx*)
 .ARM.exidx     0x000000000800462c        0x8 c:/st/stm32cubeide_1.5.0/stm32cubeide/plugins/com.st.stm32cube.ide.mcu.externaltools.gnu-tools-for-stm32.9-2020-q2-update.win32_2.0.0.202105311346/tools/bin/../lib/gcc/arm-none-eabi/9.3.1/thumb/v7e-m+fp/hard\libgcc.a(_udivmoddi4.o)
                0x0000000008004634                __exidx_end = .
                0x0000000008004634                . = ALIGN (0x4)

.rel.dyn        0x0000000008004634        0x0
 .rel.iplt      0x0000000008004634        0x0 c:/st/stm32cubeide_1.5.0/stm32cubeide/plugins/com.st.stm32cube.ide.mcu.externaltools.gnu-tools-for-stm32.9-2020-q2-update.win32_2.0.0.202105311346/tools/bin/../lib/gcc/arm-none-eabi/9.3.1/thumb/v7e-m+fp/hard/crtbegin.o

.preinit_array  0x0000000008004634        0x0
                0x0000000008004634                . = ALIGN (0x4)
                0x0000000008004634                PROVIDE (__preinit_array_start = .)
 *(.preinit_array*)
                0x0000000008004634                PROVIDE (__preinit_array_end = .)
                0x0000000008004634                . = ALIGN (0x4)

.init_array     0x0000000008004634        0x4
                0x0000000008004634                . = ALIGN (0x4)
                0x0000000008004634                PROVIDE (__init_array_start = .)
 *(SORT_BY_NAME(.init_array.*))
 *(.init_array*)
 .init_array    0x0000000008004634        0x4 c:/st/stm32cubeide_1.5.0/stm32cubeide/plugins/com.st.stm32cube.ide.mcu.externaltools.gnu-tools-for-stm32.9-2020-q2-update.win32_2.0.0.202105311346/tools/bin/../lib/gcc/arm-none-eabi/9.3.1/thumb/v7e-m+fp/hard/crtbegin.o
                0x0000000008004638                PROVIDE (__init_array_end = .)
                0x0000000008004638                . = ALIGN (0x4)

.fini_array     0x0000000008004638        0x4
                0x0000000008004638                . = ALIGN (0x4)
                [!provide]                        PROVIDE (__fini_array_start = .)
 *(SORT_BY_NAME(.fini_array.*))
 *(.fini_array*)
 .fini_array    0x0000000008004638        0x4 c:/st/stm32cubeide_1.5.0/stm32cubeide/plugins/com.st.stm32cube.ide.mcu.externaltools.gnu-tools-for-stm32.9-2020-q2-update.win32_2.0.0.202105311346/tools/bin/../lib/gcc/arm-none-eabi/9.3.1/thumb/v7e-m+fp/hard/crtbegin.o
                [!provide]                        PROVIDE (__fini_array_end = .)
                0x000000000800463c                . = ALIGN (0x4)
                0x000000000800463c                _sidata = LOADADDR (.data)

.data           0x0000000020000000        0xc load address 0x000000000800463c
                0x0000000020000000                . = ALIGN (0x4)
                0x0000000020000000                _sdata = .
 *(.data)
 *(.data*)
 .data.SystemCoreClock
                0x0000000020000000        0x4 ./Core/Src/system_stm32f7xx.o
                0x0000000020000000                SystemCoreClock
 .data.uwTickFreq
                0x0000000020000004        0x1 ./Drivers/STM32F7xx_HAL_Driver/Src/stm32f7xx_hal.o
                0x0000000020000004                uwTickFreq
 *fill*         0x0000000020000005        0x3 
 .data.uwTickPrio
                0x0000000020000008        0x4 ./Drivers/STM32F7xx_HAL_Driver/Src/stm32f7xx_hal.o
                0x0000000020000008                uwTickPrio
 *(.RamFunc)
 *(.RamFunc*)
                0x000000002000000c                . = ALIGN (0x4)
                0x000000002000000c                _edata = .

.igot.plt       0x000000002000000c        0x0 load address 0x0000000008004648
 .igot.plt      0x000000002000000c        0x0 c:/st/stm32cubeide_1.5.0/stm32cubeide/plugins/com.st.stm32cube.ide.mcu.externaltools.gnu-tools-for-stm32.9-2020-q2-update.win32_2.0.0.202105311346/tools/bin/../lib/gcc/arm-none-eabi/9.3.1/thumb/v7e-m+fp/hard/crtbegin.o
                0x000000002000000c                . = ALIGN (0x4)

.bss            0x000000002000000c    0x3feac load address 0x0000000008004648
                0x000000002000000c                _sbss = .
                0x000000002000000c                __bss_start__ = _sbss
 *(.bss)
 .bss           0x000000002000000c       0x1c c:/st/stm32cubeide_1.5.0/stm32cubeide/plugins/com.st.stm32cube.ide.mcu.externaltools.gnu-tools-for-stm32.9-2020-q2-update.win32_2.0.0.202105311346/tools/bin/../lib/gcc/arm-none-eabi/9.3.1/thumb/v7e-m+fp/hard/crtbegin.o
 *(.bss*)
 .bss.Height    0x0000000020000028        0x4 ./Core/SimpleGraphics/Graphics_IO.o
                0x0000000020000028                Height
 .bss.LCD_FRAME_BUFFER0
                0x000000002000002c        0x4 ./Core/SimpleGraphics/Graphics_IO.o
                0x000000002000002c                LCD_FRAME_BUFFER0
 .bss.LCD_FRAME_BUFFER1
                0x0000000020000030        0x4 ./Core/SimpleGraphics/Graphics_IO.o
                0x0000000020000030                LCD_FRAME_BUFFER1
 .bss.LCD_FRAME_BUFFER2
                0x0000000020000034        0x4 ./Core/SimpleGraphics/Graphics_IO.o
                0x0000000020000034                LCD_FRAME_BUFFER2
 .bss.Width     0x0000000020000038        0x4 ./Core/SimpleGraphics/Graphics_IO.o
                0x0000000020000038                Width
 .bss.ColorType
                0x000000002000003c        0x1 ./Core/SimpleGraphics/SimpleGraphics.o
                0x000000002000003c                ColorType
 *fill*         0x000000002000003d        0x3 
 .bss.DispHeight
                0x0000000020000040        0x4 ./Core/SimpleGraphics/SimpleGraphics.o
                0x0000000020000040                DispHeight
 .bss.DispWidth
                0x0000000020000044        0x4 ./Core/SimpleGraphics/SimpleGraphics.o
                0x0000000020000044                DispWidth
 .bss.FMC_Initialized
                0x0000000020000048        0x4 ./Core/Src/stm32f7xx_hal_msp.o
 *(COMMON)
 COMMON         0x000000002000004c    0x3fc10 ./Core/Src/Code.o
                0x000000002000004c                ds
                0x000000002000005c                RGB
 COMMON         0x000000002003fc5c      0x20c ./Core/Src/main.o
                0x000000002003fc5c                hi2c3
                0x000000002003fca8                hsd1
                0x000000002003fd2c                hltdc
                0x000000002003fdd4                hrtc
                0x000000002003fdf4                hdma2d
                0x000000002003fe34                hsdram1
 COMMON         0x000000002003fe68       0x4c ./Core/Src/stm32f7xx_hal_timebase_tim.o
                0x000000002003fe68                htim6
 COMMON         0x000000002003feb4        0x4 ./Drivers/STM32F7xx_HAL_Driver/Src/stm32f7xx_hal.o
                0x000000002003feb4                uwTick
                0x000000002003feb8                . = ALIGN (0x4)
                0x000000002003feb8                _ebss = .
                0x000000002003feb8                __bss_end__ = _ebss

._user_heap_stack
                0x000000002003feb8      0x600 load address 0x0000000008004648
                0x000000002003feb8                . = ALIGN (0x8)
                [!provide]                        PROVIDE (end = .)
                [!provide]                        PROVIDE (_end = .)
                0x00000000200400b8                . = (. + _Min_Heap_Size)
 *fill*         0x000000002003feb8      0x200 
                0x00000000200404b8                . = (. + _Min_Stack_Size)
 *fill*         0x00000000200400b8      0x400 
                0x00000000200404b8                . = ALIGN (0x8)

/DISCARD/
 libc.a(*)
 libm.a(*)
 libgcc.a(*)

.ARM.attributes
                0x0000000000000000       0x30
 *(.ARM.attributes)
 .ARM.attributes
                0x0000000000000000       0x1e c:/st/stm32cubeide_1.5.0/stm32cubeide/plugins/com.st.stm32cube.ide.mcu.externaltools.gnu-tools-for-stm32.9-2020-q2-update.win32_2.0.0.202105311346/tools/bin/../lib/gcc/arm-none-eabi/9.3.1/thumb/v7e-m+fp/hard/crti.o
 .ARM.attributes
                0x000000000000001e       0x34 c:/st/stm32cubeide_1.5.0/stm32cubeide/plugins/com.st.stm32cube.ide.mcu.externaltools.gnu-tools-for-stm32.9-2020-q2-update.win32_2.0.0.202105311346/tools/bin/../lib/gcc/arm-none-eabi/9.3.1/thumb/v7e-m+fp/hard/crtbegin.o
 .ARM.attributes
                0x0000000000000052       0x34 ./Core/SimpleGraphics/Graphics_IO.o
 .ARM.attributes
                0x0000000000000086       0x34 ./Core/SimpleGraphics/SimpleGraphics.o
 .ARM.attributes
                0x00000000000000ba       0x34 ./Core/Src/Code.o
 .ARM.attributes
                0x00000000000000ee       0x34 ./Core/Src/main.o
 .ARM.attributes
                0x0000000000000122       0x34 ./Core/Src/stm32f7xx_hal_msp.o
 .ARM.attributes
                0x0000000000000156       0x34 ./Core/Src/stm32f7xx_hal_timebase_tim.o
 .ARM.attributes
                0x000000000000018a       0x34 ./Core/Src/stm32f7xx_it.o
 .ARM.attributes
                0x00000000000001be       0x34 ./Core/Src/system_stm32f7xx.o
 .ARM.attributes
                0x00000000000001f2       0x21 ./Core/Startup/startup_stm32f746nghx.o
 .ARM.attributes
                0x0000000000000213       0x34 ./Drivers/STM32F7xx_HAL_Driver/Src/stm32f7xx_hal.o
 .ARM.attributes
                0x0000000000000247       0x34 ./Drivers/STM32F7xx_HAL_Driver/Src/stm32f7xx_hal_cortex.o
 .ARM.attributes
                0x000000000000027b       0x34 ./Drivers/STM32F7xx_HAL_Driver/Src/stm32f7xx_hal_dma2d.o
 .ARM.attributes
                0x00000000000002af       0x34 ./Drivers/STM32F7xx_HAL_Driver/Src/stm32f7xx_hal_gpio.o
 .ARM.attributes
                0x00000000000002e3       0x34 ./Drivers/STM32F7xx_HAL_Driver/Src/stm32f7xx_hal_i2c.o
 .ARM.attributes
                0x0000000000000317       0x34 ./Drivers/STM32F7xx_HAL_Driver/Src/stm32f7xx_hal_i2c_ex.o
 .ARM.attributes
                0x000000000000034b       0x34 ./Drivers/STM32F7xx_HAL_Driver/Src/stm32f7xx_hal_ltdc.o
 .ARM.attributes
                0x000000000000037f       0x34 ./Drivers/STM32F7xx_HAL_Driver/Src/stm32f7xx_hal_pwr.o
 .ARM.attributes
                0x00000000000003b3       0x34 ./Drivers/STM32F7xx_HAL_Driver/Src/stm32f7xx_hal_pwr_ex.o
 .ARM.attributes
                0x00000000000003e7       0x34 ./Drivers/STM32F7xx_HAL_Driver/Src/stm32f7xx_hal_rcc.o
 .ARM.attributes
                0x000000000000041b       0x34 ./Drivers/STM32F7xx_HAL_Driver/Src/stm32f7xx_hal_rcc_ex.o
 .ARM.attributes
                0x000000000000044f       0x34 ./Drivers/STM32F7xx_HAL_Driver/Src/stm32f7xx_hal_rtc.o
 .ARM.attributes
                0x0000000000000483       0x34 ./Drivers/STM32F7xx_HAL_Driver/Src/stm32f7xx_hal_rtc_ex.o
 .ARM.attributes
                0x00000000000004b7       0x34 ./Drivers/STM32F7xx_HAL_Driver/Src/stm32f7xx_hal_sd.o
 .ARM.attributes
                0x00000000000004eb       0x34 ./Drivers/STM32F7xx_HAL_Driver/Src/stm32f7xx_hal_sdram.o
 .ARM.attributes
                0x000000000000051f       0x34 ./Drivers/STM32F7xx_HAL_Driver/Src/stm32f7xx_hal_tim.o
 .ARM.attributes
                0x0000000000000553       0x34 ./Drivers/STM32F7xx_HAL_Driver/Src/stm32f7xx_hal_tim_ex.o
 .ARM.attributes
                0x0000000000000587       0x34 ./Drivers/STM32F7xx_HAL_Driver/Src/stm32f7xx_ll_fmc.o
 .ARM.attributes
                0x00000000000005bb       0x34 ./Drivers/STM32F7xx_HAL_Driver/Src/stm32f7xx_ll_sdmmc.o
 .ARM.attributes
                0x00000000000005ef       0x34 c:/st/stm32cubeide_1.5.0/stm32cubeide/plugins/com.st.stm32cube.ide.mcu.externaltools.gnu-tools-for-stm32.9-2020-q2-update.win32_2.0.0.202105311346/tools/bin/../lib/gcc/arm-none-eabi/9.3.1/../../../../arm-none-eabi/lib/thumb/v7e-m+fp/hard\libc_nano.a(lib_a-init.o)
 .ARM.attributes
                0x0000000000000623       0x34 c:/st/stm32cubeide_1.5.0/stm32cubeide/plugins/com.st.stm32cube.ide.mcu.externaltools.gnu-tools-for-stm32.9-2020-q2-update.win32_2.0.0.202105311346/tools/bin/../lib/gcc/arm-none-eabi/9.3.1/../../../../arm-none-eabi/lib/thumb/v7e-m+fp/hard\libc_nano.a(lib_a-memset.o)
 .ARM.attributes
                0x0000000000000657       0x1e c:/st/stm32cubeide_1.5.0/stm32cubeide/plugins/com.st.stm32cube.ide.mcu.externaltools.gnu-tools-for-stm32.9-2020-q2-update.win32_2.0.0.202105311346/tools/bin/../lib/gcc/arm-none-eabi/9.3.1/thumb/v7e-m+fp/hard\libgcc.a(_aeabi_uldivmod.o)
 .ARM.attributes
                0x0000000000000675       0x34 c:/st/stm32cubeide_1.5.0/stm32cubeide/plugins/com.st.stm32cube.ide.mcu.externaltools.gnu-tools-for-stm32.9-2020-q2-update.win32_2.0.0.202105311346/tools/bin/../lib/gcc/arm-none-eabi/9.3.1/thumb/v7e-m+fp/hard\libgcc.a(_udivmoddi4.o)
 .ARM.attributes
                0x00000000000006a9       0x1e c:/st/stm32cubeide_1.5.0/stm32cubeide/plugins/com.st.stm32cube.ide.mcu.externaltools.gnu-tools-for-stm32.9-2020-q2-update.win32_2.0.0.202105311346/tools/bin/../lib/gcc/arm-none-eabi/9.3.1/thumb/v7e-m+fp/hard\libgcc.a(_dvmd_tls.o)
 .ARM.attributes
                0x00000000000006c7       0x1e c:/st/stm32cubeide_1.5.0/stm32cubeide/plugins/com.st.stm32cube.ide.mcu.externaltools.gnu-tools-for-stm32.9-2020-q2-update.win32_2.0.0.202105311346/tools/bin/../lib/gcc/arm-none-eabi/9.3.1/thumb/v7e-m+fp/hard/crtn.o
OUTPUT(SimpleGraphics.elf elf32-littlearm)
LOAD linker stubs
LOAD c:/st/stm32cubeide_1.5.0/stm32cubeide/plugins/com.st.stm32cube.ide.mcu.externaltools.gnu-tools-for-stm32.9-2020-q2-update.win32_2.0.0.202105311346/tools/bin/../lib/gcc/arm-none-eabi/9.3.1/../../../../arm-none-eabi/lib/thumb/v7e-m+fp/hard\libc.a
LOAD c:/st/stm32cubeide_1.5.0/stm32cubeide/plugins/com.st.stm32cube.ide.mcu.externaltools.gnu-tools-for-stm32.9-2020-q2-update.win32_2.0.0.202105311346/tools/bin/../lib/gcc/arm-none-eabi/9.3.1/../../../../arm-none-eabi/lib/thumb/v7e-m+fp/hard\libm.a
LOAD c:/st/stm32cubeide_1.5.0/stm32cubeide/plugins/com.st.stm32cube.ide.mcu.externaltools.gnu-tools-for-stm32.9-2020-q2-update.win32_2.0.0.202105311346/tools/bin/../lib/gcc/arm-none-eabi/9.3.1/thumb/v7e-m+fp/hard\libgcc.a

.debug_info     0x0000000000000000    0x24289
 .debug_info    0x0000000000000000      0xcea ./Core/SimpleGraphics/Graphics_IO.o
 .debug_info    0x0000000000000cea      0x53e ./Core/SimpleGraphics/SimpleGraphics.o
 .debug_info    0x0000000000001228      0x810 ./Core/Src/Code.o
 .debug_info    0x0000000000001a38     0x375c ./Core/Src/main.o
 .debug_info    0x0000000000005194     0x24ad ./Core/Src/stm32f7xx_hal_msp.o
 .debug_info    0x0000000000007641      0xe27 ./Core/Src/stm32f7xx_hal_timebase_tim.o
 .debug_info    0x0000000000008468      0xf7a ./Core/Src/stm32f7xx_it.o
 .debug_info    0x00000000000093e2      0x7c6 ./Core/Src/system_stm32f7xx.o
 .debug_info    0x0000000000009ba8       0x22 ./Core/Startup/startup_stm32f746nghx.o
 .debug_info    0x0000000000009bca      0xb85 ./Drivers/STM32F7xx_HAL_Driver/Src/stm32f7xx_hal.o
 .debug_info    0x000000000000a74f     0x1397 ./Drivers/STM32F7xx_HAL_Driver/Src/stm32f7xx_hal_cortex.o
 .debug_info    0x000000000000bae6     0x13cc ./Drivers/STM32F7xx_HAL_Driver/Src/stm32f7xx_hal_dma2d.o
 .debug_info    0x000000000000ceb2      0x8b2 ./Drivers/STM32F7xx_HAL_Driver/Src/stm32f7xx_hal_gpio.o
 .debug_info    0x000000000000d764     0x409f ./Drivers/STM32F7xx_HAL_Driver/Src/stm32f7xx_hal_i2c.o
 .debug_info    0x0000000000011803      0xaa5 ./Drivers/STM32F7xx_HAL_Driver/Src/stm32f7xx_hal_i2c_ex.o
 .debug_info    0x00000000000122a8     0x1616 ./Drivers/STM32F7xx_HAL_Driver/Src/stm32f7xx_hal_ltdc.o
 .debug_info    0x00000000000138be      0xa72 ./Drivers/STM32F7xx_HAL_Driver/Src/stm32f7xx_hal_pwr.o
 .debug_info    0x0000000000014330      0xafc ./Drivers/STM32F7xx_HAL_Driver/Src/stm32f7xx_hal_pwr_ex.o
 .debug_info    0x0000000000014e2c      0xc15 ./Drivers/STM32F7xx_HAL_Driver/Src/stm32f7xx_hal_rcc.o
 .debug_info    0x0000000000015a41      0x971 ./Drivers/STM32F7xx_HAL_Driver/Src/stm32f7xx_hal_rcc_ex.o
 .debug_info    0x00000000000163b2     0x1181 ./Drivers/STM32F7xx_HAL_Driver/Src/stm32f7xx_hal_rtc.o
 .debug_info    0x0000000000017533     0x13f2 ./Drivers/STM32F7xx_HAL_Driver/Src/stm32f7xx_hal_rtc_ex.o
 .debug_info    0x0000000000018925     0x26e6 ./Drivers/STM32F7xx_HAL_Driver/Src/stm32f7xx_hal_sd.o
 .debug_info    0x000000000001b00b      0xff4 ./Drivers/STM32F7xx_HAL_Driver/Src/stm32f7xx_hal_sdram.o
 .debug_info    0x000000000001bfff     0x3dba ./Drivers/STM32F7xx_HAL_Driver/Src/stm32f7xx_hal_tim.o
 .debug_info    0x000000000001fdb9     0x1c1e ./Drivers/STM32F7xx_HAL_Driver/Src/stm32f7xx_hal_tim_ex.o
 .debug_info    0x00000000000219d7      0xe83 ./Drivers/STM32F7xx_HAL_Driver/Src/stm32f7xx_ll_fmc.o
 .debug_info    0x000000000002285a     0x1a2f ./Drivers/STM32F7xx_HAL_Driver/Src/stm32f7xx_ll_sdmmc.o

.debug_abbrev   0x0000000000000000     0x3caf
 .debug_abbrev  0x0000000000000000      0x277 ./Core/SimpleGraphics/Graphics_IO.o
 .debug_abbrev  0x0000000000000277      0x1ca ./Core/SimpleGraphics/SimpleGraphics.o
 .debug_abbrev  0x0000000000000441      0x198 ./Core/Src/Code.o
 .debug_abbrev  0x00000000000005d9      0x340 ./Core/Src/main.o
 .debug_abbrev  0x0000000000000919      0x29e ./Core/Src/stm32f7xx_hal_msp.o
 .debug_abbrev  0x0000000000000bb7      0x21c ./Core/Src/stm32f7xx_hal_timebase_tim.o
 .debug_abbrev  0x0000000000000dd3      0x1c7 ./Core/Src/stm32f7xx_it.o
 .debug_abbrev  0x0000000000000f9a      0x16b ./Core/Src/system_stm32f7xx.o
 .debug_abbrev  0x0000000000001105       0x12 ./Core/Startup/startup_stm32f746nghx.o
 .debug_abbrev  0x0000000000001117      0x21c ./Drivers/STM32F7xx_HAL_Driver/Src/stm32f7xx_hal.o
 .debug_abbrev  0x0000000000001333      0x393 ./Drivers/STM32F7xx_HAL_Driver/Src/stm32f7xx_hal_cortex.o
 .debug_abbrev  0x00000000000016c6      0x282 ./Drivers/STM32F7xx_HAL_Driver/Src/stm32f7xx_hal_dma2d.o
 .debug_abbrev  0x0000000000001948      0x21f ./Drivers/STM32F7xx_HAL_Driver/Src/stm32f7xx_hal_gpio.o
 .debug_abbrev  0x0000000000001b67      0x2a7 ./Drivers/STM32F7xx_HAL_Driver/Src/stm32f7xx_hal_i2c.o
 .debug_abbrev  0x0000000000001e0e      0x1e3 ./Drivers/STM32F7xx_HAL_Driver/Src/stm32f7xx_hal_i2c_ex.o
 .debug_abbrev  0x0000000000001ff1      0x249 ./Drivers/STM32F7xx_HAL_Driver/Src/stm32f7xx_hal_ltdc.o
 .debug_abbrev  0x000000000000223a      0x1eb ./Drivers/STM32F7xx_HAL_Driver/Src/stm32f7xx_hal_pwr.o
 .debug_abbrev  0x0000000000002425      0x1ef ./Drivers/STM32F7xx_HAL_Driver/Src/stm32f7xx_hal_pwr_ex.o
 .debug_abbrev  0x0000000000002614      0x278 ./Drivers/STM32F7xx_HAL_Driver/Src/stm32f7xx_hal_rcc.o
 .debug_abbrev  0x000000000000288c      0x203 ./Drivers/STM32F7xx_HAL_Driver/Src/stm32f7xx_hal_rcc_ex.o
 .debug_abbrev  0x0000000000002a8f      0x22f ./Drivers/STM32F7xx_HAL_Driver/Src/stm32f7xx_hal_rtc.o
 .debug_abbrev  0x0000000000002cbe      0x243 ./Drivers/STM32F7xx_HAL_Driver/Src/stm32f7xx_hal_rtc_ex.o
 .debug_abbrev  0x0000000000002f01      0x2a2 ./Drivers/STM32F7xx_HAL_Driver/Src/stm32f7xx_hal_sd.o
 .debug_abbrev  0x00000000000031a3      0x257 ./Drivers/STM32F7xx_HAL_Driver/Src/stm32f7xx_hal_sdram.o
 .debug_abbrev  0x00000000000033fa      0x25b ./Drivers/STM32F7xx_HAL_Driver/Src/stm32f7xx_hal_tim.o
 .debug_abbrev  0x0000000000003655      0x271 ./Drivers/STM32F7xx_HAL_Driver/Src/stm32f7xx_hal_tim_ex.o
 .debug_abbrev  0x00000000000038c6      0x1bc ./Drivers/STM32F7xx_HAL_Driver/Src/stm32f7xx_ll_fmc.o
 .debug_abbrev  0x0000000000003a82      0x22d ./Drivers/STM32F7xx_HAL_Driver/Src/stm32f7xx_ll_sdmmc.o

.debug_loc      0x0000000000000000    0x169b7
 .debug_loc     0x0000000000000000      0x286 ./Core/SimpleGraphics/Graphics_IO.o
 .debug_loc     0x0000000000000286      0x364 ./Core/SimpleGraphics/SimpleGraphics.o
 .debug_loc     0x00000000000005ea       0xc4 ./Core/Src/main.o
 .debug_loc     0x00000000000006ae      0x220 ./Core/Src/stm32f7xx_hal_msp.o
 .debug_loc     0x00000000000008ce       0x89 ./Core/Src/stm32f7xx_hal_timebase_tim.o
 .debug_loc     0x0000000000000957      0x16c ./Core/Src/system_stm32f7xx.o
 .debug_loc     0x0000000000000ac3      0x141 ./Drivers/STM32F7xx_HAL_Driver/Src/stm32f7xx_hal.o
 .debug_loc     0x0000000000000c04      0x734 ./Drivers/STM32F7xx_HAL_Driver/Src/stm32f7xx_hal_cortex.o
 .debug_loc     0x0000000000001338     0x127e ./Drivers/STM32F7xx_HAL_Driver/Src/stm32f7xx_hal_dma2d.o
 .debug_loc     0x00000000000025b6      0x514 ./Drivers/STM32F7xx_HAL_Driver/Src/stm32f7xx_hal_gpio.o
 .debug_loc     0x0000000000002aca     0x44e5 ./Drivers/STM32F7xx_HAL_Driver/Src/stm32f7xx_hal_i2c.o
 .debug_loc     0x0000000000006faf      0x144 ./Drivers/STM32F7xx_HAL_Driver/Src/stm32f7xx_hal_i2c_ex.o
 .debug_loc     0x00000000000070f3     0x17f9 ./Drivers/STM32F7xx_HAL_Driver/Src/stm32f7xx_hal_ltdc.o
 .debug_loc     0x00000000000088ec       0x59 ./Drivers/STM32F7xx_HAL_Driver/Src/stm32f7xx_hal_pwr.o
 .debug_loc     0x0000000000008945      0x286 ./Drivers/STM32F7xx_HAL_Driver/Src/stm32f7xx_hal_pwr_ex.o
 .debug_loc     0x0000000000008bcb      0x64b ./Drivers/STM32F7xx_HAL_Driver/Src/stm32f7xx_hal_rcc.o
 .debug_loc     0x0000000000009216      0x81e ./Drivers/STM32F7xx_HAL_Driver/Src/stm32f7xx_hal_rcc_ex.o
 .debug_loc     0x0000000000009a34      0xd14 ./Drivers/STM32F7xx_HAL_Driver/Src/stm32f7xx_hal_rtc.o
 .debug_loc     0x000000000000a748     0x10c5 ./Drivers/STM32F7xx_HAL_Driver/Src/stm32f7xx_hal_rtc_ex.o
 .debug_loc     0x000000000000b80d     0x219b ./Drivers/STM32F7xx_HAL_Driver/Src/stm32f7xx_hal_sd.o
 .debug_loc     0x000000000000d9a8      0xc5c ./Drivers/STM32F7xx_HAL_Driver/Src/stm32f7xx_hal_sdram.o
 .debug_loc     0x000000000000e604     0x4b10 ./Drivers/STM32F7xx_HAL_Driver/Src/stm32f7xx_hal_tim.o
 .debug_loc     0x0000000000013114     0x1e25 ./Drivers/STM32F7xx_HAL_Driver/Src/stm32f7xx_hal_tim_ex.o
 .debug_loc     0x0000000000014f39      0x99a ./Drivers/STM32F7xx_HAL_Driver/Src/stm32f7xx_ll_fmc.o
 .debug_loc     0x00000000000158d3     0x10e4 ./Drivers/STM32F7xx_HAL_Driver/Src/stm32f7xx_ll_sdmmc.o

.debug_aranges  0x0000000000000000     0x17f0
 .debug_aranges
                0x0000000000000000       0x48 ./Core/SimpleGraphics/Graphics_IO.o
 .debug_aranges
                0x0000000000000048       0x60 ./Core/SimpleGraphics/SimpleGraphics.o
 .debug_aranges
                0x00000000000000a8       0x20 ./Core/Src/Code.o
 .debug_aranges
                0x00000000000000c8       0x78 ./Core/Src/main.o
 .debug_aranges
                0x0000000000000140       0x90 ./Core/Src/stm32f7xx_hal_msp.o
 .debug_aranges
                0x00000000000001d0       0x30 ./Core/Src/stm32f7xx_hal_timebase_tim.o
 .debug_aranges
                0x0000000000000200       0x78 ./Core/Src/stm32f7xx_it.o
 .debug_aranges
                0x0000000000000278       0x28 ./Core/Src/system_stm32f7xx.o
 .debug_aranges
                0x00000000000002a0       0x28 ./Core/Startup/startup_stm32f746nghx.o
 .debug_aranges
                0x00000000000002c8      0x100 ./Drivers/STM32F7xx_HAL_Driver/Src/stm32f7xx_hal.o
 .debug_aranges
                0x00000000000003c8       0xa8 ./Drivers/STM32F7xx_HAL_Driver/Src/stm32f7xx_hal_cortex.o
 .debug_aranges
                0x0000000000000470      0x118 ./Drivers/STM32F7xx_HAL_Driver/Src/stm32f7xx_hal_dma2d.o
 .debug_aranges
                0x0000000000000588       0x58 ./Drivers/STM32F7xx_HAL_Driver/Src/stm32f7xx_hal_gpio.o
 .debug_aranges
                0x00000000000005e0      0x290 ./Drivers/STM32F7xx_HAL_Driver/Src/stm32f7xx_hal_i2c.o
 .debug_aranges
                0x0000000000000870       0x38 ./Drivers/STM32F7xx_HAL_Driver/Src/stm32f7xx_hal_i2c_ex.o
 .debug_aranges
                0x00000000000008a8      0x158 ./Drivers/STM32F7xx_HAL_Driver/Src/stm32f7xx_hal_ltdc.o
 .debug_aranges
                0x0000000000000a00       0xa0 ./Drivers/STM32F7xx_HAL_Driver/Src/stm32f7xx_hal_pwr.o
 .debug_aranges
                0x0000000000000aa0       0x80 ./Drivers/STM32F7xx_HAL_Driver/Src/stm32f7xx_hal_pwr_ex.o
 .debug_aranges
                0x0000000000000b20       0x88 ./Drivers/STM32F7xx_HAL_Driver/Src/stm32f7xx_hal_rcc.o
 .debug_aranges
                0x0000000000000ba8       0x50 ./Drivers/STM32F7xx_HAL_Driver/Src/stm32f7xx_hal_rcc_ex.o
 .debug_aranges
                0x0000000000000bf8       0xe0 ./Drivers/STM32F7xx_HAL_Driver/Src/stm32f7xx_hal_rtc.o
 .debug_aranges
                0x0000000000000cd8      0x140 ./Drivers/STM32F7xx_HAL_Driver/Src/stm32f7xx_hal_rtc_ex.o
 .debug_aranges
                0x0000000000000e18      0x168 ./Drivers/STM32F7xx_HAL_Driver/Src/stm32f7xx_hal_sd.o
 .debug_aranges
                0x0000000000000f80       0xd0 ./Drivers/STM32F7xx_HAL_Driver/Src/stm32f7xx_hal_sdram.o
 .debug_aranges
                0x0000000000001050      0x3e0 ./Drivers/STM32F7xx_HAL_Driver/Src/stm32f7xx_hal_tim.o
 .debug_aranges
                0x0000000000001430      0x178 ./Drivers/STM32F7xx_HAL_Driver/Src/stm32f7xx_hal_tim_ex.o
 .debug_aranges
                0x00000000000015a8       0xc8 ./Drivers/STM32F7xx_HAL_Driver/Src/stm32f7xx_ll_fmc.o
 .debug_aranges
                0x0000000000001670      0x180 ./Drivers/STM32F7xx_HAL_Driver/Src/stm32f7xx_ll_sdmmc.o

.debug_ranges   0x0000000000000000     0x16b0
 .debug_ranges  0x0000000000000000       0x50 ./Core/SimpleGraphics/Graphics_IO.o
 .debug_ranges  0x0000000000000050       0x50 ./Core/SimpleGraphics/SimpleGraphics.o
 .debug_ranges  0x00000000000000a0       0x10 ./Core/Src/Code.o
 .debug_ranges  0x00000000000000b0       0x68 ./Core/Src/main.o
 .debug_ranges  0x0000000000000118       0x80 ./Core/Src/stm32f7xx_hal_msp.o
 .debug_ranges  0x0000000000000198       0x20 ./Core/Src/stm32f7xx_hal_timebase_tim.o
 .debug_ranges  0x00000000000001b8       0x68 ./Core/Src/stm32f7xx_it.o
 .debug_ranges  0x0000000000000220       0x18 ./Core/Src/system_stm32f7xx.o
 .debug_ranges  0x0000000000000238       0x20 ./Core/Startup/startup_stm32f746nghx.o
 .debug_ranges  0x0000000000000258       0xf0 ./Drivers/STM32F7xx_HAL_Driver/Src/stm32f7xx_hal.o
 .debug_ranges  0x0000000000000348       0xf8 ./Drivers/STM32F7xx_HAL_Driver/Src/stm32f7xx_hal_cortex.o
 .debug_ranges  0x0000000000000440      0x108 ./Drivers/STM32F7xx_HAL_Driver/Src/stm32f7xx_hal_dma2d.o
 .debug_ranges  0x0000000000000548       0x48 ./Drivers/STM32F7xx_HAL_Driver/Src/stm32f7xx_hal_gpio.o
 .debug_ranges  0x0000000000000590      0x280 ./Drivers/STM32F7xx_HAL_Driver/Src/stm32f7xx_hal_i2c.o
 .debug_ranges  0x0000000000000810       0x28 ./Drivers/STM32F7xx_HAL_Driver/Src/stm32f7xx_hal_i2c_ex.o
 .debug_ranges  0x0000000000000838      0x148 ./Drivers/STM32F7xx_HAL_Driver/Src/stm32f7xx_hal_ltdc.o
 .debug_ranges  0x0000000000000980       0x90 ./Drivers/STM32F7xx_HAL_Driver/Src/stm32f7xx_hal_pwr.o
 .debug_ranges  0x0000000000000a10       0x70 ./Drivers/STM32F7xx_HAL_Driver/Src/stm32f7xx_hal_pwr_ex.o
 .debug_ranges  0x0000000000000a80       0x78 ./Drivers/STM32F7xx_HAL_Driver/Src/stm32f7xx_hal_rcc.o
 .debug_ranges  0x0000000000000af8       0x40 ./Drivers/STM32F7xx_HAL_Driver/Src/stm32f7xx_hal_rcc_ex.o
 .debug_ranges  0x0000000000000b38       0xd0 ./Drivers/STM32F7xx_HAL_Driver/Src/stm32f7xx_hal_rtc.o
 .debug_ranges  0x0000000000000c08      0x130 ./Drivers/STM32F7xx_HAL_Driver/Src/stm32f7xx_hal_rtc_ex.o
 .debug_ranges  0x0000000000000d38      0x158 ./Drivers/STM32F7xx_HAL_Driver/Src/stm32f7xx_hal_sd.o
 .debug_ranges  0x0000000000000e90       0xc0 ./Drivers/STM32F7xx_HAL_Driver/Src/stm32f7xx_hal_sdram.o
 .debug_ranges  0x0000000000000f50      0x3d0 ./Drivers/STM32F7xx_HAL_Driver/Src/stm32f7xx_hal_tim.o
 .debug_ranges  0x0000000000001320      0x168 ./Drivers/STM32F7xx_HAL_Driver/Src/stm32f7xx_hal_tim_ex.o
 .debug_ranges  0x0000000000001488       0xb8 ./Drivers/STM32F7xx_HAL_Driver/Src/stm32f7xx_ll_fmc.o
 .debug_ranges  0x0000000000001540      0x170 ./Drivers/STM32F7xx_HAL_Driver/Src/stm32f7xx_ll_sdmmc.o

.debug_macro    0x0000000000000000    0x28a43
 .debug_macro   0x0000000000000000      0x26e ./Core/SimpleGraphics/Graphics_IO.o
 .debug_macro   0x000000000000026e      0x304 ./Core/SimpleGraphics/Graphics_IO.o
 .debug_macro   0x0000000000000572      0x2ab ./Core/SimpleGraphics/Graphics_IO.o
 .debug_macro   0x000000000000081d       0x2e ./Core/SimpleGraphics/Graphics_IO.o
 .debug_macro   0x000000000000084b       0x3b ./Core/SimpleGraphics/Graphics_IO.o
 .debug_macro   0x0000000000000886       0x22 ./Core/SimpleGraphics/Graphics_IO.o
 .debug_macro   0x00000000000008a8       0x8e ./Core/SimpleGraphics/Graphics_IO.o
 .debug_macro   0x0000000000000936       0x51 ./Core/SimpleGraphics/Graphics_IO.o
 .debug_macro   0x0000000000000987      0x103 ./Core/SimpleGraphics/Graphics_IO.o
 .debug_macro   0x0000000000000a8a       0x6a ./Core/SimpleGraphics/Graphics_IO.o
 .debug_macro   0x0000000000000af4      0x1df ./Core/SimpleGraphics/Graphics_IO.o
 .debug_macro   0x0000000000000cd3       0x1c ./Core/SimpleGraphics/Graphics_IO.o
 .debug_macro   0x0000000000000cef       0x22 ./Core/SimpleGraphics/Graphics_IO.o
 .debug_macro   0x0000000000000d11       0xdf ./Core/SimpleGraphics/Graphics_IO.o
 .debug_macro   0x0000000000000df0     0x12cd ./Core/SimpleGraphics/Graphics_IO.o
 .debug_macro   0x00000000000020bd      0x11f ./Core/SimpleGraphics/Graphics_IO.o
 .debug_macro   0x00000000000021dc       0x19 ./Core/SimpleGraphics/Graphics_IO.o
 .debug_macro   0x00000000000021f5    0x191cb ./Core/SimpleGraphics/Graphics_IO.o
 .debug_macro   0x000000000001b3c0       0x43 ./Core/SimpleGraphics/Graphics_IO.o
 .debug_macro   0x000000000001b403     0x36c9 ./Core/SimpleGraphics/Graphics_IO.o
 .debug_macro   0x000000000001eacc      0x174 ./Core/SimpleGraphics/Graphics_IO.o
 .debug_macro   0x000000000001ec40       0x63 ./Core/SimpleGraphics/Graphics_IO.o
 .debug_macro   0x000000000001eca3     0x18ad ./Core/SimpleGraphics/Graphics_IO.o
 .debug_macro   0x0000000000020550      0x6c4 ./Core/SimpleGraphics/Graphics_IO.o
 .debug_macro   0x0000000000020c14      0x185 ./Core/SimpleGraphics/Graphics_IO.o
 .debug_macro   0x0000000000020d99      0x117 ./Core/SimpleGraphics/Graphics_IO.o
 .debug_macro   0x0000000000020eb0      0x1fe ./Core/SimpleGraphics/Graphics_IO.o
 .debug_macro   0x00000000000210ae       0x27 ./Core/SimpleGraphics/Graphics_IO.o
 .debug_macro   0x00000000000210d5      0x24f ./Core/SimpleGraphics/Graphics_IO.o
 .debug_macro   0x0000000000021324       0x41 ./Core/SimpleGraphics/Graphics_IO.o
 .debug_macro   0x0000000000021365       0x58 ./Core/SimpleGraphics/Graphics_IO.o
 .debug_macro   0x00000000000213bd      0x236 ./Core/SimpleGraphics/Graphics_IO.o
 .debug_macro   0x00000000000215f3      0x20f ./Core/SimpleGraphics/Graphics_IO.o
 .debug_macro   0x0000000000021802      0x14f ./Core/SimpleGraphics/Graphics_IO.o
 .debug_macro   0x0000000000021951      0x25b ./Core/SimpleGraphics/Graphics_IO.o
 .debug_macro   0x0000000000021bac       0x12 ./Core/SimpleGraphics/Graphics_IO.o
 .debug_macro   0x0000000000021bbe      0x514 ./Core/SimpleGraphics/Graphics_IO.o
 .debug_macro   0x00000000000220d2      0x22c ./Core/SimpleGraphics/Graphics_IO.o
 .debug_macro   0x00000000000222fe       0x61 ./Core/SimpleGraphics/Graphics_IO.o
 .debug_macro   0x000000000002235f       0xa5 ./Core/SimpleGraphics/Graphics_IO.o
 .debug_macro   0x0000000000022404      0x198 ./Core/SimpleGraphics/Graphics_IO.o
 .debug_macro   0x000000000002259c       0xd6 ./Core/SimpleGraphics/Graphics_IO.o
 .debug_macro   0x0000000000022672      0x12f ./Core/SimpleGraphics/Graphics_IO.o
 .debug_macro   0x00000000000227a1      0x108 ./Core/SimpleGraphics/Graphics_IO.o
 .debug_macro   0x00000000000228a9       0x35 ./Core/SimpleGraphics/Graphics_IO.o
 .debug_macro   0x00000000000228de      0x313 ./Core/SimpleGraphics/Graphics_IO.o
 .debug_macro   0x0000000000022bf1      0x4ca ./Core/SimpleGraphics/Graphics_IO.o
 .debug_macro   0x00000000000230bb       0xd6 ./Core/SimpleGraphics/Graphics_IO.o
 .debug_macro   0x0000000000023191      0x773 ./Core/SimpleGraphics/Graphics_IO.o
 .debug_macro   0x0000000000023904      0x1d5 ./Core/SimpleGraphics/Graphics_IO.o
 .debug_macro   0x0000000000023ad9      0xa60 ./Core/SimpleGraphics/Graphics_IO.o
 .debug_macro   0x0000000000024539       0x59 ./Core/SimpleGraphics/Graphics_IO.o
 .debug_macro   0x0000000000024592      0x14e ./Core/SimpleGraphics/Graphics_IO.o
 .debug_macro   0x00000000000246e0      0x89d ./Core/SimpleGraphics/Graphics_IO.o
 .debug_macro   0x0000000000024f7d       0x38 ./Core/SimpleGraphics/SimpleGraphics.o
 .debug_macro   0x0000000000024fb5      0x262 ./Core/Src/Code.o
 .debug_macro   0x0000000000025217       0x5e ./Core/Src/Code.o
 .debug_macro   0x0000000000025275      0x259 ./Core/Src/main.o
 .debug_macro   0x00000000000254ce      0x24f ./Core/Src/stm32f7xx_hal_msp.o
 .debug_macro   0x000000000002571d      0x240 ./Core/Src/stm32f7xx_hal_timebase_tim.o
 .debug_macro   0x000000000002595d      0x259 ./Core/Src/stm32f7xx_it.o
 .debug_macro   0x0000000000025bb6      0x240 ./Core/Src/system_stm32f7xx.o
 .debug_macro   0x0000000000025df6      0x264 ./Drivers/STM32F7xx_HAL_Driver/Src/stm32f7xx_hal.o
 .debug_macro   0x000000000002605a      0x240 ./Drivers/STM32F7xx_HAL_Driver/Src/stm32f7xx_hal_cortex.o
 .debug_macro   0x000000000002629a      0x24f ./Drivers/STM32F7xx_HAL_Driver/Src/stm32f7xx_hal_dma2d.o
 .debug_macro   0x00000000000264e9      0x276 ./Drivers/STM32F7xx_HAL_Driver/Src/stm32f7xx_hal_gpio.o
 .debug_macro   0x000000000002675f      0x305 ./Drivers/STM32F7xx_HAL_Driver/Src/stm32f7xx_hal_i2c.o
 .debug_macro   0x0000000000026a64      0x240 ./Drivers/STM32F7xx_HAL_Driver/Src/stm32f7xx_hal_i2c_ex.o
 .debug_macro   0x0000000000026ca4      0x241 ./Drivers/STM32F7xx_HAL_Driver/Src/stm32f7xx_hal_ltdc.o
 .debug_macro   0x0000000000026ee5      0x25e ./Drivers/STM32F7xx_HAL_Driver/Src/stm32f7xx_hal_pwr.o
 .debug_macro   0x0000000000027143      0x258 ./Drivers/STM32F7xx_HAL_Driver/Src/stm32f7xx_hal_pwr_ex.o
 .debug_macro   0x000000000002739b      0x264 ./Drivers/STM32F7xx_HAL_Driver/Src/stm32f7xx_hal_rcc.o
 .debug_macro   0x00000000000275ff      0x240 ./Drivers/STM32F7xx_HAL_Driver/Src/stm32f7xx_hal_rcc_ex.o
 .debug_macro   0x000000000002783f      0x241 ./Drivers/STM32F7xx_HAL_Driver/Src/stm32f7xx_hal_rtc.o
 .debug_macro   0x0000000000027a80      0x240 ./Drivers/STM32F7xx_HAL_Driver/Src/stm32f7xx_hal_rtc_ex.o
 .debug_macro   0x0000000000027cc0      0x241 ./Drivers/STM32F7xx_HAL_Driver/Src/stm32f7xx_hal_sd.o
 .debug_macro   0x0000000000027f01      0x240 ./Drivers/STM32F7xx_HAL_Driver/Src/stm32f7xx_hal_sdram.o
 .debug_macro   0x0000000000028141      0x241 ./Drivers/STM32F7xx_HAL_Driver/Src/stm32f7xx_hal_tim.o
 .debug_macro   0x0000000000028382      0x240 ./Drivers/STM32F7xx_HAL_Driver/Src/stm32f7xx_hal_tim_ex.o
 .debug_macro   0x00000000000285c2      0x240 ./Drivers/STM32F7xx_HAL_Driver/Src/stm32f7xx_ll_fmc.o
 .debug_macro   0x0000000000028802      0x241 ./Drivers/STM32F7xx_HAL_Driver/Src/stm32f7xx_ll_sdmmc.o

.debug_line     0x0000000000000000    0x24943
 .debug_line    0x0000000000000000      0x9f0 ./Core/SimpleGraphics/Graphics_IO.o
 .debug_line    0x00000000000009f0      0x28b ./Core/SimpleGraphics/SimpleGraphics.o
 .debug_line    0x0000000000000c7b      0x84b ./Core/Src/Code.o
 .debug_line    0x00000000000014c6     0x16bd ./Core/Src/main.o
 .debug_line    0x0000000000002b83      0xccd ./Core/Src/stm32f7xx_hal_msp.o
 .debug_line    0x0000000000003850      0x82d ./Core/Src/stm32f7xx_hal_timebase_tim.o
 .debug_line    0x000000000000407d      0x8dd ./Core/Src/stm32f7xx_it.o
 .debug_line    0x000000000000495a      0x855 ./Core/Src/system_stm32f7xx.o
 .debug_line    0x00000000000051af       0x88 ./Core/Startup/startup_stm32f746nghx.o
 .debug_line    0x0000000000005237      0xb30 ./Drivers/STM32F7xx_HAL_Driver/Src/stm32f7xx_hal.o
 .debug_line    0x0000000000005d67      0xd3a ./Drivers/STM32F7xx_HAL_Driver/Src/stm32f7xx_hal_cortex.o
 .debug_line    0x0000000000006aa1     0x17b8 ./Drivers/STM32F7xx_HAL_Driver/Src/stm32f7xx_hal_dma2d.o
 .debug_line    0x0000000000008259      0xcbb ./Drivers/STM32F7xx_HAL_Driver/Src/stm32f7xx_hal_gpio.o
 .debug_line    0x0000000000008f14     0x4e3f ./Drivers/STM32F7xx_HAL_Driver/Src/stm32f7xx_hal_i2c.o
 .debug_line    0x000000000000dd53      0x95a ./Drivers/STM32F7xx_HAL_Driver/Src/stm32f7xx_hal_i2c_ex.o
 .debug_line    0x000000000000e6ad     0x1f68 ./Drivers/STM32F7xx_HAL_Driver/Src/stm32f7xx_hal_ltdc.o
 .debug_line    0x0000000000010615      0xa21 ./Drivers/STM32F7xx_HAL_Driver/Src/stm32f7xx_hal_pwr.o
 .debug_line    0x0000000000011036      0xb1d ./Drivers/STM32F7xx_HAL_Driver/Src/stm32f7xx_hal_pwr_ex.o
 .debug_line    0x0000000000011b53     0x1212 ./Drivers/STM32F7xx_HAL_Driver/Src/stm32f7xx_hal_rcc.o
 .debug_line    0x0000000000012d65     0x115c ./Drivers/STM32F7xx_HAL_Driver/Src/stm32f7xx_hal_rcc_ex.o
 .debug_line    0x0000000000013ec1     0x163f ./Drivers/STM32F7xx_HAL_Driver/Src/stm32f7xx_hal_rtc.o
 .debug_line    0x0000000000015500     0x1e0f ./Drivers/STM32F7xx_HAL_Driver/Src/stm32f7xx_hal_rtc_ex.o
 .debug_line    0x000000000001730f     0x2c86 ./Drivers/STM32F7xx_HAL_Driver/Src/stm32f7xx_hal_sd.o
 .debug_line    0x0000000000019f95      0xf35 ./Drivers/STM32F7xx_HAL_Driver/Src/stm32f7xx_hal_sdram.o
 .debug_line    0x000000000001aeca     0x51e7 ./Drivers/STM32F7xx_HAL_Driver/Src/stm32f7xx_hal_tim.o
 .debug_line    0x00000000000200b1     0x22b5 ./Drivers/STM32F7xx_HAL_Driver/Src/stm32f7xx_hal_tim_ex.o
 .debug_line    0x0000000000022366      0xf74 ./Drivers/STM32F7xx_HAL_Driver/Src/stm32f7xx_ll_fmc.o
 .debug_line    0x00000000000232da     0x1669 ./Drivers/STM32F7xx_HAL_Driver/Src/stm32f7xx_ll_sdmmc.o

.debug_str      0x0000000000000000    0xfcd8c
 .debug_str     0x0000000000000000    0xf567f ./Core/SimpleGraphics/Graphics_IO.o
                                      0xf5e10 (size before relaxing)
 .debug_str     0x00000000000f567f      0x12d ./Core/SimpleGraphics/SimpleGraphics.o
                                       0x398b (size before relaxing)
 .debug_str     0x00000000000f57ac      0x31f ./Core/Src/Code.o
                                      0xf3dfa (size before relaxing)
 .debug_str     0x00000000000f5acb     0x165c ./Core/Src/main.o
                                      0xf6b9d (size before relaxing)
 .debug_str     0x00000000000f7127      0x72a ./Core/Src/stm32f7xx_hal_msp.o
                                      0xf6568 (size before relaxing)
 .debug_str     0x00000000000f7851       0xec ./Core/Src/stm32f7xx_hal_timebase_tim.o
                                      0xf3b9e (size before relaxing)
 .debug_str     0x00000000000f793d      0x10d ./Core/Src/stm32f7xx_it.o
                                      0xf5841 (size before relaxing)
 .debug_str     0x00000000000f7a4a       0x5b ./Core/Src/system_stm32f7xx.o
                                      0xf3067 (size before relaxing)
 .debug_str     0x00000000000f7aa5       0x36 ./Core/Startup/startup_stm32f746nghx.o
                                         0x53 (size before relaxing)
 .debug_str     0x00000000000f7adb      0x375 ./Drivers/STM32F7xx_HAL_Driver/Src/stm32f7xx_hal.o
                                      0xf399b (size before relaxing)
 .debug_str     0x00000000000f7e50      0x265 ./Drivers/STM32F7xx_HAL_Driver/Src/stm32f7xx_hal_cortex.o
                                      0xf39d5 (size before relaxing)
 .debug_str     0x00000000000f80b5      0x34d ./Drivers/STM32F7xx_HAL_Driver/Src/stm32f7xx_hal_dma2d.o
                                      0xf35a6 (size before relaxing)
 .debug_str     0x00000000000f8402      0x219 ./Drivers/STM32F7xx_HAL_Driver/Src/stm32f7xx_hal_gpio.o
                                      0xf3252 (size before relaxing)
 .debug_str     0x00000000000f861b      0xd7a ./Drivers/STM32F7xx_HAL_Driver/Src/stm32f7xx_hal_i2c.o
                                      0xf420d (size before relaxing)
 .debug_str     0x00000000000f9395       0x89 ./Drivers/STM32F7xx_HAL_Driver/Src/stm32f7xx_hal_i2c_ex.o
                                      0xf3539 (size before relaxing)
 .debug_str     0x00000000000f941e      0x430 ./Drivers/STM32F7xx_HAL_Driver/Src/stm32f7xx_hal_ltdc.o
                                      0xf35ea (size before relaxing)
 .debug_str     0x00000000000f984e      0x2ac ./Drivers/STM32F7xx_HAL_Driver/Src/stm32f7xx_hal_pwr.o
                                      0xf3334 (size before relaxing)
 .debug_str     0x00000000000f9afa      0x1bd ./Drivers/STM32F7xx_HAL_Driver/Src/stm32f7xx_hal_pwr_ex.o
                                      0xf3302 (size before relaxing)
 .debug_str     0x00000000000f9cb7      0x1ee ./Drivers/STM32F7xx_HAL_Driver/Src/stm32f7xx_hal_rcc.o
                                      0xf33be (size before relaxing)
 .debug_str     0x00000000000f9ea5      0x147 ./Drivers/STM32F7xx_HAL_Driver/Src/stm32f7xx_hal_rcc_ex.o
                                      0xf332d (size before relaxing)
 .debug_str     0x00000000000f9fec      0x219 ./Drivers/STM32F7xx_HAL_Driver/Src/stm32f7xx_hal_rtc.o
                                      0xf3441 (size before relaxing)
 .debug_str     0x00000000000fa205      0x57d ./Drivers/STM32F7xx_HAL_Driver/Src/stm32f7xx_hal_rtc_ex.o
                                      0xf3761 (size before relaxing)
 .debug_str     0x00000000000fa782      0x90c ./Drivers/STM32F7xx_HAL_Driver/Src/stm32f7xx_hal_sd.o
                                      0xf3d04 (size before relaxing)
 .debug_str     0x00000000000fb08e      0x37d ./Drivers/STM32F7xx_HAL_Driver/Src/stm32f7xx_hal_sdram.o
                                      0xf367e (size before relaxing)
 .debug_str     0x00000000000fb40b      0xe56 ./Drivers/STM32F7xx_HAL_Driver/Src/stm32f7xx_hal_tim.o
                                      0xf437b (size before relaxing)
 .debug_str     0x00000000000fc261      0x57e ./Drivers/STM32F7xx_HAL_Driver/Src/stm32f7xx_hal_tim_ex.o
                                      0xf3bb6 (size before relaxing)
 .debug_str     0x00000000000fc7df      0x394 ./Drivers/STM32F7xx_HAL_Driver/Src/stm32f7xx_ll_fmc.o
                                      0xf34e6 (size before relaxing)
 .debug_str     0x00000000000fcb73      0x219 ./Drivers/STM32F7xx_HAL_Driver/Src/stm32f7xx_ll_sdmmc.o
                                      0xf342b (size before relaxing)

.comment        0x0000000000000000       0x53
 .comment       0x0000000000000000       0x53 ./Core/SimpleGraphics/Graphics_IO.o
                                         0x54 (size before relaxing)
 .comment       0x0000000000000053       0x54 ./Core/SimpleGraphics/SimpleGraphics.o
 .comment       0x0000000000000053       0x54 ./Core/Src/Code.o
 .comment       0x0000000000000053       0x54 ./Core/Src/main.o
 .comment       0x0000000000000053       0x54 ./Core/Src/stm32f7xx_hal_msp.o
 .comment       0x0000000000000053       0x54 ./Core/Src/stm32f7xx_hal_timebase_tim.o
 .comment       0x0000000000000053       0x54 ./Core/Src/stm32f7xx_it.o
 .comment       0x0000000000000053       0x54 ./Core/Src/system_stm32f7xx.o
 .comment       0x0000000000000053       0x54 ./Drivers/STM32F7xx_HAL_Driver/Src/stm32f7xx_hal.o
 .comment       0x0000000000000053       0x54 ./Drivers/STM32F7xx_HAL_Driver/Src/stm32f7xx_hal_cortex.o
 .comment       0x0000000000000053       0x54 ./Drivers/STM32F7xx_HAL_Driver/Src/stm32f7xx_hal_dma2d.o
 .comment       0x0000000000000053       0x54 ./Drivers/STM32F7xx_HAL_Driver/Src/stm32f7xx_hal_gpio.o
 .comment       0x0000000000000053       0x54 ./Drivers/STM32F7xx_HAL_Driver/Src/stm32f7xx_hal_i2c.o
 .comment       0x0000000000000053       0x54 ./Drivers/STM32F7xx_HAL_Driver/Src/stm32f7xx_hal_i2c_ex.o
 .comment       0x0000000000000053       0x54 ./Drivers/STM32F7xx_HAL_Driver/Src/stm32f7xx_hal_ltdc.o
 .comment       0x0000000000000053       0x54 ./Drivers/STM32F7xx_HAL_Driver/Src/stm32f7xx_hal_pwr.o
 .comment       0x0000000000000053       0x54 ./Drivers/STM32F7xx_HAL_Driver/Src/stm32f7xx_hal_pwr_ex.o
 .comment       0x0000000000000053       0x54 ./Drivers/STM32F7xx_HAL_Driver/Src/stm32f7xx_hal_rcc.o
 .comment       0x0000000000000053       0x54 ./Drivers/STM32F7xx_HAL_Driver/Src/stm32f7xx_hal_rcc_ex.o
 .comment       0x0000000000000053       0x54 ./Drivers/STM32F7xx_HAL_Driver/Src/stm32f7xx_hal_rtc.o
 .comment       0x0000000000000053       0x54 ./Drivers/STM32F7xx_HAL_Driver/Src/stm32f7xx_hal_rtc_ex.o
 .comment       0x0000000000000053       0x54 ./Drivers/STM32F7xx_HAL_Driver/Src/stm32f7xx_hal_sd.o
 .comment       0x0000000000000053       0x54 ./Drivers/STM32F7xx_HAL_Driver/Src/stm32f7xx_hal_sdram.o
 .comment       0x0000000000000053       0x54 ./Drivers/STM32F7xx_HAL_Driver/Src/stm32f7xx_hal_tim.o
 .comment       0x0000000000000053       0x54 ./Drivers/STM32F7xx_HAL_Driver/Src/stm32f7xx_hal_tim_ex.o
 .comment       0x0000000000000053       0x54 ./Drivers/STM32F7xx_HAL_Driver/Src/stm32f7xx_ll_fmc.o
 .comment       0x0000000000000053       0x54 ./Drivers/STM32F7xx_HAL_Driver/Src/stm32f7xx_ll_sdmmc.o

.debug_frame    0x0000000000000000     0x445c
 .debug_frame   0x0000000000000000       0xa8 ./Core/SimpleGraphics/Graphics_IO.o
 .debug_frame   0x00000000000000a8       0xf0 ./Core/SimpleGraphics/SimpleGraphics.o
 .debug_frame   0x0000000000000198       0x28 ./Core/Src/Code.o
 .debug_frame   0x00000000000001c0      0x16c ./Core/Src/main.o
 .debug_frame   0x000000000000032c      0x19c ./Core/Src/stm32f7xx_hal_msp.o
 .debug_frame   0x00000000000004c8       0x50 ./Core/Src/stm32f7xx_hal_timebase_tim.o
 .debug_frame   0x0000000000000518       0xe8 ./Core/Src/stm32f7xx_it.o
 .debug_frame   0x0000000000000600       0x30 ./Core/Src/system_stm32f7xx.o
 .debug_frame   0x0000000000000630      0x20c ./Drivers/STM32F7xx_HAL_Driver/Src/stm32f7xx_hal.o
 .debug_frame   0x000000000000083c      0x15c ./Drivers/STM32F7xx_HAL_Driver/Src/stm32f7xx_hal_cortex.o
 .debug_frame   0x0000000000000998      0x35c ./Drivers/STM32F7xx_HAL_Driver/Src/stm32f7xx_hal_dma2d.o
 .debug_frame   0x0000000000000cf4       0xd8 ./Drivers/STM32F7xx_HAL_Driver/Src/stm32f7xx_hal_gpio.o
 .debug_frame   0x0000000000000dcc      0x94c ./Drivers/STM32F7xx_HAL_Driver/Src/stm32f7xx_hal_i2c.o
 .debug_frame   0x0000000000001718       0x60 ./Drivers/STM32F7xx_HAL_Driver/Src/stm32f7xx_hal_i2c_ex.o
 .debug_frame   0x0000000000001778      0x3f4 ./Drivers/STM32F7xx_HAL_Driver/Src/stm32f7xx_hal_ltdc.o
 .debug_frame   0x0000000000001b6c      0x134 ./Drivers/STM32F7xx_HAL_Driver/Src/stm32f7xx_hal_pwr.o
 .debug_frame   0x0000000000001ca0      0x134 ./Drivers/STM32F7xx_HAL_Driver/Src/stm32f7xx_hal_pwr_ex.o
 .debug_frame   0x0000000000001dd4      0x180 ./Drivers/STM32F7xx_HAL_Driver/Src/stm32f7xx_hal_rcc.o
 .debug_frame   0x0000000000001f54       0xcc ./Drivers/STM32F7xx_HAL_Driver/Src/stm32f7xx_hal_rcc_ex.o
 .debug_frame   0x0000000000002020      0x25c ./Drivers/STM32F7xx_HAL_Driver/Src/stm32f7xx_hal_rtc.o
 .debug_frame   0x000000000000227c      0x3b0 ./Drivers/STM32F7xx_HAL_Driver/Src/stm32f7xx_hal_rtc_ex.o
 .debug_frame   0x000000000000262c      0x4c4 ./Drivers/STM32F7xx_HAL_Driver/Src/stm32f7xx_hal_sd.o
 .debug_frame   0x0000000000002af0      0x244 ./Drivers/STM32F7xx_HAL_Driver/Src/stm32f7xx_hal_sdram.o
 .debug_frame   0x0000000000002d34      0xb7c ./Drivers/STM32F7xx_HAL_Driver/Src/stm32f7xx_hal_tim.o
 .debug_frame   0x00000000000038b0      0x458 ./Drivers/STM32F7xx_HAL_Driver/Src/stm32f7xx_hal_tim_ex.o
 .debug_frame   0x0000000000003d08      0x1f0 ./Drivers/STM32F7xx_HAL_Driver/Src/stm32f7xx_ll_fmc.o
 .debug_frame   0x0000000000003ef8      0x4b8 ./Drivers/STM32F7xx_HAL_Driver/Src/stm32f7xx_ll_sdmmc.o
 .debug_frame   0x00000000000043b0       0x2c c:/st/stm32cubeide_1.5.0/stm32cubeide/plugins/com.st.stm32cube.ide.mcu.externaltools.gnu-tools-for-stm32.9-2020-q2-update.win32_2.0.0.202105311346/tools/bin/../lib/gcc/arm-none-eabi/9.3.1/../../../../arm-none-eabi/lib/thumb/v7e-m+fp/hard\libc_nano.a(lib_a-init.o)
 .debug_frame   0x00000000000043dc       0x20 c:/st/stm32cubeide_1.5.0/stm32cubeide/plugins/com.st.stm32cube.ide.mcu.externaltools.gnu-tools-for-stm32.9-2020-q2-update.win32_2.0.0.202105311346/tools/bin/../lib/gcc/arm-none-eabi/9.3.1/../../../../arm-none-eabi/lib/thumb/v7e-m+fp/hard\libc_nano.a(lib_a-memset.o)
 .debug_frame   0x00000000000043fc       0x2c c:/st/stm32cubeide_1.5.0/stm32cubeide/plugins/com.st.stm32cube.ide.mcu.externaltools.gnu-tools-for-stm32.9-2020-q2-update.win32_2.0.0.202105311346/tools/bin/../lib/gcc/arm-none-eabi/9.3.1/thumb/v7e-m+fp/hard\libgcc.a(_aeabi_uldivmod.o)
 .debug_frame   0x0000000000004428       0x34 c:/st/stm32cubeide_1.5.0/stm32cubeide/plugins/com.st.stm32cube.ide.mcu.externaltools.gnu-tools-for-stm32.9-2020-q2-update.win32_2.0.0.202105311346/tools/bin/../lib/gcc/arm-none-eabi/9.3.1/thumb/v7e-m+fp/hard\libgcc.a(_udivmoddi4.o)
