Archive member included to satisfy reference by file (symbol)

c:/st/stm32cubeide_1.12.1/stm32cubeide/plugins/com.st.stm32cube.ide.mcu.externaltools.gnu-tools-for-stm32.10.3-2021.10.win32_1.0.200.202301161003/tools/bin/../lib/gcc/arm-none-eabi/10.3.1/../../../../arm-none-eabi/lib/thumb/v7e-m+fp/hard\libc_nano.a(lib_a-exit.o)
                              c:/st/stm32cubeide_1.12.1/stm32cubeide/plugins/com.st.stm32cube.ide.mcu.externaltools.gnu-tools-for-stm32.10.3-2021.10.win32_1.0.200.202301161003/tools/bin/../lib/gcc/arm-none-eabi/10.3.1/../../../../arm-none-eabi/lib/thumb/v7e-m+fp/hard/crt0.o (exit)
c:/st/stm32cubeide_1.12.1/stm32cubeide/plugins/com.st.stm32cube.ide.mcu.externaltools.gnu-tools-for-stm32.10.3-2021.10.win32_1.0.200.202301161003/tools/bin/../lib/gcc/arm-none-eabi/10.3.1/../../../../arm-none-eabi/lib/thumb/v7e-m+fp/hard\libc_nano.a(lib_a-impure.o)
                              c:/st/stm32cubeide_1.12.1/stm32cubeide/plugins/com.st.stm32cube.ide.mcu.externaltools.gnu-tools-for-stm32.10.3-2021.10.win32_1.0.200.202301161003/tools/bin/../lib/gcc/arm-none-eabi/10.3.1/../../../../arm-none-eabi/lib/thumb/v7e-m+fp/hard\libc_nano.a(lib_a-exit.o) (_global_impure_ptr)
c:/st/stm32cubeide_1.12.1/stm32cubeide/plugins/com.st.stm32cube.ide.mcu.externaltools.gnu-tools-for-stm32.10.3-2021.10.win32_1.0.200.202301161003/tools/bin/../lib/gcc/arm-none-eabi/10.3.1/../../../../arm-none-eabi/lib/thumb/v7e-m+fp/hard\libc_nano.a(lib_a-init.o)
                              c:/st/stm32cubeide_1.12.1/stm32cubeide/plugins/com.st.stm32cube.ide.mcu.externaltools.gnu-tools-for-stm32.10.3-2021.10.win32_1.0.200.202301161003/tools/bin/../lib/gcc/arm-none-eabi/10.3.1/../../../../arm-none-eabi/lib/thumb/v7e-m+fp/hard/crt0.o (__libc_init_array)
c:/st/stm32cubeide_1.12.1/stm32cubeide/plugins/com.st.stm32cube.ide.mcu.externaltools.gnu-tools-for-stm32.10.3-2021.10.win32_1.0.200.202301161003/tools/bin/../lib/gcc/arm-none-eabi/10.3.1/../../../../arm-none-eabi/lib/thumb/v7e-m+fp/hard\libc_nano.a(lib_a-memset.o)
                              c:/st/stm32cubeide_1.12.1/stm32cubeide/plugins/com.st.stm32cube.ide.mcu.externaltools.gnu-tools-for-stm32.10.3-2021.10.win32_1.0.200.202301161003/tools/bin/../lib/gcc/arm-none-eabi/10.3.1/../../../../arm-none-eabi/lib/thumb/v7e-m+fp/hard/crt0.o (memset)
c:/st/stm32cubeide_1.12.1/stm32cubeide/plugins/com.st.stm32cube.ide.mcu.externaltools.gnu-tools-for-stm32.10.3-2021.10.win32_1.0.200.202301161003/tools/bin/../lib/gcc/arm-none-eabi/10.3.1/thumb/v7e-m+fp/hard\libgcc.a(_arm_muldf3.o)
                              ./Core/SimpleGraphics/SimpleGraphics.o (__aeabi_dmul)
c:/st/stm32cubeide_1.12.1/stm32cubeide/plugins/com.st.stm32cube.ide.mcu.externaltools.gnu-tools-for-stm32.10.3-2021.10.win32_1.0.200.202301161003/tools/bin/../lib/gcc/arm-none-eabi/10.3.1/thumb/v7e-m+fp/hard\libgcc.a(_arm_addsubdf3.o)
                              ./Core/SimpleGraphics/SimpleGraphics.o (__aeabi_dsub)
c:/st/stm32cubeide_1.12.1/stm32cubeide/plugins/com.st.stm32cube.ide.mcu.externaltools.gnu-tools-for-stm32.10.3-2021.10.win32_1.0.200.202301161003/tools/bin/../lib/gcc/arm-none-eabi/10.3.1/thumb/v7e-m+fp/hard\libgcc.a(_arm_truncdfsf2.o)
                              ./Core/SimpleGraphics/SimpleGraphics.o (__aeabi_d2f)
c:/st/stm32cubeide_1.12.1/stm32cubeide/plugins/com.st.stm32cube.ide.mcu.externaltools.gnu-tools-for-stm32.10.3-2021.10.win32_1.0.200.202301161003/tools/bin/../lib/gcc/arm-none-eabi/10.3.1/thumb/v7e-m+fp/hard\libgcc.a(_aeabi_uldivmod.o)
                              ./Drivers/STM32F7xx_HAL_Driver/Src/stm32f7xx_hal_rcc.o (__aeabi_uldivmod)
c:/st/stm32cubeide_1.12.1/stm32cubeide/plugins/com.st.stm32cube.ide.mcu.externaltools.gnu-tools-for-stm32.10.3-2021.10.win32_1.0.200.202301161003/tools/bin/../lib/gcc/arm-none-eabi/10.3.1/thumb/v7e-m+fp/hard\libgcc.a(_udivmoddi4.o)
                              c:/st/stm32cubeide_1.12.1/stm32cubeide/plugins/com.st.stm32cube.ide.mcu.externaltools.gnu-tools-for-stm32.10.3-2021.10.win32_1.0.200.202301161003/tools/bin/../lib/gcc/arm-none-eabi/10.3.1/thumb/v7e-m+fp/hard\libgcc.a(_aeabi_uldivmod.o) (__udivmoddi4)
c:/st/stm32cubeide_1.12.1/stm32cubeide/plugins/com.st.stm32cube.ide.mcu.externaltools.gnu-tools-for-stm32.10.3-2021.10.win32_1.0.200.202301161003/tools/bin/../lib/gcc/arm-none-eabi/10.3.1/thumb/v7e-m+fp/hard\libgcc.a(_dvmd_tls.o)
                              c:/st/stm32cubeide_1.12.1/stm32cubeide/plugins/com.st.stm32cube.ide.mcu.externaltools.gnu-tools-for-stm32.10.3-2021.10.win32_1.0.200.202301161003/tools/bin/../lib/gcc/arm-none-eabi/10.3.1/thumb/v7e-m+fp/hard\libgcc.a(_aeabi_uldivmod.o) (__aeabi_ldiv0)
c:/st/stm32cubeide_1.12.1/stm32cubeide/plugins/com.st.stm32cube.ide.mcu.externaltools.gnu-tools-for-stm32.10.3-2021.10.win32_1.0.200.202301161003/tools/bin/../lib/gcc/arm-none-eabi/10.3.1/../../../../arm-none-eabi/lib/thumb/v7e-m+fp/hard\libnosys.a(_exit.o)
[...]
Memory Configuration

Name             Origin             Length             Attributes
RAM              0x0000000020000000 0x0000000000050000 xrw
FLASH            0x0000000008000000 0x0000000000100000 xr
*default*        0x0000000000000000 0xffffffffffffffff

Linker script and memory map

LOAD c:/st/stm32cubeide_1.12.1/stm32cubeide/plugins/com.st.stm32cube.ide.mcu.externaltools.gnu-tools-for-stm32.10.3-2021.10.win32_1.0.200.202301161003/tools/bin/../lib/gcc/arm-none-eabi/10.3.1/thumb/v7e-m+fp/hard/crti.o
LOAD c:/st/stm32cubeide_1.12.1/stm32cubeide/plugins/com.st.stm32cube.ide.mcu.externaltools.gnu-tools-for-stm32.10.3-2021.10.win32_1.0.200.202301161003/tools/bin/../lib/gcc/arm-none-eabi/10.3.1/thumb/v7e-m+fp/hard/crtbegin.o
LOAD c:/st/stm32cubeide_1.12.1/stm32cubeide/plugins/com.st.stm32cube.ide.mcu.externaltools.gnu-tools-for-stm32.10.3-2021.10.win32_1.0.200.202301161003/tools/bin/../lib/gcc/arm-none-eabi/10.3.1/../../../../arm-none-eabi/lib/thumb/v7e-m+fp/hard/crt0.o
LOAD ./Core/SimpleGraphics/Font.o
LOAD ./Core/SimpleGraphics/Graphics_IO.o
LOAD ./Core/SimpleGraphics/SimpleGraphics.o
LOAD ./Core/SimpleGraphics/Touch.o
LOAD ./Core/Src/Code.o
LOAD ./Core/Src/SDRAM.o
LOAD ./Core/Src/main.o
LOAD ./Core/Src/stm32f7xx_hal_msp.o
LOAD ./Core/Src/stm32f7xx_hal_timebase_tim.o
LOAD ./Core/Src/stm32f7xx_it.o
LOAD ./Core/Src/system_stm32f7xx.o
LOAD ./Core/Startup/startup_stm32f746nghx.o
LOAD ./Drivers/STM32F7xx_HAL_Driver/Src/stm32f7xx_hal.o
LOAD ./Drivers/STM32F7xx_HAL_Driver/Src/stm32f7xx_hal_cortex.o
LOAD ./Drivers/STM32F7xx_HAL_Driver/Src/stm32f7xx_hal_dma.o
LOAD ./Drivers/STM32F7xx_HAL_Driver/Src/stm32f7xx_hal_dma2d.o
LOAD ./Drivers/STM32F7xx_HAL_Driver/Src/stm32f7xx_hal_dma_ex.o
LOAD ./Drivers/STM32F7xx_HAL_Driver/Src/stm32f7xx_hal_dsi.o
LOAD ./Drivers/STM32F7xx_HAL_Driver/Src/stm32f7xx_hal_exti.o
LOAD ./Drivers/STM32F7xx_HAL_Driver/Src/stm32f7xx_hal_flash.o
LOAD ./Drivers/STM32F7xx_HAL_Driver/Src/stm32f7xx_hal_flash_ex.o
LOAD ./Drivers/STM32F7xx_HAL_Driver/Src/stm32f7xx_hal_gpio.o
LOAD ./Drivers/STM32F7xx_HAL_Driver/Src/stm32f7xx_hal_i2c.o
LOAD ./Drivers/STM32F7xx_HAL_Driver/Src/stm32f7xx_hal_i2c_ex.o
LOAD ./Drivers/STM32F7xx_HAL_Driver/Src/stm32f7xx_hal_ltdc.o
LOAD ./Drivers/STM32F7xx_HAL_Driver/Src/stm32f7xx_hal_ltdc_ex.o
LOAD ./Drivers/STM32F7xx_HAL_Driver/Src/stm32f7xx_hal_pwr.o
LOAD ./Drivers/STM32F7xx_HAL_Driver/Src/stm32f7xx_hal_pwr_ex.o
LOAD ./Drivers/STM32F7xx_HAL_Driver/Src/stm32f7xx_hal_rcc.o
LOAD ./Drivers/STM32F7xx_HAL_Driver/Src/stm32f7xx_hal_rcc_ex.o
LOAD ./Drivers/STM32F7xx_HAL_Driver/Src/stm32f7xx_hal_rtc.o
LOAD ./Drivers/STM32F7xx_HAL_Driver/Src/stm32f7xx_hal_rtc_ex.o
LOAD ./Drivers/STM32F7xx_HAL_Driver/Src/stm32f7xx_hal_sd.o
LOAD ./Drivers/STM32F7xx_HAL_Driver/Src/stm32f7xx_hal_sdram.o
LOAD ./Drivers/STM32F7xx_HAL_Driver/Src/stm32f7xx_hal_tim.o
LOAD ./Drivers/STM32F7xx_HAL_Driver/Src/stm32f7xx_hal_tim_ex.o
LOAD ./Drivers/STM32F7xx_HAL_Driver/Src/stm32f7xx_ll_fmc.o
LOAD ./Drivers/STM32F7xx_HAL_Driver/Src/stm32f7xx_ll_sdmmc.o
START GROUP
LOAD c:/st/stm32cubeide_1.12.1/stm32cubeide/plugins/com.st.stm32cube.ide.mcu.externaltools.gnu-tools-for-stm32.10.3-2021.10.win32_1.0.200.202301161003/tools/bin/../lib/gcc/arm-none-eabi/10.3.1/../../../../arm-none-eabi/lib/thumb/v7e-m+fp/hard\libc_nano.a
LOAD c:/st/stm32cubeide_1.12.1/stm32cubeide/plugins/com.st.stm32cube.ide.mcu.externaltools.gnu-tools-for-stm32.10.3-2021.10.win32_1.0.200.202301161003/tools/bin/../lib/gcc/arm-none-eabi/10.3.1/../../../../arm-none-eabi/lib/thumb/v7e-m+fp/hard\libm.a
END GROUP
START GROUP
LOAD c:/st/stm32cubeide_1.12.1/stm32cubeide/plugins/com.st.stm32cube.ide.mcu.externaltools.gnu-tools-for-stm32.10.3-2021.10.win32_1.0.200.202301161003/tools/bin/../lib/gcc/arm-none-eabi/10.3.1/thumb/v7e-m+fp/hard\libgcc.a
LOAD c:/st/stm32cubeide_1.12.1/stm32cubeide/plugins/com.st.stm32cube.ide.mcu.externaltools.gnu-tools-for-stm32.10.3-2021.10.win32_1.0.200.202301161003/tools/bin/../lib/gcc/arm-none-eabi/10.3.1/../../../../arm-none-eabi/lib/thumb/v7e-m+fp/hard\libc_nano.a
END GROUP
START GROUP
LOAD c:/st/stm32cubeide_1.12.1/stm32cubeide/plugins/com.st.stm32cube.ide.mcu.externaltools.gnu-tools-for-stm32.10.3-2021.10.win32_1.0.200.202301161003/tools/bin/../lib/gcc/arm-none-eabi/10.3.1/thumb/v7e-m+fp/hard\libgcc.a
LOAD c:/st/stm32cubeide_1.12.1/stm32cubeide/plugins/com.st.stm32cube.ide.mcu.externaltools.gnu-tools-for-stm32.10.3-2021.10.win32_1.0.200.202301161003/tools/bin/../lib/gcc/arm-none-eabi/10.3.1/../../../../arm-none-eabi/lib/thumb/v7e-m+fp/hard\libc_nano.a
LOAD c:/st/stm32cubeide_1.12.1/stm32cubeide/plugins/com.st.stm32cube.ide.mcu.externaltools.gnu-tools-for-stm32.10.3-2021.10.win32_1.0.200.202301161003/tools/bin/../lib/gcc/arm-none-eabi/10.3.1/../../../../arm-none-eabi/lib/thumb/v7e-m+fp/hard\libnosys.a
END GROUP
START GROUP
LOAD c:/st/stm32cubeide_1.12.1/stm32cubeide/plugins/com.st.stm32cube.ide.mcu.externaltools.gnu-tools-for-stm32.10.3-2021.10.win32_1.0.200.202301161003/tools/bin/../lib/gcc/arm-none-eabi/10.3.1/thumb/v7e-m+fp/hard\libgcc.a
LOAD c:/st/stm32cubeide_1.12.1/stm32cubeide/plugins/com.st.stm32cube.ide.mcu.externaltools.gnu-tools-for-stm32.10.3-2021.10.win32_1.0.200.202301161003/tools/bin/../lib/gcc/arm-none-eabi/10.3.1/../../../../arm-none-eabi/lib/thumb/v7e-m+fp/hard\libc_nano.a
LOAD c:/st/stm32cubeide_1.12.1/stm32cubeide/plugins/com.st.stm32cube.ide.mcu.externaltools.gnu-tools-for-stm32.10.3-2021.10.win32_1.0.200.202301161003/tools/bin/../lib/gcc/arm-none-eabi/10.3.1/../../../../arm-none-eabi/lib/thumb/v7e-m+fp/hard\libnosys.a
END GROUP
LOAD c:/st/stm32cubeide_1.12.1/stm32cubeide/plugins/com.st.stm32cube.ide.mcu.externaltools.gnu-tools-for-stm32.10.3-2021.10.win32_1.0.200.202301161003/tools/bin/../lib/gcc/arm-none-eabi/10.3.1/thumb/v7e-m+fp/hard/crtend.o
LOAD c:/st/stm32cubeide_1.12.1/stm32cubeide/plugins/com.st.stm32cube.ide.mcu.externaltools.gnu-tools-for-stm32.10.3-2021.10.win32_1.0.200.202301161003/tools/bin/../lib/gcc/arm-none-eabi/10.3.1/thumb/v7e-m+fp/hard/crtn.o
                0x0000000020050000                _estack = (ORIGIN (RAM) + LENGTH (RAM))
                0x0000000000000200                _Min_Heap_Size = 0x200
                0x0000000000000400                _Min_Stack_Size = 0x400

.isr_vector     0x0000000008000000      0x1c8
                0x0000000008000000                . = ALIGN (0x4)
 *(.isr_vector)
 .isr_vector    0x0000000008000000      0x1c8 ./Core/Startup/startup_stm32f746nghx.o
                0x0000000008000000                g_pfnVectors
                0x00000000080001c8                . = ALIGN (0x4)

.text           0x00000000080001c8     0x6124
                0x00000000080001c8                . = ALIGN (0x4)
 *(.text)
 .text          0x00000000080001c8       0x40 c:/st/stm32cubeide_1.12.1/stm32cubeide/plugins/com.st.stm32cube.ide.mcu.externaltools.gnu-tools-for-stm32.10.3-2021.10.win32_1.0.200.202301161003/tools/bin/../lib/gcc/arm-none-eabi/10.3.1/thumb/v7e-m+fp/hard/crtbegin.o
 .text          0x0000000008000208       0x30 c:/st/stm32cubeide_1.12.1/stm32cubeide/plugins/com.st.stm32cube.ide.mcu.externaltools.gnu-tools-for-stm32.10.3-2021.10.win32_1.0.200.202301161003/tools/bin/../lib/gcc/arm-none-eabi/10.3.1/thumb/v7e-m+fp/hard\libgcc.a(_aeabi_uldivmod.o)
                0x0000000008000208                __aeabi_uldivmod
 .text          0x0000000008000238      0x2d0 c:/st/stm32cubeide_1.12.1/stm32cubeide/plugins/com.st.stm32cube.ide.mcu.externaltools.gnu-tools-for-stm32.10.3-2021.10.win32_1.0.200.202301161003/tools/bin/../lib/gcc/arm-none-eabi/10.3.1/thumb/v7e-m+fp/hard\libgcc.a(_udivmoddi4.o)
                0x0000000008000238                __udivmoddi4
 .text          0x0000000008000508        0x4 c:/st/stm32cubeide_1.12.1/stm32cubeide/plugins/com.st.stm32cube.ide.mcu.externaltools.gnu-tools-for-stm32.10.3-2021.10.win32_1.0.200.202301161003/tools/bin/../lib/gcc/arm-none-eabi/10.3.1/thumb/v7e-m+fp/hard\libgcc.a(_dvmd_tls.o)
                0x0000000008000508                __aeabi_idiv0
                0x0000000008000508                __aeabi_ldiv0
 *(.text*)
 .text.Init_Graphics_System
                0x000000000800050c       0x10 ./Core/SimpleGraphics/Graphics_IO.o
                0x000000000800050c                Init_Graphics_System
 .text.Fill_all
                0x000000000800051c       0x1c ./Core/SimpleGraphics/Graphics_IO.o
                0x000000000800051c                Fill_all
 .text.Fill_rectangle
                0x0000000008000538       0x40 ./Core/SimpleGraphics/Graphics_IO.o
                0x0000000008000538                Fill_rectangle
 .text.MemPoint
                0x0000000008000578       0x1c ./Core/SimpleGraphics/Graphics_IO.o
                0x0000000008000578                MemPoint
 .text.GetCursor
                0x0000000008000594       0xe0 ./Core/SimpleGraphics/Graphics_IO.o
                0x0000000008000594                GetCursor
 .text.Get565Color
                0x0000000008000674       0x58 ./Core/SimpleGraphics/SimpleGraphics.o
                0x0000000008000674                Get565Color
 .text.FontHParameter
                0x00000000080006cc        0xc ./Core/SimpleGraphics/SimpleGraphics.o
                0x00000000080006cc                FontHParameter
 .text.SymbolParameters
                0x00000000080006d8       0x40 ./Core/SimpleGraphics/SimpleGraphics.o
                0x00000000080006d8                SymbolParameters
 .text.SymbolLengthPixels
                0x0000000008000718       0x30 ./Core/SimpleGraphics/SimpleGraphics.o
                0x0000000008000718                SymbolLengthPixels
 .text.Inverse  0x0000000008000748       0x28 ./Core/SimpleGraphics/SimpleGraphics.o
                0x0000000008000748                Inverse
 .text.TouchCnt
                0x0000000008000770       0xa8 ./Core/SimpleGraphics/SimpleGraphics.o
                0x0000000008000770                TouchCnt
 .text.isTouch  0x0000000008000818      0x1f4 ./Core/SimpleGraphics/SimpleGraphics.o
                0x0000000008000818                isTouch
 .text.isInRange
                0x0000000008000a0c       0xe0 ./Core/SimpleGraphics/SimpleGraphics.o
                0x0000000008000a0c                isInRange
 .text.Graphics_Init
                0x0000000008000aec       0xd8 ./Core/SimpleGraphics/SimpleGraphics.o
                0x0000000008000aec                Graphics_Init
 .text.Fill_Display
                0x0000000008000bc4       0x3c ./Core/SimpleGraphics/SimpleGraphics.o
                0x0000000008000bc4                Fill_Display
 .text.Pixel    0x0000000008000c00       0x98 ./Core/SimpleGraphics/SimpleGraphics.o
                0x0000000008000c00                Pixel
 .text.Fill_Rectangle
                0x0000000008000c98       0xc8 ./Core/SimpleGraphics/SimpleGraphics.o
                0x0000000008000c98                Fill_Rectangle
 .text.HLine    0x0000000008000d60       0x1c ./Core/SimpleGraphics/SimpleGraphics.o
                0x0000000008000d60                HLine
 .text.VLine    0x0000000008000d7c       0x1e ./Core/SimpleGraphics/SimpleGraphics.o
                0x0000000008000d7c                VLine
 *fill*         0x0000000008000d9a        0x2 
 .text.Line     0x0000000008000d9c      0x278 ./Core/SimpleGraphics/SimpleGraphics.o
                0x0000000008000d9c                Line
 .text.Circle   0x0000000008001014       0xb6 ./Core/SimpleGraphics/SimpleGraphics.o
                0x0000000008001014                Circle
 .text.FillCircle
                0x00000000080010ca       0x2a ./Core/SimpleGraphics/SimpleGraphics.o
                0x00000000080010ca                FillCircle
 .text.VGradA   0x00000000080010f4      0x1f8 ./Core/SimpleGraphics/SimpleGraphics.o
                0x00000000080010f4                VGradA
 .text.HGradA   0x00000000080012ec      0x1fc ./Core/SimpleGraphics/SimpleGraphics.o
                0x00000000080012ec                HGradA
 .text.VGradB   0x00000000080014e8       0x4a ./Core/SimpleGraphics/SimpleGraphics.o
                0x00000000080014e8                VGradB
 .text.HGradB   0x0000000008001532       0x4a ./Core/SimpleGraphics/SimpleGraphics.o
                0x0000000008001532                HGradB
 .text.FramePanel
                0x000000000800157c       0x80 ./Core/SimpleGraphics/SimpleGraphics.o
                0x000000000800157c                FramePanel
 .text.Progress_bar
                0x00000000080015fc      0x1f0 ./Core/SimpleGraphics/SimpleGraphics.o
                0x00000000080015fc                Progress_bar
 .text.Progress_bar_gradient
                0x00000000080017ec      0x20c ./Core/SimpleGraphics/SimpleGraphics.o
                0x00000000080017ec                Progress_bar_gradient
 .text.Symbol   0x00000000080019f8      0x1fc ./Core/SimpleGraphics/SimpleGraphics.o
                0x00000000080019f8                Symbol
 .text.Label    0x0000000008001bf4       0x84 ./Core/SimpleGraphics/SimpleGraphics.o
                0x0000000008001bf4                Label
 .text.TrackBar
                0x0000000008001c78      0x1be ./Core/SimpleGraphics/SimpleGraphics.o
                0x0000000008001c78                TrackBar
 .text.Form     0x0000000008001e36       0xd0 ./Core/SimpleGraphics/SimpleGraphics.o
                0x0000000008001e36                Form
 .text.Button   0x0000000008001f06       0x74 ./Core/SimpleGraphics/SimpleGraphics.o
                0x0000000008001f06                Button
 *fill*         0x0000000008001f7a        0x2 
 .text.LCD_FramePanel
                0x0000000008001f7c       0x44 ./Core/SimpleGraphics/SimpleGraphics.o
                0x0000000008001f7c                LCD_FramePanel
 .text.LCD_Button
                0x0000000008001fc0       0xdc ./Core/SimpleGraphics/SimpleGraphics.o
                0x0000000008001fc0                LCD_Button
 .text.TS_IO_Read
                0x000000000800209c       0x34 ./Core/SimpleGraphics/Touch.o
                0x000000000800209c                TS_IO_Read
 .text.TS_IO_Write
                0x00000000080020d0       0x2c ./Core/SimpleGraphics/Touch.o
                0x00000000080020d0                TS_IO_Write
 .text.ft5336_TS_GetGestureID
                0x00000000080020fc       0x22 ./Core/SimpleGraphics/Touch.o
                0x00000000080020fc                ft5336_TS_GetGestureID
 *fill*         0x000000000800211e        0x2 
 .text.TS_GetTouchInfo
                0x0000000008002120       0xe0 ./Core/SimpleGraphics/Touch.o
                0x0000000008002120                TS_GetTouchInfo
 .text.Touch_ReadID
                0x0000000008002200       0x46 ./Core/SimpleGraphics/Touch.o
                0x0000000008002200                Touch_ReadID
 *fill*         0x0000000008002246        0x2 
 .text.TS_DetectTouch
                0x0000000008002248       0x4c ./Core/SimpleGraphics/Touch.o
                0x0000000008002248                TS_DetectTouch
 .text.TS_GetXY
                0x0000000008002294      0x154 ./Core/SimpleGraphics/Touch.o
                0x0000000008002294                TS_GetXY
 .text.TS_Get_GestureId
                0x00000000080023e8       0x86 ./Core/SimpleGraphics/Touch.o
                0x00000000080023e8                TS_Get_GestureId
 *fill*         0x000000000800246e        0x2 
 .text.TS_GetState
                0x0000000008002470      0x180 ./Core/SimpleGraphics/Touch.o
                0x0000000008002470                TS_GetState
 .text.Touch_Init
                0x00000000080025f0       0x30 ./Core/SimpleGraphics/Touch.o
                0x00000000080025f0                Touch_Init
 .text.MainFunc
                0x0000000008002620      0x5e0 ./Core/Src/Code.o
                0x0000000008002620                MainFunc
 .text.MPU_Config
                0x0000000008002c00       0x58 ./Core/Src/main.o
 .text.MX_GPIO_Init
                0x0000000008002c58      0x548 ./Core/Src/main.o
 .text.HAL_TIM_PeriodElapsedCallback
                0x00000000080031a0       0x18 ./Core/Src/main.o
                0x00000000080031a0                HAL_TIM_PeriodElapsedCallback
 .text.Error_Handler
                0x00000000080031b8        0x4 ./Core/Src/main.o
                0x00000000080031b8                Error_Handler
 .text.MX_DMA2D_Init
                0x00000000080031bc       0x3c ./Core/Src/main.o
 .text.MX_FMC_Init
                0x00000000080031f8       0x6c ./Core/Src/main.o
 .text.MX_I2C3_Init
                0x0000000008003264       0x54 ./Core/Src/main.o
 .text.MX_LTDC_Init
                0x00000000080032b8       0xb0 ./Core/Src/main.o
 .text.MX_RTC_Init
                0x0000000008003368       0xec ./Core/Src/main.o
 .text.SystemClock_Config
                0x0000000008003454      0x100 ./Core/Src/main.o
                0x0000000008003454                SystemClock_Config
 .text.main     0x0000000008003554       0x34 ./Core/Src/main.o
                0x0000000008003554                main
 .text.HAL_FMC_MspInit
                0x0000000008003588       0xdc ./Core/Src/stm32f7xx_hal_msp.o
 .text.HAL_MspInit
                0x0000000008003664       0x30 ./Core/Src/stm32f7xx_hal_msp.o
                0x0000000008003664                HAL_MspInit
 .text.HAL_DMA2D_MspInit
                0x0000000008003694       0x40 ./Core/Src/stm32f7xx_hal_msp.o
                0x0000000008003694                HAL_DMA2D_MspInit
 .text.HAL_I2C_MspInit
                0x00000000080036d4       0x70 ./Core/Src/stm32f7xx_hal_msp.o
                0x00000000080036d4                HAL_I2C_MspInit
 .text.HAL_LTDC_MspInit
                0x0000000008003744      0x124 ./Core/Src/stm32f7xx_hal_msp.o
                0x0000000008003744                HAL_LTDC_MspInit
 .text.HAL_RTC_MspInit
                0x0000000008003868       0x20 ./Core/Src/stm32f7xx_hal_msp.o
                0x0000000008003868                HAL_RTC_MspInit
 .text.HAL_SDRAM_MspInit
                0x0000000008003888        0x8 ./Core/Src/stm32f7xx_hal_msp.o
                0x0000000008003888                HAL_SDRAM_MspInit
 .text.HAL_InitTick
                0x0000000008003890       0x7c ./Core/Src/stm32f7xx_hal_timebase_tim.o
                0x0000000008003890                HAL_InitTick
 .text.NMI_Handler
                0x000000000800390c        0x2 ./Core/Src/stm32f7xx_it.o
                0x000000000800390c                NMI_Handler
 .text.HardFault_Handler
                0x000000000800390e        0x2 ./Core/Src/stm32f7xx_it.o
                0x000000000800390e                HardFault_Handler
 .text.MemManage_Handler
                0x0000000008003910        0x2 ./Core/Src/stm32f7xx_it.o
                0x0000000008003910                MemManage_Handler
 .text.BusFault_Handler
                0x0000000008003912        0x2 ./Core/Src/stm32f7xx_it.o
                0x0000000008003912                BusFault_Handler
 .text.UsageFault_Handler
                0x0000000008003914        0x2 ./Core/Src/stm32f7xx_it.o
                0x0000000008003914                UsageFault_Handler
 .text.SVC_Handler
                0x0000000008003916        0x2 ./Core/Src/stm32f7xx_it.o
                0x0000000008003916                SVC_Handler
 .text.DebugMon_Handler
                0x0000000008003918        0x2 ./Core/Src/stm32f7xx_it.o
                0x0000000008003918                DebugMon_Handler
 .text.PendSV_Handler
                0x000000000800391a        0x2 ./Core/Src/stm32f7xx_it.o
                0x000000000800391a                PendSV_Handler
 .text.SysTick_Handler
                0x000000000800391c        0x2 ./Core/Src/stm32f7xx_it.o
                0x000000000800391c                SysTick_Handler
 *fill*         0x000000000800391e        0x2 
 .text.TIM6_DAC_IRQHandler
                0x0000000008003920       0x10 ./Core/Src/stm32f7xx_it.o
                0x0000000008003920                TIM6_DAC_IRQHandler
 .text.LTDC_IRQHandler
                0x0000000008003930       0x10 ./Core/Src/stm32f7xx_it.o
                0x0000000008003930                LTDC_IRQHandler
 .text.DMA2D_IRQHandler
                0x0000000008003940       0x10 ./Core/Src/stm32f7xx_it.o
                0x0000000008003940                DMA2D_IRQHandler
 .text.SystemInit
                0x0000000008003950       0x14 ./Core/Src/system_stm32f7xx.o
                0x0000000008003950                SystemInit
 .text.Reset_Handler
                0x0000000008003964       0x50 ./Core/Startup/startup_stm32f746nghx.o
                0x0000000008003964                Reset_Handler
 .text.Default_Handler
                0x00000000080039b4        0x2 ./Core/Startup/startup_stm32f746nghx.o
                0x00000000080039b4                RTC_Alarm_IRQHandler
                0x00000000080039b4                EXTI2_IRQHandler
                0x00000000080039b4                TIM8_CC_IRQHandler
                0x00000000080039b4                UART8_IRQHandler
                0x00000000080039b4                SPI4_IRQHandler
                0x00000000080039b4                TIM1_CC_IRQHandler
                0x00000000080039b4                DMA2_Stream5_IRQHandler
                0x00000000080039b4                DMA1_Stream5_IRQHandler
                0x00000000080039b4                PVD_IRQHandler
                0x00000000080039b4                TAMP_STAMP_IRQHandler
                0x00000000080039b4                CAN2_RX1_IRQHandler
                0x00000000080039b4                EXTI3_IRQHandler
                0x00000000080039b4                TIM8_TRG_COM_TIM14_IRQHandler
                0x00000000080039b4                TIM1_UP_TIM10_IRQHandler
                0x00000000080039b4                TIM8_UP_TIM13_IRQHandler
                0x00000000080039b4                I2C3_ER_IRQHandler
                0x00000000080039b4                EXTI0_IRQHandler
                0x00000000080039b4                I2C2_EV_IRQHandler
                0x00000000080039b4                DMA1_Stream2_IRQHandler
                0x00000000080039b4                CAN1_RX0_IRQHandler
                0x00000000080039b4                FPU_IRQHandler
                0x00000000080039b4                OTG_HS_WKUP_IRQHandler
                0x00000000080039b4                LTDC_ER_IRQHandler
                0x00000000080039b4                CAN2_SCE_IRQHandler
                0x00000000080039b4                DMA2_Stream2_IRQHandler
                0x00000000080039b4                SPI1_IRQHandler
                0x00000000080039b4                TIM1_BRK_TIM9_IRQHandler
                0x00000000080039b4                DCMI_IRQHandler
                0x00000000080039b4                CAN2_RX0_IRQHandler
                0x00000000080039b4                DMA2_Stream3_IRQHandler
                0x00000000080039b4                SAI2_IRQHandler
                0x00000000080039b4                USART6_IRQHandler
                0x00000000080039b4                USART3_IRQHandler
                0x00000000080039b4                CAN1_RX1_IRQHandler
                0x00000000080039b4                UART5_IRQHandler
                0x00000000080039b4                DMA2_Stream0_IRQHandler
                0x00000000080039b4                TIM4_IRQHandler
                0x00000000080039b4                QUADSPI_IRQHandler
                0x00000000080039b4                I2C1_EV_IRQHandler
                0x00000000080039b4                DMA1_Stream6_IRQHandler
                0x00000000080039b4                DMA1_Stream1_IRQHandler
                0x00000000080039b4                UART4_IRQHandler
                0x00000000080039b4                TIM3_IRQHandler
                0x00000000080039b4                RCC_IRQHandler
                0x00000000080039b4                TIM8_BRK_TIM12_IRQHandler
                0x00000000080039b4                Default_Handler
                0x00000000080039b4                CEC_IRQHandler
                0x00000000080039b4                EXTI15_10_IRQHandler
                0x00000000080039b4                ADC_IRQHandler
                0x00000000080039b4                DMA1_Stream7_IRQHandler
                0x00000000080039b4                SPI5_IRQHandler
                0x00000000080039b4                TIM7_IRQHandler
                0x00000000080039b4                SDMMC1_IRQHandler
                0x00000000080039b4                CAN2_TX_IRQHandler
                0x00000000080039b4                TIM5_IRQHandler
                0x00000000080039b4                DMA2_Stream7_IRQHandler
                0x00000000080039b4                I2C3_EV_IRQHandler
                0x00000000080039b4                EXTI9_5_IRQHandler
                0x00000000080039b4                RTC_WKUP_IRQHandler
                0x00000000080039b4                ETH_WKUP_IRQHandler
                0x00000000080039b4                SPDIF_RX_IRQHandler
                0x00000000080039b4                SPI2_IRQHandler
                0x00000000080039b4                OTG_HS_EP1_IN_IRQHandler
                0x00000000080039b4                DMA1_Stream0_IRQHandler
                0x00000000080039b4                CAN1_TX_IRQHandler
                0x00000000080039b4                EXTI4_IRQHandler
                0x00000000080039b4                RNG_IRQHandler
                0x00000000080039b4                ETH_IRQHandler
                0x00000000080039b4                OTG_HS_EP1_OUT_IRQHandler
                0x00000000080039b4                WWDG_IRQHandler
                0x00000000080039b4                SPI6_IRQHandler
                0x00000000080039b4                I2C4_EV_IRQHandler
                0x00000000080039b4                TIM2_IRQHandler
                0x00000000080039b4                OTG_FS_WKUP_IRQHandler
                0x00000000080039b4                TIM1_TRG_COM_TIM11_IRQHandler
                0x00000000080039b4                OTG_HS_IRQHandler
                0x00000000080039b4                EXTI1_IRQHandler
                0x00000000080039b4                UART7_IRQHandler
                0x00000000080039b4                USART2_IRQHandler
                0x00000000080039b4                I2C2_ER_IRQHandler
                0x00000000080039b4                DMA2_Stream1_IRQHandler
                0x00000000080039b4                CAN1_SCE_IRQHandler
                0x00000000080039b4                FLASH_IRQHandler
                0x00000000080039b4                DMA2_Stream4_IRQHandler
                0x00000000080039b4                USART1_IRQHandler
                0x00000000080039b4                OTG_FS_IRQHandler
                0x00000000080039b4                SPI3_IRQHandler
                0x00000000080039b4                DMA1_Stream4_IRQHandler
                0x00000000080039b4                I2C1_ER_IRQHandler
                0x00000000080039b4                FMC_IRQHandler
                0x00000000080039b4                LPTIM1_IRQHandler
                0x00000000080039b4                I2C4_ER_IRQHandler
                0x00000000080039b4                DMA2_Stream6_IRQHandler
                0x00000000080039b4                SAI1_IRQHandler
                0x00000000080039b4                DMA1_Stream3_IRQHandler
 *fill*         0x00000000080039b6        0x2 
 .text.HAL_Init
                0x00000000080039b8       0x24 ./Drivers/STM32F7xx_HAL_Driver/Src/stm32f7xx_hal.o
                0x00000000080039b8                HAL_Init
 .text.HAL_IncTick
                0x00000000080039dc       0x18 ./Drivers/STM32F7xx_HAL_Driver/Src/stm32f7xx_hal.o
                0x00000000080039dc                HAL_IncTick
 .text.HAL_GetTick
                0x00000000080039f4        0xc ./Drivers/STM32F7xx_HAL_Driver/Src/stm32f7xx_hal.o
                0x00000000080039f4                HAL_GetTick
 .text.HAL_Delay
                0x0000000008003a00       0x28 ./Drivers/STM32F7xx_HAL_Driver/Src/stm32f7xx_hal.o
                0x0000000008003a00                HAL_Delay
 .text.HAL_NVIC_SetPriorityGrouping
                0x0000000008003a28       0x24 ./Drivers/STM32F7xx_HAL_Driver/Src/stm32f7xx_hal_cortex.o
                0x0000000008003a28                HAL_NVIC_SetPriorityGrouping
 .text.HAL_NVIC_SetPriority
                0x0000000008003a4c       0x6c ./Drivers/STM32F7xx_HAL_Driver/Src/stm32f7xx_hal_cortex.o
                0x0000000008003a4c                HAL_NVIC_SetPriority
 .text.HAL_NVIC_EnableIRQ
                0x0000000008003ab8       0x1c ./Drivers/STM32F7xx_HAL_Driver/Src/stm32f7xx_hal_cortex.o
                0x0000000008003ab8                HAL_NVIC_EnableIRQ
 .text.HAL_MPU_Disable
                0x0000000008003ad4       0x1c ./Drivers/STM32F7xx_HAL_Driver/Src/stm32f7xx_hal_cortex.o
                0x0000000008003ad4                HAL_MPU_Disable
 .text.HAL_MPU_Enable
                0x0000000008003af0       0x20 ./Drivers/STM32F7xx_HAL_Driver/Src/stm32f7xx_hal_cortex.o
                0x0000000008003af0                HAL_MPU_Enable
 .text.HAL_MPU_ConfigRegion
                0x0000000008003b10       0x60 ./Drivers/STM32F7xx_HAL_Driver/Src/stm32f7xx_hal_cortex.o
                0x0000000008003b10                HAL_MPU_ConfigRegion
 .text.HAL_DMA2D_Init
                0x0000000008003b70       0x5c ./Drivers/STM32F7xx_HAL_Driver/Src/stm32f7xx_hal_dma2d.o
                0x0000000008003b70                HAL_DMA2D_Init
 .text.HAL_DMA2D_LineEventCallback
                0x0000000008003bcc        0x2 ./Drivers/STM32F7xx_HAL_Driver/Src/stm32f7xx_hal_dma2d.o
                0x0000000008003bcc                HAL_DMA2D_LineEventCallback
 .text.HAL_DMA2D_CLUTLoadingCpltCallback
                0x0000000008003bce        0x2 ./Drivers/STM32F7xx_HAL_Driver/Src/stm32f7xx_hal_dma2d.o
                0x0000000008003bce                HAL_DMA2D_CLUTLoadingCpltCallback
 .text.HAL_DMA2D_IRQHandler
                0x0000000008003bd0      0x13c ./Drivers/STM32F7xx_HAL_Driver/Src/stm32f7xx_hal_dma2d.o
                0x0000000008003bd0                HAL_DMA2D_IRQHandler
 .text.HAL_DMA2D_ConfigLayer
                0x0000000008003d0c       0xc4 ./Drivers/STM32F7xx_HAL_Driver/Src/stm32f7xx_hal_dma2d.o
                0x0000000008003d0c                HAL_DMA2D_ConfigLayer
 .text.HAL_GPIO_Init
                0x0000000008003dd0      0x1e4 ./Drivers/STM32F7xx_HAL_Driver/Src/stm32f7xx_hal_gpio.o
                0x0000000008003dd0                HAL_GPIO_Init
 .text.HAL_GPIO_WritePin
                0x0000000008003fb4        0xc ./Drivers/STM32F7xx_HAL_Driver/Src/stm32f7xx_hal_gpio.o
                0x0000000008003fb4                HAL_GPIO_WritePin
 .text.I2C_Flush_TXDR
                0x0000000008003fc0       0x22 ./Drivers/STM32F7xx_HAL_Driver/Src/stm32f7xx_hal_i2c.o
 .text.I2C_TransferConfig
                0x0000000008003fe2       0x38 ./Drivers/STM32F7xx_HAL_Driver/Src/stm32f7xx_hal_i2c.o
 .text.I2C_IsAcknowledgeFailed
                0x000000000800401a       0x90 ./Drivers/STM32F7xx_HAL_Driver/Src/stm32f7xx_hal_i2c.o
 .text.I2C_WaitOnTXISFlagUntilTimeout
                0x00000000080040aa       0x56 ./Drivers/STM32F7xx_HAL_Driver/Src/stm32f7xx_hal_i2c.o
 .text.I2C_WaitOnFlagUntilTimeout
                0x0000000008004100       0x5a ./Drivers/STM32F7xx_HAL_Driver/Src/stm32f7xx_hal_i2c.o
 *fill*         0x000000000800415a        0x2 
 .text.I2C_RequestMemoryWrite
                0x000000000800415c       0x7c ./Drivers/STM32F7xx_HAL_Driver/Src/stm32f7xx_hal_i2c.o
 .text.I2C_RequestMemoryRead
                0x00000000080041d8       0x78 ./Drivers/STM32F7xx_HAL_Driver/Src/stm32f7xx_hal_i2c.o
 .text.I2C_WaitOnSTOPFlagUntilTimeout
                0x0000000008004250       0x50 ./Drivers/STM32F7xx_HAL_Driver/Src/stm32f7xx_hal_i2c.o
 .text.HAL_I2C_Init
                0x00000000080042a0       0xbc ./Drivers/STM32F7xx_HAL_Driver/Src/stm32f7xx_hal_i2c.o
                0x00000000080042a0                HAL_I2C_Init
 .text.HAL_I2C_Mem_Write
                0x000000000800435c      0x1aa ./Drivers/STM32F7xx_HAL_Driver/Src/stm32f7xx_hal_i2c.o
                0x000000000800435c                HAL_I2C_Mem_Write
 *fill*         0x0000000008004506        0x2 
 .text.HAL_I2C_Mem_Read
                0x0000000008004508      0x1b0 ./Drivers/STM32F7xx_HAL_Driver/Src/stm32f7xx_hal_i2c.o
                0x0000000008004508                HAL_I2C_Mem_Read
 .text.HAL_I2CEx_ConfigAnalogFilter
                0x00000000080046b8       0x5c ./Drivers/STM32F7xx_HAL_Driver/Src/stm32f7xx_hal_i2c_ex.o
                0x00000000080046b8                HAL_I2CEx_ConfigAnalogFilter
 .text.HAL_I2CEx_ConfigDigitalFilter
                0x0000000008004714       0x58 ./Drivers/STM32F7xx_HAL_Driver/Src/stm32f7xx_hal_i2c_ex.o
                0x0000000008004714                HAL_I2CEx_ConfigDigitalFilter
 .text.LTDC_SetConfig
                0x000000000800476c      0x1b8 ./Drivers/STM32F7xx_HAL_Driver/Src/stm32f7xx_hal_ltdc.o
 .text.HAL_LTDC_Init
                0x0000000008004924       0xf4 ./Drivers/STM32F7xx_HAL_Driver/Src/stm32f7xx_hal_ltdc.o
                0x0000000008004924                HAL_LTDC_Init
 .text.HAL_LTDC_ErrorCallback
                0x0000000008004a18        0x2 ./Drivers/STM32F7xx_HAL_Driver/Src/stm32f7xx_hal_ltdc.o
                0x0000000008004a18                HAL_LTDC_ErrorCallback
 .text.HAL_LTDC_LineEventCallback
                0x0000000008004a1a        0x2 ./Drivers/STM32F7xx_HAL_Driver/Src/stm32f7xx_hal_ltdc.o
                0x0000000008004a1a                HAL_LTDC_LineEventCallback
 .text.HAL_LTDC_ReloadEventCallback
                0x0000000008004a1c        0x2 ./Drivers/STM32F7xx_HAL_Driver/Src/stm32f7xx_hal_ltdc.o
                0x0000000008004a1c                HAL_LTDC_ReloadEventCallback
 .text.HAL_LTDC_IRQHandler
                0x0000000008004a1e       0xda ./Drivers/STM32F7xx_HAL_Driver/Src/stm32f7xx_hal_ltdc.o
                0x0000000008004a1e                HAL_LTDC_IRQHandler
 .text.HAL_LTDC_ConfigLayer
                0x0000000008004af8       0x68 ./Drivers/STM32F7xx_HAL_Driver/Src/stm32f7xx_hal_ltdc.o
                0x0000000008004af8                HAL_LTDC_ConfigLayer
 .text.HAL_LTDC_SetAddress
                0x0000000008004b60       0x42 ./Drivers/STM32F7xx_HAL_Driver/Src/stm32f7xx_hal_ltdc.o
                0x0000000008004b60                HAL_LTDC_SetAddress
 *fill*         0x0000000008004ba2        0x2 
 .text.HAL_PWR_EnableBkUpAccess
                0x0000000008004ba4       0x10 ./Drivers/STM32F7xx_HAL_Driver/Src/stm32f7xx_hal_pwr.o
                0x0000000008004ba4                HAL_PWR_EnableBkUpAccess
 .text.HAL_PWREx_EnableOverDrive
                0x0000000008004bb4       0x7c ./Drivers/STM32F7xx_HAL_Driver/Src/stm32f7xx_hal_pwr_ex.o
                0x0000000008004bb4                HAL_PWREx_EnableOverDrive
 .text.HAL_RCC_OscConfig
                0x0000000008004c30      0x434 ./Drivers/STM32F7xx_HAL_Driver/Src/stm32f7xx_hal_rcc.o
                0x0000000008004c30                HAL_RCC_OscConfig
 .text.HAL_RCC_GetSysClockFreq
                0x0000000008005064       0xa4 ./Drivers/STM32F7xx_HAL_Driver/Src/stm32f7xx_hal_rcc.o
                0x0000000008005064                HAL_RCC_GetSysClockFreq
 .text.HAL_RCC_ClockConfig
                0x0000000008005108      0x16c ./Drivers/STM32F7xx_HAL_Driver/Src/stm32f7xx_hal_rcc.o
                0x0000000008005108                HAL_RCC_ClockConfig
 .text.HAL_RCC_GetHCLKFreq
                0x0000000008005274        0xc ./Drivers/STM32F7xx_HAL_Driver/Src/stm32f7xx_hal_rcc.o
                0x0000000008005274                HAL_RCC_GetHCLKFreq
 .text.HAL_RCC_GetPCLK1Freq
                0x0000000008005280       0x20 ./Drivers/STM32F7xx_HAL_Driver/Src/stm32f7xx_hal_rcc.o
                0x0000000008005280                HAL_RCC_GetPCLK1Freq
 .text.HAL_RCC_GetClockConfig
                0x00000000080052a0       0x3c ./Drivers/STM32F7xx_HAL_Driver/Src/stm32f7xx_hal_rcc.o
                0x00000000080052a0                HAL_RCC_GetClockConfig
 .text.HAL_RCCEx_PeriphCLKConfig
                0x00000000080052dc      0x5ac ./Drivers/STM32F7xx_HAL_Driver/Src/stm32f7xx_hal_rcc_ex.o
                0x00000000080052dc                HAL_RCCEx_PeriphCLKConfig
 .text.HAL_RTC_WaitForSynchro
                0x0000000008005888       0x32 ./Drivers/STM32F7xx_HAL_Driver/Src/stm32f7xx_hal_rtc.o
                0x0000000008005888                HAL_RTC_WaitForSynchro
 .text.RTC_EnterInitMode
                0x00000000080058ba       0x3c ./Drivers/STM32F7xx_HAL_Driver/Src/stm32f7xx_hal_rtc.o
                0x00000000080058ba                RTC_EnterInitMode
 *fill*         0x00000000080058f6        0x2 
 .text.HAL_RTC_Init
                0x00000000080058f8       0xc4 ./Drivers/STM32F7xx_HAL_Driver/Src/stm32f7xx_hal_rtc.o
                0x00000000080058f8                HAL_RTC_Init
 .text.RTC_ByteToBcd2
                0x00000000080059bc       0x16 ./Drivers/STM32F7xx_HAL_Driver/Src/stm32f7xx_hal_rtc.o
                0x00000000080059bc                RTC_ByteToBcd2
 *fill*         0x00000000080059d2        0x2 
 .text.HAL_RTC_SetTime
                0x00000000080059d4      0x100 ./Drivers/STM32F7xx_HAL_Driver/Src/stm32f7xx_hal_rtc.o
                0x00000000080059d4                HAL_RTC_SetTime
 .text.HAL_RTC_SetDate
                0x0000000008005ad4       0xdc ./Drivers/STM32F7xx_HAL_Driver/Src/stm32f7xx_hal_rtc.o
                0x0000000008005ad4                HAL_RTC_SetDate
 .text.HAL_RTC_SetAlarm
                0x0000000008005bb0      0x160 ./Drivers/STM32F7xx_HAL_Driver/Src/stm32f7xx_hal_rtc.o
                0x0000000008005bb0                HAL_RTC_SetAlarm
 .text.HAL_RTCEx_SetTimeStamp
                0x0000000008005d10       0x62 ./Drivers/STM32F7xx_HAL_Driver/Src/stm32f7xx_hal_rtc_ex.o
                0x0000000008005d10                HAL_RTCEx_SetTimeStamp
 .text.HAL_SDRAM_Init
                0x0000000008005d72       0x40 ./Drivers/STM32F7xx_HAL_Driver/Src/stm32f7xx_hal_sdram.o
                0x0000000008005d72                HAL_SDRAM_Init
 .text.HAL_TIM_Base_MspInit
                0x0000000008005db2        0x2 ./Drivers/STM32F7xx_HAL_Driver/Src/stm32f7xx_hal_tim.o
                0x0000000008005db2                HAL_TIM_Base_MspInit
 .text.HAL_TIM_Base_Start_IT
                0x0000000008005db4       0x90 ./Drivers/STM32F7xx_HAL_Driver/Src/stm32f7xx_hal_tim.o
                0x0000000008005db4                HAL_TIM_Base_Start_IT
 .text.HAL_TIM_OC_DelayElapsedCallback
                0x0000000008005e44        0x2 ./Drivers/STM32F7xx_HAL_Driver/Src/stm32f7xx_hal_tim.o
                0x0000000008005e44                HAL_TIM_OC_DelayElapsedCallback
 .text.HAL_TIM_IC_CaptureCallback
                0x0000000008005e46        0x2 ./Drivers/STM32F7xx_HAL_Driver/Src/stm32f7xx_hal_tim.o
                0x0000000008005e46                HAL_TIM_IC_CaptureCallback
 .text.HAL_TIM_PWM_PulseFinishedCallback
                0x0000000008005e48        0x2 ./Drivers/STM32F7xx_HAL_Driver/Src/stm32f7xx_hal_tim.o
                0x0000000008005e48                HAL_TIM_PWM_PulseFinishedCallback
 .text.HAL_TIM_TriggerCallback
                0x0000000008005e4a        0x2 ./Drivers/STM32F7xx_HAL_Driver/Src/stm32f7xx_hal_tim.o
                0x0000000008005e4a                HAL_TIM_TriggerCallback
 .text.HAL_TIM_IRQHandler
                0x0000000008005e4c      0x19a ./Drivers/STM32F7xx_HAL_Driver/Src/stm32f7xx_hal_tim.o
                0x0000000008005e4c                HAL_TIM_IRQHandler
 *fill*         0x0000000008005fe6        0x2 
 .text.TIM_Base_SetConfig
                0x0000000008005fe8      0x110 ./Drivers/STM32F7xx_HAL_Driver/Src/stm32f7xx_hal_tim.o
                0x0000000008005fe8                TIM_Base_SetConfig
 .text.HAL_TIM_Base_Init
                0x00000000080060f8       0x60 ./Drivers/STM32F7xx_HAL_Driver/Src/stm32f7xx_hal_tim.o
                0x00000000080060f8                HAL_TIM_Base_Init
 .text.HAL_TIMEx_CommutCallback
                0x0000000008006158        0x2 ./Drivers/STM32F7xx_HAL_Driver/Src/stm32f7xx_hal_tim_ex.o
                0x0000000008006158                HAL_TIMEx_CommutCallback
 .text.HAL_TIMEx_BreakCallback
                0x000000000800615a        0x2 ./Drivers/STM32F7xx_HAL_Driver/Src/stm32f7xx_hal_tim_ex.o
                0x000000000800615a                HAL_TIMEx_BreakCallback
 .text.HAL_TIMEx_Break2Callback
                0x000000000800615c        0x2 ./Drivers/STM32F7xx_HAL_Driver/Src/stm32f7xx_hal_tim_ex.o
                0x000000000800615c                HAL_TIMEx_Break2Callback
 *fill*         0x000000000800615e        0x2 
 .text.FMC_SDRAM_Init
                0x0000000008006160       0x74 ./Drivers/STM32F7xx_HAL_Driver/Src/stm32f7xx_ll_fmc.o
                0x0000000008006160                FMC_SDRAM_Init
 .text.FMC_SDRAM_Timing_Init
                0x00000000080061d4       0xa8 ./Drivers/STM32F7xx_HAL_Driver/Src/stm32f7xx_ll_fmc.o
                0x00000000080061d4                FMC_SDRAM_Timing_Init
 .text.__libc_init_array
                0x000000000800627c       0x48 c:/st/stm32cubeide_1.12.1/stm32cubeide/plugins/com.st.stm32cube.ide.mcu.externaltools.gnu-tools-for-stm32.10.3-2021.10.win32_1.0.200.202301161003/tools/bin/../lib/gcc/arm-none-eabi/10.3.1/../../../../arm-none-eabi/lib/thumb/v7e-m+fp/hard\libc_nano.a(lib_a-init.o)
                0x000000000800627c                __libc_init_array
 .text.memset   0x00000000080062c4       0x10 c:/st/stm32cubeide_1.12.1/stm32cubeide/plugins/com.st.stm32cube.ide.mcu.externaltools.gnu-tools-for-stm32.10.3-2021.10.win32_1.0.200.202301161003/tools/bin/../lib/gcc/arm-none-eabi/10.3.1/../../../../arm-none-eabi/lib/thumb/v7e-m+fp/hard\libc_nano.a(lib_a-memset.o)
                0x00000000080062c4                memset
 *(.glue_7)
 .glue_7        0x00000000080062d4        0x0 linker stubs
 *(.glue_7t)
 .glue_7t       0x00000000080062d4        0x0 linker stubs
 *(.eh_frame)
 .eh_frame      0x00000000080062d4        0x0 c:/st/stm32cubeide_1.12.1/stm32cubeide/plugins/com.st.stm32cube.ide.mcu.externaltools.gnu-tools-for-stm32.10.3-2021.10.win32_1.0.200.202301161003/tools/bin/../lib/gcc/arm-none-eabi/10.3.1/thumb/v7e-m+fp/hard/crtbegin.o
 *(.init)
 .init          0x00000000080062d4        0x4 c:/st/stm32cubeide_1.12.1/stm32cubeide/plugins/com.st.stm32cube.ide.mcu.externaltools.gnu-tools-for-stm32.10.3-2021.10.win32_1.0.200.202301161003/tools/bin/../lib/gcc/arm-none-eabi/10.3.1/thumb/v7e-m+fp/hard/crti.o
                0x00000000080062d4                _init
 .init          0x00000000080062d8        0x8 c:/st/stm32cubeide_1.12.1/stm32cubeide/plugins/com.st.stm32cube.ide.mcu.externaltools.gnu-tools-for-stm32.10.3-2021.10.win32_1.0.200.202301161003/tools/bin/../lib/gcc/arm-none-eabi/10.3.1/thumb/v7e-m+fp/hard/crtn.o
 *(.fini)
 .fini          0x00000000080062e0        0x4 c:/st/stm32cubeide_1.12.1/stm32cubeide/plugins/com.st.stm32cube.ide.mcu.externaltools.gnu-tools-for-stm32.10.3-2021.10.win32_1.0.200.202301161003/tools/bin/../lib/gcc/arm-none-eabi/10.3.1/thumb/v7e-m+fp/hard/crti.o
                0x00000000080062e0                _fini
 .fini          0x00000000080062e4        0x8 c:/st/stm32cubeide_1.12.1/stm32cubeide/plugins/com.st.stm32cube.ide.mcu.externaltools.gnu-tools-for-stm32.10.3-2021.10.win32_1.0.200.202301161003/tools/bin/../lib/gcc/arm-none-eabi/10.3.1/thumb/v7e-m+fp/hard/crtn.o
                0x00000000080062ec                . = ALIGN (0x4)
                0x00000000080062ec                _etext = .

.vfp11_veneer   0x00000000080062ec        0x0
 .vfp11_veneer  0x00000000080062ec        0x0 linker stubs

.v4_bx          0x00000000080062ec        0x0
 .v4_bx         0x00000000080062ec        0x0 linker stubs

.iplt           0x00000000080062ec        0x0
 .iplt          0x00000000080062ec        0x0 c:/st/stm32cubeide_1.12.1/stm32cubeide/plugins/com.st.stm32cube.ide.mcu.externaltools.gnu-tools-for-stm32.10.3-2021.10.win32_1.0.200.202301161003/tools/bin/../lib/gcc/arm-none-eabi/10.3.1/thumb/v7e-m+fp/hard/crtbegin.o

.rodata         0x00000000080062ec     0x1d60
                0x00000000080062ec                . = ALIGN (0x4)
 *(.rodata)
 *(.rodata*)
 .rodata.calibri
                0x00000000080062ec     0x1ca6 ./Core/SimpleGraphics/Font.o
                0x00000000080062ec                calibri
 *fill*         0x0000000008007f92        0x2 
 .rodata.MainFunc.str1.4
                0x0000000008007f94       0x9e ./Core/Src/Code.o
 *fill*         0x0000000008008032        0x2 
 .rodata.AHBPrescTable
                0x0000000008008034       0x10 ./Core/Src/system_stm32f7xx.o
                0x0000000008008034                AHBPrescTable
 .rodata.APBPrescTable
                0x0000000008008044        0x8 ./Core/Src/system_stm32f7xx.o
                0x0000000008008044                APBPrescTable
                0x000000000800804c                . = ALIGN (0x4)

.ARM.extab      0x000000000800804c        0x0
                0x000000000800804c                . = ALIGN (0x4)
 *(.ARM.extab* .gnu.linkonce.armextab.*)
                0x000000000800804c                . = ALIGN (0x4)

.ARM            0x000000000800804c        0x8
                0x000000000800804c                . = ALIGN (0x4)
                0x000000000800804c                __exidx_start = .
 *(.ARM.exidx*)
 .ARM.exidx     0x000000000800804c        0x8 c:/st/stm32cubeide_1.12.1/stm32cubeide/plugins/com.st.stm32cube.ide.mcu.externaltools.gnu-tools-for-stm32.10.3-2021.10.win32_1.0.200.202301161003/tools/bin/../lib/gcc/arm-none-eabi/10.3.1/thumb/v7e-m+fp/hard\libgcc.a(_udivmoddi4.o)
                0x0000000008008054                __exidx_end = .
                0x0000000008008054                . = ALIGN (0x4)

.rel.dyn        0x0000000008008054        0x0
 .rel.iplt      0x0000000008008054        0x0 c:/st/stm32cubeide_1.12.1/stm32cubeide/plugins/com.st.stm32cube.ide.mcu.externaltools.gnu-tools-for-stm32.10.3-2021.10.win32_1.0.200.202301161003/tools/bin/../lib/gcc/arm-none-eabi/10.3.1/thumb/v7e-m+fp/hard/crtbegin.o

.preinit_array  0x0000000008008054        0x0
                0x0000000008008054                . = ALIGN (0x4)
                0x0000000008008054                PROVIDE (__preinit_array_start = .)
 *(.preinit_array*)
                0x0000000008008054                PROVIDE (__preinit_array_end = .)
                0x0000000008008054                . = ALIGN (0x4)

.init_array     0x0000000008008054        0x4
                0x0000000008008054                . = ALIGN (0x4)
                0x0000000008008054                PROVIDE (__init_array_start = .)
 *(SORT_BY_NAME(.init_array.*))
 *(.init_array*)
 .init_array    0x0000000008008054        0x4 c:/st/stm32cubeide_1.12.1/stm32cubeide/plugins/com.st.stm32cube.ide.mcu.externaltools.gnu-tools-for-stm32.10.3-2021.10.win32_1.0.200.202301161003/tools/bin/../lib/gcc/arm-none-eabi/10.3.1/thumb/v7e-m+fp/hard/crtbegin.o
                0x0000000008008058                PROVIDE (__init_array_end = .)
                0x0000000008008058                . = ALIGN (0x4)

.fini_array     0x0000000008008058        0x4
                0x0000000008008058                . = ALIGN (0x4)
                [!provide]                        PROVIDE (__fini_array_start = .)
 *(SORT_BY_NAME(.fini_array.*))
 *(.fini_array*)
 .fini_array    0x0000000008008058        0x4 c:/st/stm32cubeide_1.12.1/stm32cubeide/plugins/com.st.stm32cube.ide.mcu.externaltools.gnu-tools-for-stm32.10.3-2021.10.win32_1.0.200.202301161003/tools/bin/../lib/gcc/arm-none-eabi/10.3.1/thumb/v7e-m+fp/hard/crtbegin.o
                [!provide]                        PROVIDE (__fini_array_end = .)
                0x000000000800805c                . = ALIGN (0x4)
                0x000000000800805c                _sidata = LOADADDR (.data)

.data           0x0000000020000000       0x14 load address 0x000000000800805c
                0x0000000020000000                . = ALIGN (0x4)
                0x0000000020000000                _sdata = .
 *(.data)
 *(.data*)
 .data.DispHeight
                0x0000000020000000        0x4 ./Core/SimpleGraphics/SimpleGraphics.o
                0x0000000020000000                DispHeight
 .data.DispWidth
                0x0000000020000004        0x4 ./Core/SimpleGraphics/SimpleGraphics.o
                0x0000000020000004                DispWidth
 .data.SystemCoreClock
                0x0000000020000008        0x4 ./Core/Src/system_stm32f7xx.o
                0x0000000020000008                SystemCoreClock
 .data.uwTickFreq
                0x000000002000000c        0x1 ./Drivers/STM32F7xx_HAL_Driver/Src/stm32f7xx_hal.o
                0x000000002000000c                uwTickFreq
 *fill*         0x000000002000000d        0x3 
 .data.uwTickPrio
                0x0000000020000010        0x4 ./Drivers/STM32F7xx_HAL_Driver/Src/stm32f7xx_hal.o
                0x0000000020000010                uwTickPrio
 *(.RamFunc)
 *(.RamFunc*)
                0x0000000020000014                . = ALIGN (0x4)
                0x0000000020000014                _edata = .

.igot.plt       0x0000000020000014        0x0 load address 0x0000000008008070
 .igot.plt      0x0000000020000014        0x0 c:/st/stm32cubeide_1.12.1/stm32cubeide/plugins/com.st.stm32cube.ide.mcu.externaltools.gnu-tools-for-stm32.10.3-2021.10.win32_1.0.200.202301161003/tools/bin/../lib/gcc/arm-none-eabi/10.3.1/thumb/v7e-m+fp/hard/crtbegin.o
                0x0000000020000014                . = ALIGN (0x4)

.bss            0x0000000020000014    0x3ff14 load address 0x0000000008008070
                0x0000000020000014                _sbss = .
                0x0000000020000014                __bss_start__ = _sbss
 *(.bss)
 .bss           0x0000000020000014       0x1c c:/st/stm32cubeide_1.12.1/stm32cubeide/plugins/com.st.stm32cube.ide.mcu.externaltools.gnu-tools-for-stm32.10.3-2021.10.win32_1.0.200.202301161003/tools/bin/../lib/gcc/arm-none-eabi/10.3.1/thumb/v7e-m+fp/hard/crtbegin.o
 *(.bss*)
 .bss.LCD_FRAME_BUFFER0
                0x0000000020000030        0x4 ./Core/SimpleGraphics/Graphics_IO.o
                0x0000000020000030                LCD_FRAME_BUFFER0
 .bss.TS_State  0x0000000020000034       0x2c ./Core/SimpleGraphics/Graphics_IO.o
                0x0000000020000034                TS_State
 .bss.BarColor  0x0000000020000060        0x4 ./Core/SimpleGraphics/SimpleGraphics.o
                0x0000000020000060                BarColor
 .bss.BarColor2
                0x0000000020000064        0x4 ./Core/SimpleGraphics/SimpleGraphics.o
                0x0000000020000064                BarColor2
 .bss.BarColor3
                0x0000000020000068        0x4 ./Core/SimpleGraphics/SimpleGraphics.o
                0x0000000020000068                BarColor3
 .bss.ButtonColor
                0x000000002000006c        0x4 ./Core/SimpleGraphics/SimpleGraphics.o
                0x000000002000006c                ButtonColor
 .bss.ButtonFrameColor
                0x0000000020000070        0x4 ./Core/SimpleGraphics/SimpleGraphics.o
                0x0000000020000070                ButtonFrameColor
 .bss.ButtonSelectedColor
                0x0000000020000074        0x4 ./Core/SimpleGraphics/SimpleGraphics.o
                0x0000000020000074                ButtonSelectedColor
 .bss.ButtonTextColor
                0x0000000020000078        0x4 ./Core/SimpleGraphics/SimpleGraphics.o
                0x0000000020000078                ButtonTextColor
 .bss.ColorType
                0x000000002000007c        0x1 ./Core/SimpleGraphics/SimpleGraphics.o
                0x000000002000007c                ColorType
 *fill*         0x000000002000007d        0x1 
 .bss.CrPosX1   0x000000002000007e        0x2 ./Core/SimpleGraphics/SimpleGraphics.o
                0x000000002000007e                CrPosX1
 .bss.CrPosX2   0x0000000020000080        0x2 ./Core/SimpleGraphics/SimpleGraphics.o
                0x0000000020000080                CrPosX2
 .bss.CrPosX3   0x0000000020000082        0x2 ./Core/SimpleGraphics/SimpleGraphics.o
                0x0000000020000082                CrPosX3
 .bss.CrPosX4   0x0000000020000084        0x2 ./Core/SimpleGraphics/SimpleGraphics.o
                0x0000000020000084                CrPosX4
 .bss.CrPosX5   0x0000000020000086        0x2 ./Core/SimpleGraphics/SimpleGraphics.o
                0x0000000020000086                CrPosX5
 .bss.CrPosY1   0x0000000020000088        0x2 ./Core/SimpleGraphics/SimpleGraphics.o
                0x0000000020000088                CrPosY1
 .bss.CrPosY2   0x000000002000008a        0x2 ./Core/SimpleGraphics/SimpleGraphics.o
                0x000000002000008a                CrPosY2
 .bss.CrPosY3   0x000000002000008c        0x2 ./Core/SimpleGraphics/SimpleGraphics.o
                0x000000002000008c                CrPosY3
 .bss.CrPosY4   0x000000002000008e        0x2 ./Core/SimpleGraphics/SimpleGraphics.o
                0x000000002000008e                CrPosY4
 .bss.CrPosY5   0x0000000020000090        0x2 ./Core/SimpleGraphics/SimpleGraphics.o
                0x0000000020000090                CrPosY5
 .bss.CrSt.4    0x0000000020000092        0x1 ./Core/SimpleGraphics/SimpleGraphics.o
 .bss.CrStatus  0x0000000020000093        0x1 ./Core/SimpleGraphics/SimpleGraphics.o
                0x0000000020000093                CrStatus
 .bss.CrStep    0x0000000020000094        0x2 ./Core/SimpleGraphics/SimpleGraphics.o
                0x0000000020000094                CrStep
 .bss.Dist.1    0x0000000020000096        0x2 ./Core/SimpleGraphics/SimpleGraphics.o
 .bss.LabelBackgroundColor
                0x0000000020000098        0x4 ./Core/SimpleGraphics/SimpleGraphics.o
                0x0000000020000098                LabelBackgroundColor
 .bss.LabelColor
                0x000000002000009c        0x4 ./Core/SimpleGraphics/SimpleGraphics.o
                0x000000002000009c                LabelColor
 .bss.LabelSelectedColor
                0x00000000200000a0        0x4 ./Core/SimpleGraphics/SimpleGraphics.o
                0x00000000200000a0                LabelSelectedColor
 .bss.WindowBarColor
                0x00000000200000a4        0x4 ./Core/SimpleGraphics/SimpleGraphics.o
                0x00000000200000a4                WindowBarColor
 .bss.WindowBarHColor
                0x00000000200000a8        0x4 ./Core/SimpleGraphics/SimpleGraphics.o
                0x00000000200000a8                WindowBarHColor
 .bss.WindowBarLColor
                0x00000000200000ac        0x4 ./Core/SimpleGraphics/SimpleGraphics.o
                0x00000000200000ac                WindowBarLColor
 .bss.WindowColor
                0x00000000200000b0        0x4 ./Core/SimpleGraphics/SimpleGraphics.o
                0x00000000200000b0                WindowColor
 .bss.WindowFrameColor
                0x00000000200000b4        0x4 ./Core/SimpleGraphics/SimpleGraphics.o
                0x00000000200000b4                WindowFrameColor
 .bss.WindowFrameThickness
                0x00000000200000b8        0x1 ./Core/SimpleGraphics/SimpleGraphics.o
                0x00000000200000b8                WindowFrameThickness
 *fill*         0x00000000200000b9        0x3 
 .bss.WindowTextColor
                0x00000000200000bc        0x4 ./Core/SimpleGraphics/SimpleGraphics.o
                0x00000000200000bc                WindowTextColor
 .bss.isRange.0
                0x00000000200000c0        0x1 ./Core/SimpleGraphics/SimpleGraphics.o
 *fill*         0x00000000200000c1        0x1 
 .bss.x1.3      0x00000000200000c2        0x2 ./Core/SimpleGraphics/SimpleGraphics.o
 .bss.y1.2      0x00000000200000c4        0x2 ./Core/SimpleGraphics/SimpleGraphics.o
 *fill*         0x00000000200000c6        0x2 
 .bss._x.1      0x00000000200000c8       0x14 ./Core/SimpleGraphics/Touch.o
 .bss._y.0      0x00000000200000dc       0x14 ./Core/SimpleGraphics/Touch.o
 .bss.coord.2   0x00000000200000f0        0x2 ./Core/SimpleGraphics/Touch.o
 *fill*         0x00000000200000f2        0x2 
 .bss.ft5336_handle
                0x00000000200000f4        0x3 ./Core/SimpleGraphics/Touch.o
 .bss.tsOrientation
                0x00000000200000f7        0x1 ./Core/SimpleGraphics/Touch.o
 .bss.RGB       0x00000000200000f8    0x3fc00 ./Core/Src/Code.o
                0x00000000200000f8                RGB
 .bss.ds        0x000000002003fcf8       0x54 ./Core/Src/Code.o
                0x000000002003fcf8                ds
 .bss.hdma2d    0x000000002003fd4c       0x40 ./Core/Src/main.o
                0x000000002003fd4c                hdma2d
 .bss.hi2c3     0x000000002003fd8c       0x4c ./Core/Src/main.o
                0x000000002003fd8c                hi2c3
 .bss.hltdc     0x000000002003fdd8       0xa8 ./Core/Src/main.o
                0x000000002003fdd8                hltdc
 .bss.hrtc      0x000000002003fe80       0x20 ./Core/Src/main.o
                0x000000002003fe80                hrtc
 .bss.hsdram1   0x000000002003fea0       0x34 ./Core/Src/main.o
                0x000000002003fea0                hsdram1
 .bss.FMC_Initialized
                0x000000002003fed4        0x4 ./Core/Src/stm32f7xx_hal_msp.o
 .bss.htim6     0x000000002003fed8       0x4c ./Core/Src/stm32f7xx_hal_timebase_tim.o
                0x000000002003fed8                htim6
 .bss.uwTick    0x000000002003ff24        0x4 ./Drivers/STM32F7xx_HAL_Driver/Src/stm32f7xx_hal.o
                0x000000002003ff24                uwTick
 *(COMMON)
                0x000000002003ff28                . = ALIGN (0x4)
                0x000000002003ff28                _ebss = .
                0x000000002003ff28                __bss_end__ = _ebss

._user_heap_stack
                0x000000002003ff28      0x600 load address 0x0000000008008070
                0x000000002003ff28                . = ALIGN (0x8)
                [!provide]                        PROVIDE (end = .)
                [!provide]                        PROVIDE (_end = .)
                0x0000000020040128                . = (. + _Min_Heap_Size)
 *fill*         0x000000002003ff28      0x200 
                0x0000000020040528                . = (. + _Min_Stack_Size)
 *fill*         0x0000000020040128      0x400 
                0x0000000020040528                . = ALIGN (0x8)

/DISCARD/
 libc.a(*)
 libm.a(*)
 libgcc.a(*)

.ARM.attributes
                0x0000000000000000       0x30
 *(.ARM.attributes)
 .ARM.attributes
                0x0000000000000000       0x1e c:/st/stm32cubeide_1.12.1/stm32cubeide/plugins/com.st.stm32cube.ide.mcu.externaltools.gnu-tools-for-stm32.10.3-2021.10.win32_1.0.200.202301161003/tools/bin/../lib/gcc/arm-none-eabi/10.3.1/thumb/v7e-m+fp/hard/crti.o
 .ARM.attributes
                0x000000000000001e       0x34 c:/st/stm32cubeide_1.12.1/stm32cubeide/plugins/com.st.stm32cube.ide.mcu.externaltools.gnu-tools-for-stm32.10.3-2021.10.win32_1.0.200.202301161003/tools/bin/../lib/gcc/arm-none-eabi/10.3.1/thumb/v7e-m+fp/hard/crtbegin.o
 .ARM.attributes
                0x0000000000000052       0x34 ./Core/SimpleGraphics/Font.o
 .ARM.attributes
                0x0000000000000086       0x34 ./Core/SimpleGraphics/Graphics_IO.o
 .ARM.attributes
                0x00000000000000ba       0x34 ./Core/SimpleGraphics/SimpleGraphics.o
 .ARM.attributes
                0x00000000000000ee       0x34 ./Core/SimpleGraphics/Touch.o
 .ARM.attributes
                0x0000000000000122       0x34 ./Core/Src/Code.o
 .ARM.attributes
                0x0000000000000156       0x34 ./Core/Src/main.o
 .ARM.attributes
                0x000000000000018a       0x34 ./Core/Src/stm32f7xx_hal_msp.o
 .ARM.attributes
                0x00000000000001be       0x34 ./Core/Src/stm32f7xx_hal_timebase_tim.o
 .ARM.attributes
                0x00000000000001f2       0x34 ./Core/Src/stm32f7xx_it.o
 .ARM.attributes
                0x0000000000000226       0x34 ./Core/Src/system_stm32f7xx.o
 .ARM.attributes
                0x000000000000025a       0x21 ./Core/Startup/startup_stm32f746nghx.o
 .ARM.attributes
                0x000000000000027b       0x34 ./Drivers/STM32F7xx_HAL_Driver/Src/stm32f7xx_hal.o
 .ARM.attributes
                0x00000000000002af       0x34 ./Drivers/STM32F7xx_HAL_Driver/Src/stm32f7xx_hal_cortex.o
 .ARM.attributes
                0x00000000000002e3       0x34 ./Drivers/STM32F7xx_HAL_Driver/Src/stm32f7xx_hal_dma2d.o
 .ARM.attributes
                0x0000000000000317       0x34 ./Drivers/STM32F7xx_HAL_Driver/Src/stm32f7xx_hal_gpio.o
 .ARM.attributes
                0x000000000000034b       0x34 ./Drivers/STM32F7xx_HAL_Driver/Src/stm32f7xx_hal_i2c.o
 .ARM.attributes
                0x000000000000037f       0x34 ./Drivers/STM32F7xx_HAL_Driver/Src/stm32f7xx_hal_i2c_ex.o
 .ARM.attributes
                0x00000000000003b3       0x34 ./Drivers/STM32F7xx_HAL_Driver/Src/stm32f7xx_hal_ltdc.o
 .ARM.attributes
                0x00000000000003e7       0x34 ./Drivers/STM32F7xx_HAL_Driver/Src/stm32f7xx_hal_pwr.o
 .ARM.attributes
                0x000000000000041b       0x34 ./Drivers/STM32F7xx_HAL_Driver/Src/stm32f7xx_hal_pwr_ex.o
 .ARM.attributes
                0x000000000000044f       0x34 ./Drivers/STM32F7xx_HAL_Driver/Src/stm32f7xx_hal_rcc.o
 .ARM.attributes
                0x0000000000000483       0x34 ./Drivers/STM32F7xx_HAL_Driver/Src/stm32f7xx_hal_rcc_ex.o
 .ARM.attributes
                0x00000000000004b7       0x34 ./Drivers/STM32F7xx_HAL_Driver/Src/stm32f7xx_hal_rtc.o
 .ARM.attributes
                0x00000000000004eb       0x34 ./Drivers/STM32F7xx_HAL_Driver/Src/stm32f7xx_hal_rtc_ex.o
 .ARM.attributes
                0x000000000000051f       0x34 ./Drivers/STM32F7xx_HAL_Driver/Src/stm32f7xx_hal_sdram.o
 .ARM.attributes
                0x0000000000000553       0x34 ./Drivers/STM32F7xx_HAL_Driver/Src/stm32f7xx_hal_tim.o
 .ARM.attributes
                0x0000000000000587       0x34 ./Drivers/STM32F7xx_HAL_Driver/Src/stm32f7xx_hal_tim_ex.o
 .ARM.attributes
                0x00000000000005bb       0x34 ./Drivers/STM32F7xx_HAL_Driver/Src/stm32f7xx_ll_fmc.o
 .ARM.attributes
                0x00000000000005ef       0x34 c:/st/stm32cubeide_1.12.1/stm32cubeide/plugins/com.st.stm32cube.ide.mcu.externaltools.gnu-tools-for-stm32.10.3-2021.10.win32_1.0.200.202301161003/tools/bin/../lib/gcc/arm-none-eabi/10.3.1/../../../../arm-none-eabi/lib/thumb/v7e-m+fp/hard\libc_nano.a(lib_a-init.o)
 .ARM.attributes
                0x0000000000000623       0x34 c:/st/stm32cubeide_1.12.1/stm32cubeide/plugins/com.st.stm32cube.ide.mcu.externaltools.gnu-tools-for-stm32.10.3-2021.10.win32_1.0.200.202301161003/tools/bin/../lib/gcc/arm-none-eabi/10.3.1/../../../../arm-none-eabi/lib/thumb/v7e-m+fp/hard\libc_nano.a(lib_a-memset.o)
 .ARM.attributes
                0x0000000000000657       0x1e c:/st/stm32cubeide_1.12.1/stm32cubeide/plugins/com.st.stm32cube.ide.mcu.externaltools.gnu-tools-for-stm32.10.3-2021.10.win32_1.0.200.202301161003/tools/bin/../lib/gcc/arm-none-eabi/10.3.1/thumb/v7e-m+fp/hard\libgcc.a(_aeabi_uldivmod.o)
 .ARM.attributes
                0x0000000000000675       0x34 c:/st/stm32cubeide_1.12.1/stm32cubeide/plugins/com.st.stm32cube.ide.mcu.externaltools.gnu-tools-for-stm32.10.3-2021.10.win32_1.0.200.202301161003/tools/bin/../lib/gcc/arm-none-eabi/10.3.1/thumb/v7e-m+fp/hard\libgcc.a(_udivmoddi4.o)
 .ARM.attributes
                0x00000000000006a9       0x1e c:/st/stm32cubeide_1.12.1/stm32cubeide/plugins/com.st.stm32cube.ide.mcu.externaltools.gnu-tools-for-stm32.10.3-2021.10.win32_1.0.200.202301161003/tools/bin/../lib/gcc/arm-none-eabi/10.3.1/thumb/v7e-m+fp/hard\libgcc.a(_dvmd_tls.o)
 .ARM.attributes
                0x00000000000006c7       0x1e c:/st/stm32cubeide_1.12.1/stm32cubeide/plugins/com.st.stm32cube.ide.mcu.externaltools.gnu-tools-for-stm32.10.3-2021.10.win32_1.0.200.202301161003/tools/bin/../lib/gcc/arm-none-eabi/10.3.1/thumb/v7e-m+fp/hard/crtn.o
OUTPUT(SimpleGraphics.elf elf32-littlearm)
LOAD linker stubs
LOAD c:/st/stm32cubeide_1.12.1/stm32cubeide/plugins/com.st.stm32cube.ide.mcu.externaltools.gnu-tools-for-stm32.10.3-2021.10.win32_1.0.200.202301161003/tools/bin/../lib/gcc/arm-none-eabi/10.3.1/../../../../arm-none-eabi/lib/thumb/v7e-m+fp/hard\libc.a
LOAD c:/st/stm32cubeide_1.12.1/stm32cubeide/plugins/com.st.stm32cube.ide.mcu.externaltools.gnu-tools-for-stm32.10.3-2021.10.win32_1.0.200.202301161003/tools/bin/../lib/gcc/arm-none-eabi/10.3.1/../../../../arm-none-eabi/lib/thumb/v7e-m+fp/hard\libm.a
LOAD c:/st/stm32cubeide_1.12.1/stm32cubeide/plugins/com.st.stm32cube.ide.mcu.externaltools.gnu-tools-for-stm32.10.3-2021.10.win32_1.0.200.202301161003/tools/bin/../lib/gcc/arm-none-eabi/10.3.1/thumb/v7e-m+fp/hard\libgcc.a

.debug_info     0x0000000000000000    0x240a0
 .debug_info    0x0000000000000000       0x5d ./Core/SimpleGraphics/Font.o
 .debug_info    0x000000000000005d      0x5d8 ./Core/SimpleGraphics/Graphics_IO.o
 .debug_info    0x0000000000000635     0x3f5a ./Core/SimpleGraphics/SimpleGraphics.o
 .debug_info    0x000000000000458f      0xf8c ./Core/SimpleGraphics/Touch.o
 .debug_info    0x000000000000551b     0x168c ./Core/Src/Code.o
 .debug_info    0x0000000000006ba7     0x3264 ./Core/Src/main.o
 .debug_info    0x0000000000009e0b     0x241f ./Core/Src/stm32f7xx_hal_msp.o
 .debug_info    0x000000000000c22a      0xd8a ./Core/Src/stm32f7xx_hal_timebase_tim.o
 .debug_info    0x000000000000cfb4      0xeca ./Core/Src/stm32f7xx_it.o
 .debug_info    0x000000000000de7e      0x745 ./Core/Src/system_stm32f7xx.o
 .debug_info    0x000000000000e5c3       0x22 ./Core/Startup/startup_stm32f746nghx.o
 .debug_info    0x000000000000e5e5      0xb24 ./Drivers/STM32F7xx_HAL_Driver/Src/stm32f7xx_hal.o
 .debug_info    0x000000000000f109     0x12db ./Drivers/STM32F7xx_HAL_Driver/Src/stm32f7xx_hal_cortex.o
 .debug_info    0x00000000000103e4     0x12f4 ./Drivers/STM32F7xx_HAL_Driver/Src/stm32f7xx_hal_dma2d.o
 .debug_info    0x00000000000116d8      0x7de ./Drivers/STM32F7xx_HAL_Driver/Src/stm32f7xx_hal_gpio.o
 .debug_info    0x0000000000011eb6     0x3ffe ./Drivers/STM32F7xx_HAL_Driver/Src/stm32f7xx_hal_i2c.o
 .debug_info    0x0000000000015eb4      0x9d1 ./Drivers/STM32F7xx_HAL_Driver/Src/stm32f7xx_hal_i2c_ex.o
 .debug_info    0x0000000000016885     0x154c ./Drivers/STM32F7xx_HAL_Driver/Src/stm32f7xx_hal_ltdc.o
 .debug_info    0x0000000000017dd1      0x99e ./Drivers/STM32F7xx_HAL_Driver/Src/stm32f7xx_hal_pwr.o
 .debug_info    0x000000000001876f      0xa24 ./Drivers/STM32F7xx_HAL_Driver/Src/stm32f7xx_hal_pwr_ex.o
 .debug_info    0x0000000000019193      0xbdc ./Drivers/STM32F7xx_HAL_Driver/Src/stm32f7xx_hal_rcc.o
 .debug_info    0x0000000000019d6f      0x899 ./Drivers/STM32F7xx_HAL_Driver/Src/stm32f7xx_hal_rcc_ex.o
 .debug_info    0x000000000001a608     0x10bb ./Drivers/STM32F7xx_HAL_Driver/Src/stm32f7xx_hal_rtc.o
 .debug_info    0x000000000001b6c3     0x1344 ./Drivers/STM32F7xx_HAL_Driver/Src/stm32f7xx_hal_rtc_ex.o
 .debug_info    0x000000000001ca07      0xfcd ./Drivers/STM32F7xx_HAL_Driver/Src/stm32f7xx_hal_sdram.o
 .debug_info    0x000000000001d9d4     0x3d39 ./Drivers/STM32F7xx_HAL_Driver/Src/stm32f7xx_hal_tim.o
 .debug_info    0x000000000002170d     0x1bfc ./Drivers/STM32F7xx_HAL_Driver/Src/stm32f7xx_hal_tim_ex.o
 .debug_info    0x0000000000023309      0xd97 ./Drivers/STM32F7xx_HAL_Driver/Src/stm32f7xx_ll_fmc.o

.debug_abbrev   0x0000000000000000     0x3af1
 .debug_abbrev  0x0000000000000000       0x4a ./Core/SimpleGraphics/Font.o
 .debug_abbrev  0x000000000000004a      0x23c ./Core/SimpleGraphics/Graphics_IO.o
 .debug_abbrev  0x0000000000000286      0x32f ./Core/SimpleGraphics/SimpleGraphics.o
 .debug_abbrev  0x00000000000005b5      0x2d3 ./Core/SimpleGraphics/Touch.o
 .debug_abbrev  0x0000000000000888      0x225 ./Core/Src/Code.o
 .debug_abbrev  0x0000000000000aad      0x348 ./Core/Src/main.o
 .debug_abbrev  0x0000000000000df5      0x296 ./Core/Src/stm32f7xx_hal_msp.o
 .debug_abbrev  0x000000000000108b      0x21b ./Core/Src/stm32f7xx_hal_timebase_tim.o
 .debug_abbrev  0x00000000000012a6      0x1af ./Core/Src/stm32f7xx_it.o
 .debug_abbrev  0x0000000000001455      0x13c ./Core/Src/system_stm32f7xx.o
 .debug_abbrev  0x0000000000001591       0x12 ./Core/Startup/startup_stm32f746nghx.o
 .debug_abbrev  0x00000000000015a3      0x245 ./Drivers/STM32F7xx_HAL_Driver/Src/stm32f7xx_hal.o
 .debug_abbrev  0x00000000000017e8      0x36d ./Drivers/STM32F7xx_HAL_Driver/Src/stm32f7xx_hal_cortex.o
 .debug_abbrev  0x0000000000001b55      0x25c ./Drivers/STM32F7xx_HAL_Driver/Src/stm32f7xx_hal_dma2d.o
 .debug_abbrev  0x0000000000001db1      0x1f2 ./Drivers/STM32F7xx_HAL_Driver/Src/stm32f7xx_hal_gpio.o
 .debug_abbrev  0x0000000000001fa3      0x28a ./Drivers/STM32F7xx_HAL_Driver/Src/stm32f7xx_hal_i2c.o
 .debug_abbrev  0x000000000000222d      0x1b6 ./Drivers/STM32F7xx_HAL_Driver/Src/stm32f7xx_hal_i2c_ex.o
 .debug_abbrev  0x00000000000023e3      0x21c ./Drivers/STM32F7xx_HAL_Driver/Src/stm32f7xx_hal_ltdc.o
 .debug_abbrev  0x00000000000025ff      0x1c5 ./Drivers/STM32F7xx_HAL_Driver/Src/stm32f7xx_hal_pwr.o
 .debug_abbrev  0x00000000000027c4      0x1e7 ./Drivers/STM32F7xx_HAL_Driver/Src/stm32f7xx_hal_pwr_ex.o
 .debug_abbrev  0x00000000000029ab      0x289 ./Drivers/STM32F7xx_HAL_Driver/Src/stm32f7xx_hal_rcc.o
 .debug_abbrev  0x0000000000002c34      0x1d6 ./Drivers/STM32F7xx_HAL_Driver/Src/stm32f7xx_hal_rcc_ex.o
 .debug_abbrev  0x0000000000002e0a      0x20c ./Drivers/STM32F7xx_HAL_Driver/Src/stm32f7xx_hal_rtc.o
 .debug_abbrev  0x0000000000003016      0x240 ./Drivers/STM32F7xx_HAL_Driver/Src/stm32f7xx_hal_rtc_ex.o
 .debug_abbrev  0x0000000000003256      0x24a ./Drivers/STM32F7xx_HAL_Driver/Src/stm32f7xx_hal_sdram.o
 .debug_abbrev  0x00000000000034a0      0x263 ./Drivers/STM32F7xx_HAL_Driver/Src/stm32f7xx_hal_tim.o
 .debug_abbrev  0x0000000000003703      0x25d ./Drivers/STM32F7xx_HAL_Driver/Src/stm32f7xx_hal_tim_ex.o
 .debug_abbrev  0x0000000000003960      0x191 ./Drivers/STM32F7xx_HAL_Driver/Src/stm32f7xx_ll_fmc.o

.debug_aranges  0x0000000000000000     0x16e0
 .debug_aranges
                0x0000000000000000       0x18 ./Core/SimpleGraphics/Font.o
 .debug_aranges
                0x0000000000000018       0x48 ./Core/SimpleGraphics/Graphics_IO.o
 .debug_aranges
                0x0000000000000060      0x1b8 ./Core/SimpleGraphics/SimpleGraphics.o
 .debug_aranges
                0x0000000000000218       0x70 ./Core/SimpleGraphics/Touch.o
 .debug_aranges
                0x0000000000000288       0x20 ./Core/Src/Code.o
 .debug_aranges
                0x00000000000002a8       0x70 ./Core/Src/main.o
 .debug_aranges
                0x0000000000000318       0x90 ./Core/Src/stm32f7xx_hal_msp.o
 .debug_aranges
                0x00000000000003a8       0x30 ./Core/Src/stm32f7xx_hal_timebase_tim.o
 .debug_aranges
                0x00000000000003d8       0x78 ./Core/Src/stm32f7xx_it.o
 .debug_aranges
                0x0000000000000450       0x28 ./Core/Src/system_stm32f7xx.o
 .debug_aranges
                0x0000000000000478       0x28 ./Core/Startup/startup_stm32f746nghx.o
 .debug_aranges
                0x00000000000004a0      0x100 ./Drivers/STM32F7xx_HAL_Driver/Src/stm32f7xx_hal.o
 .debug_aranges
                0x00000000000005a0       0xa8 ./Drivers/STM32F7xx_HAL_Driver/Src/stm32f7xx_hal_cortex.o
 .debug_aranges
                0x0000000000000648      0x118 ./Drivers/STM32F7xx_HAL_Driver/Src/stm32f7xx_hal_dma2d.o
 .debug_aranges
                0x0000000000000760       0x58 ./Drivers/STM32F7xx_HAL_Driver/Src/stm32f7xx_hal_gpio.o
 .debug_aranges
                0x00000000000007b8      0x290 ./Drivers/STM32F7xx_HAL_Driver/Src/stm32f7xx_hal_i2c.o
 .debug_aranges
                0x0000000000000a48       0x38 ./Drivers/STM32F7xx_HAL_Driver/Src/stm32f7xx_hal_i2c_ex.o
 .debug_aranges
                0x0000000000000a80      0x158 ./Drivers/STM32F7xx_HAL_Driver/Src/stm32f7xx_hal_ltdc.o
 .debug_aranges
                0x0000000000000bd8       0xa0 ./Drivers/STM32F7xx_HAL_Driver/Src/stm32f7xx_hal_pwr.o
 .debug_aranges
                0x0000000000000c78       0x80 ./Drivers/STM32F7xx_HAL_Driver/Src/stm32f7xx_hal_pwr_ex.o
 .debug_aranges
                0x0000000000000cf8       0x88 ./Drivers/STM32F7xx_HAL_Driver/Src/stm32f7xx_hal_rcc.o
 .debug_aranges
                0x0000000000000d80       0x50 ./Drivers/STM32F7xx_HAL_Driver/Src/stm32f7xx_hal_rcc_ex.o
 .debug_aranges
                0x0000000000000dd0       0xe0 ./Drivers/STM32F7xx_HAL_Driver/Src/stm32f7xx_hal_rtc.o
 .debug_aranges
                0x0000000000000eb0      0x140 ./Drivers/STM32F7xx_HAL_Driver/Src/stm32f7xx_hal_rtc_ex.o
 .debug_aranges
                0x0000000000000ff0       0xd0 ./Drivers/STM32F7xx_HAL_Driver/Src/stm32f7xx_hal_sdram.o
 .debug_aranges
                0x00000000000010c0      0x3e0 ./Drivers/STM32F7xx_HAL_Driver/Src/stm32f7xx_hal_tim.o
 .debug_aranges
                0x00000000000014a0      0x178 ./Drivers/STM32F7xx_HAL_Driver/Src/stm32f7xx_hal_tim_ex.o
 .debug_aranges
                0x0000000000001618       0xc8 ./Drivers/STM32F7xx_HAL_Driver/Src/stm32f7xx_ll_fmc.o

.debug_macro    0x0000000000000000    0x2a78c
 .debug_macro   0x0000000000000000       0x11 ./Core/SimpleGraphics/Font.o
 .debug_macro   0x0000000000000011      0xa78 ./Core/SimpleGraphics/Font.o
 .debug_macro   0x0000000000000a89      0x379 ./Core/SimpleGraphics/Graphics_IO.o
 .debug_macro   0x0000000000000e02      0x353 ./Core/SimpleGraphics/Graphics_IO.o
 .debug_macro   0x0000000000001155      0x2ab ./Core/SimpleGraphics/Graphics_IO.o
 .debug_macro   0x0000000000001400       0x2e ./Core/SimpleGraphics/Graphics_IO.o
 .debug_macro   0x000000000000142e       0x3b ./Core/SimpleGraphics/Graphics_IO.o
 .debug_macro   0x0000000000001469       0x22 ./Core/SimpleGraphics/Graphics_IO.o
 .debug_macro   0x000000000000148b       0x8e ./Core/SimpleGraphics/Graphics_IO.o
 .debug_macro   0x0000000000001519       0x51 ./Core/SimpleGraphics/Graphics_IO.o
 .debug_macro   0x000000000000156a      0x103 ./Core/SimpleGraphics/Graphics_IO.o
 .debug_macro   0x000000000000166d       0x6a ./Core/SimpleGraphics/Graphics_IO.o
 .debug_macro   0x00000000000016d7      0x1df ./Core/SimpleGraphics/Graphics_IO.o
 .debug_macro   0x00000000000018b6       0x1c ./Core/SimpleGraphics/Graphics_IO.o
 .debug_macro   0x00000000000018d2       0x22 ./Core/SimpleGraphics/Graphics_IO.o
 .debug_macro   0x00000000000018f4       0xd9 ./Core/SimpleGraphics/Graphics_IO.o
 .debug_macro   0x00000000000019cd     0x12cd ./Core/SimpleGraphics/Graphics_IO.o
 .debug_macro   0x0000000000002c9a      0x11f ./Core/SimpleGraphics/Graphics_IO.o
 .debug_macro   0x0000000000002db9       0x19 ./Core/SimpleGraphics/Graphics_IO.o
 .debug_macro   0x0000000000002dd2    0x191cb ./Core/SimpleGraphics/Graphics_IO.o
 .debug_macro   0x000000000001bf9d       0x43 ./Core/SimpleGraphics/Graphics_IO.o
 .debug_macro   0x000000000001bfe0     0x36c9 ./Core/SimpleGraphics/Graphics_IO.o
 .debug_macro   0x000000000001f6a9      0x174 ./Core/SimpleGraphics/Graphics_IO.o
 .debug_macro   0x000000000001f81d       0x63 ./Core/SimpleGraphics/Graphics_IO.o
 .debug_macro   0x000000000001f880     0x18ad ./Core/SimpleGraphics/Graphics_IO.o
 .debug_macro   0x000000000002112d      0x6c4 ./Core/SimpleGraphics/Graphics_IO.o
 .debug_macro   0x00000000000217f1      0x185 ./Core/SimpleGraphics/Graphics_IO.o
 .debug_macro   0x0000000000021976      0x117 ./Core/SimpleGraphics/Graphics_IO.o
 .debug_macro   0x0000000000021a8d      0x1fe ./Core/SimpleGraphics/Graphics_IO.o
 .debug_macro   0x0000000000021c8b       0x27 ./Core/SimpleGraphics/Graphics_IO.o
 .debug_macro   0x0000000000021cb2      0x24f ./Core/SimpleGraphics/Graphics_IO.o
 .debug_macro   0x0000000000021f01       0x41 ./Core/SimpleGraphics/Graphics_IO.o
 .debug_macro   0x0000000000021f42       0x58 ./Core/SimpleGraphics/Graphics_IO.o
 .debug_macro   0x0000000000021f9a      0x236 ./Core/SimpleGraphics/Graphics_IO.o
 .debug_macro   0x00000000000221d0      0x20f ./Core/SimpleGraphics/Graphics_IO.o
 .debug_macro   0x00000000000223df      0x14f ./Core/SimpleGraphics/Graphics_IO.o
 .debug_macro   0x000000000002252e      0x25b ./Core/SimpleGraphics/Graphics_IO.o
 .debug_macro   0x0000000000022789       0x12 ./Core/SimpleGraphics/Graphics_IO.o
 .debug_macro   0x000000000002279b      0x514 ./Core/SimpleGraphics/Graphics_IO.o
 .debug_macro   0x0000000000022caf      0x22c ./Core/SimpleGraphics/Graphics_IO.o
 .debug_macro   0x0000000000022edb       0x61 ./Core/SimpleGraphics/Graphics_IO.o
 .debug_macro   0x0000000000022f3c       0xa5 ./Core/SimpleGraphics/Graphics_IO.o
 .debug_macro   0x0000000000022fe1      0x198 ./Core/SimpleGraphics/Graphics_IO.o
 .debug_macro   0x0000000000023179       0xd6 ./Core/SimpleGraphics/Graphics_IO.o
 .debug_macro   0x000000000002324f      0x12f ./Core/SimpleGraphics/Graphics_IO.o
 .debug_macro   0x000000000002337e      0x108 ./Core/SimpleGraphics/Graphics_IO.o
 .debug_macro   0x0000000000023486       0x35 ./Core/SimpleGraphics/Graphics_IO.o
 .debug_macro   0x00000000000234bb      0x313 ./Core/SimpleGraphics/Graphics_IO.o
 .debug_macro   0x00000000000237ce      0x4ca ./Core/SimpleGraphics/Graphics_IO.o
 .debug_macro   0x0000000000023c98       0xd6 ./Core/SimpleGraphics/Graphics_IO.o
 .debug_macro   0x0000000000023d6e      0x773 ./Core/SimpleGraphics/Graphics_IO.o
 .debug_macro   0x00000000000244e1      0x1d5 ./Core/SimpleGraphics/Graphics_IO.o
 .debug_macro   0x00000000000246b6      0xa60 ./Core/SimpleGraphics/Graphics_IO.o
 .debug_macro   0x0000000000025116       0x59 ./Core/SimpleGraphics/Graphics_IO.o
 .debug_macro   0x000000000002516f      0x14e ./Core/SimpleGraphics/Graphics_IO.o
 .debug_macro   0x00000000000252bd       0x52 ./Core/SimpleGraphics/Graphics_IO.o
 .debug_macro   0x000000000002530f       0x1e ./Core/SimpleGraphics/Graphics_IO.o
 .debug_macro   0x000000000002532d       0x3c ./Core/SimpleGraphics/Graphics_IO.o
 .debug_macro   0x0000000000025369       0x34 ./Core/SimpleGraphics/Graphics_IO.o
 .debug_macro   0x000000000002539d       0x16 ./Core/SimpleGraphics/Graphics_IO.o
 .debug_macro   0x00000000000253b3       0x43 ./Core/SimpleGraphics/Graphics_IO.o
 .debug_macro   0x00000000000253f6       0x34 ./Core/SimpleGraphics/Graphics_IO.o
 .debug_macro   0x000000000002542a       0x10 ./Core/SimpleGraphics/Graphics_IO.o
 .debug_macro   0x000000000002543a       0x58 ./Core/SimpleGraphics/Graphics_IO.o
 .debug_macro   0x0000000000025492       0x71 ./Core/SimpleGraphics/Graphics_IO.o
 .debug_macro   0x0000000000025503       0x1c ./Core/SimpleGraphics/Graphics_IO.o
 .debug_macro   0x000000000002551f      0x12a ./Core/SimpleGraphics/Graphics_IO.o
 .debug_macro   0x0000000000025649      0x341 ./Core/SimpleGraphics/Graphics_IO.o
 .debug_macro   0x000000000002598a       0x10 ./Core/SimpleGraphics/Graphics_IO.o
 .debug_macro   0x000000000002599a       0x35 ./Core/SimpleGraphics/Graphics_IO.o
 .debug_macro   0x00000000000259cf       0x20 ./Core/SimpleGraphics/Graphics_IO.o
 .debug_macro   0x00000000000259ef       0x16 ./Core/SimpleGraphics/Graphics_IO.o
 .debug_macro   0x0000000000025a05       0x16 ./Core/SimpleGraphics/Graphics_IO.o
 .debug_macro   0x0000000000025a1b       0x29 ./Core/SimpleGraphics/Graphics_IO.o
 .debug_macro   0x0000000000025a44      0x274 ./Core/SimpleGraphics/Graphics_IO.o
 .debug_macro   0x0000000000025cb8      0x8a3 ./Core/SimpleGraphics/Graphics_IO.o
 .debug_macro   0x000000000002655b       0x2e ./Core/SimpleGraphics/SimpleGraphics.o
 .debug_macro   0x0000000000026589      0x35a ./Core/SimpleGraphics/Touch.o
 .debug_macro   0x00000000000268e3      0x262 ./Core/Src/Code.o
 .debug_macro   0x0000000000026b45       0x5e ./Core/Src/Code.o
 .debug_macro   0x0000000000026ba3      0x259 ./Core/Src/main.o
 .debug_macro   0x0000000000026dfc      0x89d ./Core/Src/main.o
 .debug_macro   0x0000000000027699      0x24f ./Core/Src/stm32f7xx_hal_msp.o
 .debug_macro   0x00000000000278e8      0x240 ./Core/Src/stm32f7xx_hal_timebase_tim.o
 .debug_macro   0x0000000000027b28      0x259 ./Core/Src/stm32f7xx_it.o
 .debug_macro   0x0000000000027d81      0x240 ./Core/Src/system_stm32f7xx.o
 .debug_macro   0x0000000000027fc1      0x264 ./Drivers/STM32F7xx_HAL_Driver/Src/stm32f7xx_hal.o
 .debug_macro   0x0000000000028225      0x240 ./Drivers/STM32F7xx_HAL_Driver/Src/stm32f7xx_hal_cortex.o
 .debug_macro   0x0000000000028465      0x24f ./Drivers/STM32F7xx_HAL_Driver/Src/stm32f7xx_hal_dma2d.o
 .debug_macro   0x00000000000286b4      0x276 ./Drivers/STM32F7xx_HAL_Driver/Src/stm32f7xx_hal_gpio.o
 .debug_macro   0x000000000002892a      0x305 ./Drivers/STM32F7xx_HAL_Driver/Src/stm32f7xx_hal_i2c.o
 .debug_macro   0x0000000000028c2f      0x240 ./Drivers/STM32F7xx_HAL_Driver/Src/stm32f7xx_hal_i2c_ex.o
 .debug_macro   0x0000000000028e6f      0x241 ./Drivers/STM32F7xx_HAL_Driver/Src/stm32f7xx_hal_ltdc.o
 .debug_macro   0x00000000000290b0      0x25e ./Drivers/STM32F7xx_HAL_Driver/Src/stm32f7xx_hal_pwr.o
 .debug_macro   0x000000000002930e      0x258 ./Drivers/STM32F7xx_HAL_Driver/Src/stm32f7xx_hal_pwr_ex.o
 .debug_macro   0x0000000000029566      0x264 ./Drivers/STM32F7xx_HAL_Driver/Src/stm32f7xx_hal_rcc.o
 .debug_macro   0x00000000000297ca      0x240 ./Drivers/STM32F7xx_HAL_Driver/Src/stm32f7xx_hal_rcc_ex.o
 .debug_macro   0x0000000000029a0a      0x241 ./Drivers/STM32F7xx_HAL_Driver/Src/stm32f7xx_hal_rtc.o
 .debug_macro   0x0000000000029c4b      0x240 ./Drivers/STM32F7xx_HAL_Driver/Src/stm32f7xx_hal_rtc_ex.o
 .debug_macro   0x0000000000029e8b      0x240 ./Drivers/STM32F7xx_HAL_Driver/Src/stm32f7xx_hal_sdram.o
 .debug_macro   0x000000000002a0cb      0x241 ./Drivers/STM32F7xx_HAL_Driver/Src/stm32f7xx_hal_tim.o
 .debug_macro   0x000000000002a30c      0x240 ./Drivers/STM32F7xx_HAL_Driver/Src/stm32f7xx_hal_tim_ex.o
 .debug_macro   0x000000000002a54c      0x240 ./Drivers/STM32F7xx_HAL_Driver/Src/stm32f7xx_ll_fmc.o

.debug_line     0x0000000000000000    0x23813
 .debug_line    0x0000000000000000       0x3e ./Core/SimpleGraphics/Font.o
 .debug_line    0x000000000000003e      0xbf5 ./Core/SimpleGraphics/Graphics_IO.o
 .debug_line    0x0000000000000c33     0x24d3 ./Core/SimpleGraphics/SimpleGraphics.o
 .debug_line    0x0000000000003106      0xffd ./Core/SimpleGraphics/Touch.o
 .debug_line    0x0000000000004103      0x99f ./Core/Src/Code.o
 .debug_line    0x0000000000004aa2     0x1518 ./Core/Src/main.o
 .debug_line    0x0000000000005fba      0xcb7 ./Core/Src/stm32f7xx_hal_msp.o
 .debug_line    0x0000000000006c71      0x82a ./Core/Src/stm32f7xx_hal_timebase_tim.o
 .debug_line    0x000000000000749b      0x8da ./Core/Src/stm32f7xx_it.o
 .debug_line    0x0000000000007d75      0x850 ./Core/Src/system_stm32f7xx.o
 .debug_line    0x00000000000085c5       0x88 ./Core/Startup/startup_stm32f746nghx.o
 .debug_line    0x000000000000864d      0xb2d ./Drivers/STM32F7xx_HAL_Driver/Src/stm32f7xx_hal.o
 .debug_line    0x000000000000917a      0xd36 ./Drivers/STM32F7xx_HAL_Driver/Src/stm32f7xx_hal_cortex.o
 .debug_line    0x0000000000009eb0     0x17b5 ./Drivers/STM32F7xx_HAL_Driver/Src/stm32f7xx_hal_dma2d.o
 .debug_line    0x000000000000b665      0xcb8 ./Drivers/STM32F7xx_HAL_Driver/Src/stm32f7xx_hal_gpio.o
 .debug_line    0x000000000000c31d     0x4d88 ./Drivers/STM32F7xx_HAL_Driver/Src/stm32f7xx_hal_i2c.o
 .debug_line    0x00000000000110a5      0x957 ./Drivers/STM32F7xx_HAL_Driver/Src/stm32f7xx_hal_i2c_ex.o
 .debug_line    0x00000000000119fc     0x1f13 ./Drivers/STM32F7xx_HAL_Driver/Src/stm32f7xx_hal_ltdc.o
 .debug_line    0x000000000001390f      0xa1b ./Drivers/STM32F7xx_HAL_Driver/Src/stm32f7xx_hal_pwr.o
 .debug_line    0x000000000001432a      0xb1b ./Drivers/STM32F7xx_HAL_Driver/Src/stm32f7xx_hal_pwr_ex.o
 .debug_line    0x0000000000014e45     0x1212 ./Drivers/STM32F7xx_HAL_Driver/Src/stm32f7xx_hal_rcc.o
 .debug_line    0x0000000000016057     0x1159 ./Drivers/STM32F7xx_HAL_Driver/Src/stm32f7xx_hal_rcc_ex.o
 .debug_line    0x00000000000171b0     0x163e ./Drivers/STM32F7xx_HAL_Driver/Src/stm32f7xx_hal_rtc.o
 .debug_line    0x00000000000187ee     0x1e0c ./Drivers/STM32F7xx_HAL_Driver/Src/stm32f7xx_hal_rtc_ex.o
 .debug_line    0x000000000001a5fa      0xf0f ./Drivers/STM32F7xx_HAL_Driver/Src/stm32f7xx_hal_sdram.o
 .debug_line    0x000000000001b509     0x5182 ./Drivers/STM32F7xx_HAL_Driver/Src/stm32f7xx_hal_tim.o
 .debug_line    0x000000000002068b     0x2277 ./Drivers/STM32F7xx_HAL_Driver/Src/stm32f7xx_hal_tim_ex.o
 .debug_line    0x0000000000022902      0xf11 ./Drivers/STM32F7xx_HAL_Driver/Src/stm32f7xx_ll_fmc.o

.debug_str      0x0000000000000000   0x100a24
 .debug_str     0x0000000000000000     0x2cdd ./Core/SimpleGraphics/Font.o
                                       0x2cf8 (size before relaxing)
 .debug_str     0x0000000000002cdd    0xf62d9 ./Core/SimpleGraphics/Graphics_IO.o
                                      0xf96a4 (size before relaxing)
 .debug_str     0x00000000000f8fb6      0x772 ./Core/SimpleGraphics/SimpleGraphics.o
                                       0x4075 (size before relaxing)
 .debug_str     0x00000000000f9728      0x7de ./Core/SimpleGraphics/Touch.o
                                      0xf7dbc (size before relaxing)
 .debug_str     0x00000000000f9f06      0x571 ./Core/Src/Code.o
                                      0xf3ed1 (size before relaxing)
 .debug_str     0x00000000000fa477     0x127d ./Core/Src/main.o
                                      0xf6865 (size before relaxing)
 .debug_str     0x00000000000fb6f4      0x734 ./Core/Src/stm32f7xx_hal_msp.o
                                      0xf63c4 (size before relaxing)
 .debug_str     0x00000000000fbe28       0xec ./Core/Src/stm32f7xx_hal_timebase_tim.o
                                      0xf39e8 (size before relaxing)
 .debug_str     0x00000000000fbf14      0x10d ./Core/Src/stm32f7xx_it.o
                                      0xf5693 (size before relaxing)
 .debug_str     0x00000000000fc021      0x1a4 ./Core/Src/system_stm32f7xx.o
                                      0xf2ee5 (size before relaxing)
 .debug_str     0x00000000000fc1c5       0x36 ./Core/Startup/startup_stm32f746nghx.o
                                         0x4c (size before relaxing)
 .debug_str     0x00000000000fc1fb      0x3f6 ./Drivers/STM32F7xx_HAL_Driver/Src/stm32f7xx_hal.o
                                      0xf3876 (size before relaxing)
 .debug_str     0x00000000000fc5f1      0x271 ./Drivers/STM32F7xx_HAL_Driver/Src/stm32f7xx_hal_cortex.o
                                      0xf3839 (size before relaxing)
 .debug_str     0x00000000000fc862      0x36e ./Drivers/STM32F7xx_HAL_Driver/Src/stm32f7xx_hal_dma2d.o
                                      0xf33f8 (size before relaxing)
 .debug_str     0x00000000000fcbd0      0x20b ./Drivers/STM32F7xx_HAL_Driver/Src/stm32f7xx_hal_gpio.o
                                      0xf30a4 (size before relaxing)
 .debug_str     0x00000000000fcddb      0xd57 ./Drivers/STM32F7xx_HAL_Driver/Src/stm32f7xx_hal_i2c.o
                                      0xf405f (size before relaxing)
 .debug_str     0x00000000000fdb32       0x89 ./Drivers/STM32F7xx_HAL_Driver/Src/stm32f7xx_hal_i2c_ex.o
                                      0xf338b (size before relaxing)
 .debug_str     0x00000000000fdbbb      0x430 ./Drivers/STM32F7xx_HAL_Driver/Src/stm32f7xx_hal_ltdc.o
                                      0xf343c (size before relaxing)
 .debug_str     0x00000000000fdfeb      0x2ac ./Drivers/STM32F7xx_HAL_Driver/Src/stm32f7xx_hal_pwr.o
                                      0xf3186 (size before relaxing)
 .debug_str     0x00000000000fe297      0x1bd ./Drivers/STM32F7xx_HAL_Driver/Src/stm32f7xx_hal_pwr_ex.o
                                      0xf3154 (size before relaxing)
 .debug_str     0x00000000000fe454      0x1ff ./Drivers/STM32F7xx_HAL_Driver/Src/stm32f7xx_hal_rcc.o
                                      0xf3258 (size before relaxing)
 .debug_str     0x00000000000fe653      0x147 ./Drivers/STM32F7xx_HAL_Driver/Src/stm32f7xx_hal_rcc_ex.o
                                      0xf317f (size before relaxing)
 .debug_str     0x00000000000fe79a      0x213 ./Drivers/STM32F7xx_HAL_Driver/Src/stm32f7xx_hal_rtc.o
                                      0xf32a3 (size before relaxing)
 .debug_str     0x00000000000fe9ad      0x587 ./Drivers/STM32F7xx_HAL_Driver/Src/stm32f7xx_hal_rtc_ex.o
                                      0xf35c3 (size before relaxing)
 .debug_str     0x00000000000fef34      0x37d ./Drivers/STM32F7xx_HAL_Driver/Src/stm32f7xx_hal_sdram.o
                                      0xf34d0 (size before relaxing)
 .debug_str     0x00000000000ff2b1      0xe7e ./Drivers/STM32F7xx_HAL_Driver/Src/stm32f7xx_hal_tim.o
                                      0xf41f1 (size before relaxing)
 .debug_str     0x000000000010012f      0x561 ./Drivers/STM32F7xx_HAL_Driver/Src/stm32f7xx_hal_tim_ex.o
                                      0xf3a47 (size before relaxing)
 .debug_str     0x0000000000100690      0x394 ./Drivers/STM32F7xx_HAL_Driver/Src/stm32f7xx_ll_fmc.o
                                      0xf3326 (size before relaxing)

.comment        0x0000000000000000       0x50
 .comment       0x0000000000000000       0x50 ./Core/SimpleGraphics/Font.o
                                         0x51 (size before relaxing)
 .comment       0x0000000000000050       0x51 ./Core/SimpleGraphics/Graphics_IO.o
 .comment       0x0000000000000050       0x51 ./Core/SimpleGraphics/SimpleGraphics.o
 .comment       0x0000000000000050       0x51 ./Core/SimpleGraphics/Touch.o
 .comment       0x0000000000000050       0x51 ./Core/Src/Code.o
 .comment       0x0000000000000050       0x51 ./Core/Src/main.o
 .comment       0x0000000000000050       0x51 ./Core/Src/stm32f7xx_hal_msp.o
 .comment       0x0000000000000050       0x51 ./Core/Src/stm32f7xx_hal_timebase_tim.o
 .comment       0x0000000000000050       0x51 ./Core/Src/stm32f7xx_it.o
 .comment       0x0000000000000050       0x51 ./Core/Src/system_stm32f7xx.o
 .comment       0x0000000000000050       0x51 ./Drivers/STM32F7xx_HAL_Driver/Src/stm32f7xx_hal.o
 .comment       0x0000000000000050       0x51 ./Drivers/STM32F7xx_HAL_Driver/Src/stm32f7xx_hal_cortex.o
 .comment       0x0000000000000050       0x51 ./Drivers/STM32F7xx_HAL_Driver/Src/stm32f7xx_hal_dma2d.o
 .comment       0x0000000000000050       0x51 ./Drivers/STM32F7xx_HAL_Driver/Src/stm32f7xx_hal_gpio.o
 .comment       0x0000000000000050       0x51 ./Drivers/STM32F7xx_HAL_Driver/Src/stm32f7xx_hal_i2c.o
 .comment       0x0000000000000050       0x51 ./Drivers/STM32F7xx_HAL_Driver/Src/stm32f7xx_hal_i2c_ex.o
 .comment       0x0000000000000050       0x51 ./Drivers/STM32F7xx_HAL_Driver/Src/stm32f7xx_hal_ltdc.o
 .comment       0x0000000000000050       0x51 ./Drivers/STM32F7xx_HAL_Driver/Src/stm32f7xx_hal_pwr.o
 .comment       0x0000000000000050       0x51 ./Drivers/STM32F7xx_HAL_Driver/Src/stm32f7xx_hal_pwr_ex.o
 .comment       0x0000000000000050       0x51 ./Drivers/STM32F7xx_HAL_Driver/Src/stm32f7xx_hal_rcc.o
 .comment       0x0000000000000050       0x51 ./Drivers/STM32F7xx_HAL_Driver/Src/stm32f7xx_hal_rcc_ex.o
 .comment       0x0000000000000050       0x51 ./Drivers/STM32F7xx_HAL_Driver/Src/stm32f7xx_hal_rtc.o
 .comment       0x0000000000000050       0x51 ./Drivers/STM32F7xx_HAL_Driver/Src/stm32f7xx_hal_rtc_ex.o
 .comment       0x0000000000000050       0x51 ./Drivers/STM32F7xx_HAL_Driver/Src/stm32f7xx_hal_sdram.o
 .comment       0x0000000000000050       0x51 ./Drivers/STM32F7xx_HAL_Driver/Src/stm32f7xx_hal_tim.o
 .comment       0x0000000000000050       0x51 ./Drivers/STM32F7xx_HAL_Driver/Src/stm32f7xx_hal_tim_ex.o
 .comment       0x0000000000000050       0x51 ./Drivers/STM32F7xx_HAL_Driver/Src/stm32f7xx_ll_fmc.o

.debug_loc      0x0000000000000000    0x1937b
 .debug_loc     0x0000000000000000      0x258 ./Core/SimpleGraphics/Graphics_IO.o
 .debug_loc     0x0000000000000258     0x4df0 ./Core/SimpleGraphics/SimpleGraphics.o
 .debug_loc     0x0000000000005048      0xe1b ./Core/SimpleGraphics/Touch.o
 .debug_loc     0x0000000000005e63       0x92 ./Core/Src/Code.o
 .debug_loc     0x0000000000005ef5       0x42 ./Core/Src/main.o
 .debug_loc     0x0000000000005f37      0x220 ./Core/Src/stm32f7xx_hal_msp.o
 .debug_loc     0x0000000000006157       0x89 ./Core/Src/stm32f7xx_hal_timebase_tim.o
 .debug_loc     0x00000000000061e0      0x158 ./Core/Src/system_stm32f7xx.o
 .debug_loc     0x0000000000006338      0x141 ./Drivers/STM32F7xx_HAL_Driver/Src/stm32f7xx_hal.o
 .debug_loc     0x0000000000006479      0x734 ./Drivers/STM32F7xx_HAL_Driver/Src/stm32f7xx_hal_cortex.o
 .debug_loc     0x0000000000006bad     0x127e ./Drivers/STM32F7xx_HAL_Driver/Src/stm32f7xx_hal_dma2d.o
 .debug_loc     0x0000000000007e2b      0x514 ./Drivers/STM32F7xx_HAL_Driver/Src/stm32f7xx_hal_gpio.o
 .debug_loc     0x000000000000833f     0x45a0 ./Drivers/STM32F7xx_HAL_Driver/Src/stm32f7xx_hal_i2c.o
 .debug_loc     0x000000000000c8df      0x144 ./Drivers/STM32F7xx_HAL_Driver/Src/stm32f7xx_hal_i2c_ex.o
 .debug_loc     0x000000000000ca23     0x181e ./Drivers/STM32F7xx_HAL_Driver/Src/stm32f7xx_hal_ltdc.o
 .debug_loc     0x000000000000e241       0x59 ./Drivers/STM32F7xx_HAL_Driver/Src/stm32f7xx_hal_pwr.o
 .debug_loc     0x000000000000e29a      0x299 ./Drivers/STM32F7xx_HAL_Driver/Src/stm32f7xx_hal_pwr_ex.o
 .debug_loc     0x000000000000e533      0x668 ./Drivers/STM32F7xx_HAL_Driver/Src/stm32f7xx_hal_rcc.o
 .debug_loc     0x000000000000eb9b      0x80e ./Drivers/STM32F7xx_HAL_Driver/Src/stm32f7xx_hal_rcc_ex.o
 .debug_loc     0x000000000000f3a9      0xd14 ./Drivers/STM32F7xx_HAL_Driver/Src/stm32f7xx_hal_rtc.o
 .debug_loc     0x00000000000100bd     0x10c5 ./Drivers/STM32F7xx_HAL_Driver/Src/stm32f7xx_hal_rtc_ex.o
 .debug_loc     0x0000000000011182      0xbd8 ./Drivers/STM32F7xx_HAL_Driver/Src/stm32f7xx_hal_sdram.o
 .debug_loc     0x0000000000011d5a     0x4d0e ./Drivers/STM32F7xx_HAL_Driver/Src/stm32f7xx_hal_tim.o
 .debug_loc     0x0000000000016a68     0x1f5f ./Drivers/STM32F7xx_HAL_Driver/Src/stm32f7xx_hal_tim_ex.o
 .debug_loc     0x00000000000189c7      0x9b4 ./Drivers/STM32F7xx_HAL_Driver/Src/stm32f7xx_ll_fmc.o

.debug_ranges   0x0000000000000000     0x1690
 .debug_ranges  0x0000000000000000       0x50 ./Core/SimpleGraphics/Graphics_IO.o
 .debug_ranges  0x0000000000000050      0x2a0 ./Core/SimpleGraphics/SimpleGraphics.o
 .debug_ranges  0x00000000000002f0       0x60 ./Core/SimpleGraphics/Touch.o
 .debug_ranges  0x0000000000000350       0x10 ./Core/Src/Code.o
 .debug_ranges  0x0000000000000360       0x60 ./Core/Src/main.o
 .debug_ranges  0x00000000000003c0       0x80 ./Core/Src/stm32f7xx_hal_msp.o
 .debug_ranges  0x0000000000000440       0x20 ./Core/Src/stm32f7xx_hal_timebase_tim.o
 .debug_ranges  0x0000000000000460       0x68 ./Core/Src/stm32f7xx_it.o
 .debug_ranges  0x00000000000004c8       0x18 ./Core/Src/system_stm32f7xx.o
 .debug_ranges  0x00000000000004e0       0x20 ./Core/Startup/startup_stm32f746nghx.o
 .debug_ranges  0x0000000000000500       0xf0 ./Drivers/STM32F7xx_HAL_Driver/Src/stm32f7xx_hal.o
 .debug_ranges  0x00000000000005f0       0xf8 ./Drivers/STM32F7xx_HAL_Driver/Src/stm32f7xx_hal_cortex.o
 .debug_ranges  0x00000000000006e8      0x108 ./Drivers/STM32F7xx_HAL_Driver/Src/stm32f7xx_hal_dma2d.o
 .debug_ranges  0x00000000000007f0       0x48 ./Drivers/STM32F7xx_HAL_Driver/Src/stm32f7xx_hal_gpio.o