SimpleGraphics.c:9:8:Color_A888_	0	static
SimpleGraphics.c:13:8:FontHParameter	0	static
SimpleGraphics.c:18:8:Get565Color	4	static
SimpleGraphics.c:36:6:Set_Backlight	8	static
SimpleGraphics.c:40:7:is_Disp_Res	0	static
SimpleGraphics.c:52:6:Graphics_Init	16	static
SimpleGraphics.c:60:6:Pixel	32	static
SimpleGraphics.c:77:6:Fill_Display	8	static
SimpleGraphics.c:89:6:Fill_Rectangle	32	static
SimpleGraphics.c:116:6:HLine	16	static
SimpleGraphics.c:124:6:VLine	24	static
SimpleGraphics.c:132:6:FramePanel	40	static
SimpleGraphics.c:141:6:Line	48	static
SimpleGraphics.c:287:6:Circle	64	static
SimpleGraphics.c:303:6:FillCircle	32	static
SimpleGraphics.c:312:6:VGradA	64	static
SimpleGraphics.c:394:6:HGradA	64	static
SimpleGraphics.c:479:6:VGradB	32	static
SimpleGraphics.c:484:6:HGradB	32	static
SimpleGraphics.c:489:6:Progress_bar	48	static
SimpleGraphics.c:539:6:Progress_bar_gradientB_V	56	static
SimpleGraphics.c:589:7:Inverse	0	static
SimpleGraphics.c:606:6:Symbol	48	static
SimpleGraphics.c:701:6:Label	56	static
SimpleGraphics.c:731:6:TextBox	32	static
SimpleGraphics.c:736:6:CheckBox	40	static
SimpleGraphics.c:745:6:TrackBar	48	static
SimpleGraphics.c:793:8:SymbolLength	8	static
SimpleGraphics.c:810:7:RU_EN_UTF16ToASCII	0	static
SimpleGraphics.c:834:6:Get1251	32	static
SimpleGraphics.c:865:6:Form	64	static
SimpleGraphics.c:879:6:Button	48	static
SimpleGraphics.c:888:6:GradientFormA	64	static
SimpleGraphics.c:901:6:GradientFormB	64	static
SimpleGraphics.c:918:6:LCD_Fill_Rectangle	16	static
SimpleGraphics.c:922:6:LCD_HLine	16	static
SimpleGraphics.c:926:6:LCD_VLine	16	static
SimpleGraphics.c:930:7:LCD_FramePanel	32	static
SimpleGraphics.c:960:6:LCD_Circle	16	static
SimpleGraphics.c:964:6:LCD_Line	24	static
SimpleGraphics.c:968:6:LCD_FillCircle	8	static
SimpleGraphics.c:972:6:LCD_ProgressBar	56	static
SimpleGraphics.c:976:7:LCD_CheckBox	32	static
SimpleGraphics.c:1009:7:LCD_TrackBar	56	static
SimpleGraphics.c:1057:7:LCD_VGradient	24	static
SimpleGraphics.c:1087:7:LCD_HGradient	24	static
SimpleGraphics.c:1116:7:LCD_DualVGradient	32	static
SimpleGraphics.c:1145:7:LCD_DualHGradient	32	static
SimpleGraphics.c:1174:6:LCD_Label	8	static
SimpleGraphics.c:1178:7:LCD_Form	56	static
SimpleGraphics.c:1208:7:LCD_Button	48	static
SimpleGraphics.c:1238:7:LCD_HGradientForm	56	static
SimpleGraphics.c:1268:7:LCD_VGradientForm	56	static
SimpleGraphics.c:1298:6:LCD_ProgressBarVGradient	64	static
SimpleGraphics.c:1302:7:LCD_TextBox	32	static
