../Core/SimpleGraphics/SimpleGraphics.c:41:8:Color_A888_	0	static
../Core/SimpleGraphics/SimpleGraphics.c:45:8:Get565Color	4	static
../Core/SimpleGraphics/SimpleGraphics.c:63:8:FontHParameter	0	static
../Core/SimpleGraphics/SimpleGraphics.c:68:6:Set_Backlight	8	static
../Core/SimpleGraphics/SimpleGraphics.c:72:7:is_Disp_Res	0	static
../Core/SimpleGraphics/SimpleGraphics.c:83:6:SymbolParameters	24	static
../Core/SimpleGraphics/SimpleGraphics.c:95:8:SymbolLengthPixels	4	static
../Core/SimpleGraphics/SimpleGraphics.c:112:7:RU_EN_UTF16ToASCII	0	static
../Core/SimpleGraphics/SimpleGraphics.c:136:6:Get1251	32	static
../Core/SimpleGraphics/SimpleGraphics.c:167:7:Inverse	0	static
../Core/SimpleGraphics/SimpleGraphics.c:184:7:isTouch	8	static
../Core/SimpleGraphics/SimpleGraphics.c:192:6:Graphics_Init	8	static
../Core/SimpleGraphics/SimpleGraphics.c:221:6:Fill_Display	8	static
../Core/SimpleGraphics/SimpleGraphics.c:233:6:Pixel	32	static
../Core/SimpleGraphics/SimpleGraphics.c:257:6:Fill_Rectangle	32	static
../Core/SimpleGraphics/SimpleGraphics.c:285:6:HLine	16	static
../Core/SimpleGraphics/SimpleGraphics.c:293:6:VLine	16	static
../Core/SimpleGraphics/SimpleGraphics.c:302:6:Line	48	static
../Core/SimpleGraphics/SimpleGraphics.c:448:6:Circle	64	static
../Core/SimpleGraphics/SimpleGraphics.c:464:6:FillCircle	32	static
../Core/SimpleGraphics/SimpleGraphics.c:473:6:VGradA	64	static
../Core/SimpleGraphics/SimpleGraphics.c:555:6:HGradA	64	static
../Core/SimpleGraphics/SimpleGraphics.c:640:6:VGradB	32	static
../Core/SimpleGraphics/SimpleGraphics.c:645:6:HGradB	32	static
../Core/SimpleGraphics/SimpleGraphics.c:653:6:FramePanel	48	static
../Core/SimpleGraphics/SimpleGraphics.c:662:6:Progress_bar	48	static
../Core/SimpleGraphics/SimpleGraphics.c:712:6:Progress_bar_gradient	56	static
../Core/SimpleGraphics/SimpleGraphics.c:762:6:Symbol	56	static
../Core/SimpleGraphics/SimpleGraphics.c:860:6:Label	56	static
../Core/SimpleGraphics/SimpleGraphics.c:891:6:TextBox	32	static
../Core/SimpleGraphics/SimpleGraphics.c:896:6:TrackBar	48	static
../Core/SimpleGraphics/SimpleGraphics.c:944:6:Form	64	static
../Core/SimpleGraphics/SimpleGraphics.c:958:6:Button	48	static
../Core/SimpleGraphics/SimpleGraphics.c:967:6:GradientFormA	72	static
../Core/SimpleGraphics/SimpleGraphics.c:980:6:GradientFormB	72	static
../Core/SimpleGraphics/SimpleGraphics.c:993:6:CheckBox	48	static
../Core/SimpleGraphics/SimpleGraphics.c:1004:6:Radiobutton	24	static
../Core/SimpleGraphics/SimpleGraphics.c:1022:6:Graph	96	static
../Core/SimpleGraphics/SimpleGraphics.c:1065:6:GraphLine	112	static
../Core/SimpleGraphics/SimpleGraphics.c:1137:6:RichTextBox	72	static
../Core/SimpleGraphics/SimpleGraphics.c:1191:6:LCD_FramePanel	24	static
../Core/SimpleGraphics/SimpleGraphics.c:1195:6:LCD_Progress_bar	40	static
../Core/SimpleGraphics/SimpleGraphics.c:1199:6:LCD_Progress_bar_gradient	48	static
../Core/SimpleGraphics/SimpleGraphics.c:1203:6:LCD_Label	8	static
../Core/SimpleGraphics/SimpleGraphics.c:1207:6:LCD_TextBox	24	static
../Core/SimpleGraphics/SimpleGraphics.c:1211:6:LCD_Form	40	static
../Core/SimpleGraphics/SimpleGraphics.c:1215:6:LCD_Button	32	static
../Core/SimpleGraphics/SimpleGraphics.c:1219:6:LCD_Gradient_Form_A	40	static
../Core/SimpleGraphics/SimpleGraphics.c:1223:6:LCD_Gradient_Form_B	40	static
