SimpleGraphics.c:9:8:Color_A888_	0	static
SimpleGraphics.c:13:8:FontHParameter	0	static
SimpleGraphics.c:18:8:Get565Color	4	static
SimpleGraphics.c:36:6:Set_Backlight	8	static
SimpleGraphics.c:40:7:is_Disp_Res	0	static
SimpleGraphics.c:52:6:Graphics_Init	16	static
SimpleGraphics.c:60:6:Pixel	32	static
SimpleGraphics.c:77:6:Fill_Display	8	static
SimpleGraphics.c:89:6:Fill_Rectangle	32	static
SimpleGraphics.c:116:6:HLine	16	static
SimpleGraphics.c:124:6:VLine	24	static
SimpleGraphics.c:132:6:FramePanel	40	static
SimpleGraphics.c:141:6:Line	48	static
SimpleGraphics.c:287:6:Circle	64	static
SimpleGraphics.c:303:6:FillCircle	32	static
SimpleGraphics.c:312:6:VGradA	64	static
SimpleGraphics.c:394:6:HGradA	64	static
SimpleGraphics.c:479:6:VGradB	32	static
SimpleGraphics.c:484:6:HGradB	32	static
SimpleGraphics.c:489:6:Progress_bar	48	static
SimpleGraphics.c:539:6:Progress_bar_gradientB_V	56	static
SimpleGraphics.c:589:7:Inverse	0	static
SimpleGraphics.c:606:6:Symbol	48	static
SimpleGraphics.c:701:6:Label	56	static
SimpleGraphics.c:731:6:TextBox	32	static
SimpleGraphics.c:736:6:TrackBar	48	static
SimpleGraphics.c:784:8:SymbolLength	8	static
SimpleGraphics.c:801:7:RU_EN_UTF16ToASCII	0	static
SimpleGraphics.c:825:6:Get1251	32	static
SimpleGraphics.c:856:6:Form	64	static
SimpleGraphics.c:870:6:Button	48	static
SimpleGraphics.c:879:6:GradientFormA	64	static
SimpleGraphics.c:892:6:GradientFormB	64	static
SimpleGraphics.c:905:6:CheckBox	48	static
SimpleGraphics.c:916:6:Radiobutton	24	static
SimpleGraphics.c:934:6:Graph	88	static
SimpleGraphics.c:977:6:GraphLine	112	static
SimpleGraphics.c:1067:6:LCD_Fill_Rectangle	16	static
SimpleGraphics.c:1071:6:LCD_HLine	16	static
SimpleGraphics.c:1075:6:LCD_VLine	16	static
SimpleGraphics.c:1079:7:LCD_FramePanel	32	static
SimpleGraphics.c:1109:6:LCD_Circle	16	static
SimpleGraphics.c:1113:6:LCD_Line	24	static
SimpleGraphics.c:1117:6:LCD_FillCircle	8	static
SimpleGraphics.c:1121:6:LCD_ProgressBar	56	static
SimpleGraphics.c:1125:7:LCD_TrackBar	56	static
SimpleGraphics.c:1173:7:LCD_VGradient	24	static
SimpleGraphics.c:1203:7:LCD_HGradient	24	static
SimpleGraphics.c:1232:7:LCD_DualVGradient	32	static
SimpleGraphics.c:1261:7:LCD_DualHGradient	32	static
SimpleGraphics.c:1290:6:LCD_Label	8	static
SimpleGraphics.c:1294:7:LCD_Form	56	static
SimpleGraphics.c:1324:7:LCD_Button	48	static
SimpleGraphics.c:1354:7:LCD_HGradientForm	56	static
SimpleGraphics.c:1384:7:LCD_VGradientForm	56	static
SimpleGraphics.c:1414:6:LCD_ProgressBarVGradient	64	static
SimpleGraphics.c:1418:7:LCD_TextBox	32	static
SimpleGraphics.c:1449:7:LCD_CheckBox	40	static
SimpleGraphics.c:1485:7:LCD_RadioButton	32	static
SimpleGraphics.c:1520:6:LCD_Graph	72	static
SimpleGraphics.c:1527:6:LCD_GraphLine	72	static
