../Core/SimpleGraphics/SimpleGraphics.c:42:8:Color_A888_	0	static
../Core/SimpleGraphics/SimpleGraphics.c:46:8:Get565Color	4	static
../Core/SimpleGraphics/SimpleGraphics.c:64:8:FontHParameter	0	static
../Core/SimpleGraphics/SimpleGraphics.c:69:6:Set_Backlight	8	static
../Core/SimpleGraphics/SimpleGraphics.c:73:7:is_Disp_Res	0	static
../Core/SimpleGraphics/SimpleGraphics.c:84:6:SymbolParameters	24	static
../Core/SimpleGraphics/SimpleGraphics.c:96:8:SymbolLengthPixels	4	static
../Core/SimpleGraphics/SimpleGraphics.c:113:7:RU_EN_UTF16ToASCII	0	static
../Core/SimpleGraphics/SimpleGraphics.c:137:6:Get1251	32	static
../Core/SimpleGraphics/SimpleGraphics.c:168:7:Inverse	0	static
../Core/SimpleGraphics/SimpleGraphics.c:186:7:TouchCnt	0	static
../Core/SimpleGraphics/SimpleGraphics.c:207:7:isTouch	16	static
../Core/SimpleGraphics/SimpleGraphics.c:330:7:TransitionValue	0	static
../Core/SimpleGraphics/SimpleGraphics.c:334:7:isInRange	4	static
../Core/SimpleGraphics/SimpleGraphics.c:378:6:Graphics_Init	8	static
../Core/SimpleGraphics/SimpleGraphics.c:407:6:Fill_Display	8	static
../Core/SimpleGraphics/SimpleGraphics.c:419:6:Pixel	32	static
../Core/SimpleGraphics/SimpleGraphics.c:443:6:Fill_Rectangle	32	static
../Core/SimpleGraphics/SimpleGraphics.c:471:6:HLine	16	static
../Core/SimpleGraphics/SimpleGraphics.c:479:6:VLine	16	static
../Core/SimpleGraphics/SimpleGraphics.c:488:6:Line	48	static
../Core/SimpleGraphics/SimpleGraphics.c:634:6:Circle	64	static
../Core/SimpleGraphics/SimpleGraphics.c:650:6:FillCircle	32	static
../Core/SimpleGraphics/SimpleGraphics.c:659:6:VGradA	64	static
../Core/SimpleGraphics/SimpleGraphics.c:741:6:HGradA	64	static
../Core/SimpleGraphics/SimpleGraphics.c:826:6:VGradB	32	static
../Core/SimpleGraphics/SimpleGraphics.c:831:6:HGradB	32	static
../Core/SimpleGraphics/SimpleGraphics.c:839:6:FramePanel	48	static
../Core/SimpleGraphics/SimpleGraphics.c:848:6:Progress_bar	48	static
../Core/SimpleGraphics/SimpleGraphics.c:898:6:Progress_bar_gradient	56	static
../Core/SimpleGraphics/SimpleGraphics.c:948:6:Symbol	56	static
../Core/SimpleGraphics/SimpleGraphics.c:1046:6:Label	56	static
../Core/SimpleGraphics/SimpleGraphics.c:1077:6:TextBox	32	static
../Core/SimpleGraphics/SimpleGraphics.c:1082:6:TrackBar	48	static
../Core/SimpleGraphics/SimpleGraphics.c:1130:6:Form	64	static
../Core/SimpleGraphics/SimpleGraphics.c:1144:6:Button	48	static
../Core/SimpleGraphics/SimpleGraphics.c:1153:6:GradientFormA	72	static
../Core/SimpleGraphics/SimpleGraphics.c:1166:6:GradientFormB	72	static
../Core/SimpleGraphics/SimpleGraphics.c:1179:6:CheckBox	48	static
../Core/SimpleGraphics/SimpleGraphics.c:1190:6:Radiobutton	24	static
../Core/SimpleGraphics/SimpleGraphics.c:1208:6:Graph	96	static
../Core/SimpleGraphics/SimpleGraphics.c:1251:6:GraphLine	112	static
../Core/SimpleGraphics/SimpleGraphics.c:1323:6:RichTextBox	72	static
../Core/SimpleGraphics/SimpleGraphics.c:1377:6:LCD_FramePanel	24	static
../Core/SimpleGraphics/SimpleGraphics.c:1381:6:LCD_Progress_bar	40	static
../Core/SimpleGraphics/SimpleGraphics.c:1385:6:LCD_Progress_bar_gradient	48	static
../Core/SimpleGraphics/SimpleGraphics.c:1389:6:LCD_Label	8	static
../Core/SimpleGraphics/SimpleGraphics.c:1393:6:LCD_TextBox	24	static
../Core/SimpleGraphics/SimpleGraphics.c:1397:6:LCD_Form	40	static
../Core/SimpleGraphics/SimpleGraphics.c:1401:7:LCD_Button	56	static
../Core/SimpleGraphics/SimpleGraphics.c:1437:6:LCD_Gradient_Form_A	40	static
../Core/SimpleGraphics/SimpleGraphics.c:1441:6:LCD_Gradient_Form_B	40	static
