../Core/SimpleGraphics/SimpleGraphics.c:40:8:Color_A888_	0	static
../Core/SimpleGraphics/SimpleGraphics.c:44:8:Get565Color	4	static
../Core/SimpleGraphics/SimpleGraphics.c:62:8:FontHParameter	0	static
../Core/SimpleGraphics/SimpleGraphics.c:67:6:Set_Backlight	8	static
../Core/SimpleGraphics/SimpleGraphics.c:71:7:is_Disp_Res	0	static
../Core/SimpleGraphics/SimpleGraphics.c:82:6:SymbolParameters	24	static
../Core/SimpleGraphics/SimpleGraphics.c:94:8:SymbolLengthPixels	4	static
../Core/SimpleGraphics/SimpleGraphics.c:111:7:RU_EN_UTF16ToASCII	0	static
../Core/SimpleGraphics/SimpleGraphics.c:135:6:Get1251	32	static
../Core/SimpleGraphics/SimpleGraphics.c:166:7:Inverse	0	static
../Core/SimpleGraphics/SimpleGraphics.c:185:6:Graphics_Init	8	static
../Core/SimpleGraphics/SimpleGraphics.c:214:6:Fill_Display	8	static
../Core/SimpleGraphics/SimpleGraphics.c:226:6:Pixel	32	static
../Core/SimpleGraphics/SimpleGraphics.c:250:6:Fill_Rectangle	32	static
../Core/SimpleGraphics/SimpleGraphics.c:278:6:HLine	16	static
../Core/SimpleGraphics/SimpleGraphics.c:286:6:VLine	16	static
../Core/SimpleGraphics/SimpleGraphics.c:295:6:Line	48	static
../Core/SimpleGraphics/SimpleGraphics.c:441:6:Circle	64	static
../Core/SimpleGraphics/SimpleGraphics.c:457:6:FillCircle	32	static
../Core/SimpleGraphics/SimpleGraphics.c:466:6:VGradA	64	static
../Core/SimpleGraphics/SimpleGraphics.c:548:6:HGradA	64	static
../Core/SimpleGraphics/SimpleGraphics.c:633:6:VGradB	32	static
../Core/SimpleGraphics/SimpleGraphics.c:638:6:HGradB	32	static
../Core/SimpleGraphics/SimpleGraphics.c:646:6:FramePanel	48	static
../Core/SimpleGraphics/SimpleGraphics.c:656:6:Progress_bar	48	static
../Core/SimpleGraphics/SimpleGraphics.c:706:6:Progress_bar_gradient	56	static
../Core/SimpleGraphics/SimpleGraphics.c:756:6:Symbol	56	static
../Core/SimpleGraphics/SimpleGraphics.c:854:6:Label	56	static
../Core/SimpleGraphics/SimpleGraphics.c:885:6:TextBox	32	static
../Core/SimpleGraphics/SimpleGraphics.c:890:6:TrackBar	48	static
../Core/SimpleGraphics/SimpleGraphics.c:938:6:Form	64	static
../Core/SimpleGraphics/SimpleGraphics.c:952:6:Button	48	static
../Core/SimpleGraphics/SimpleGraphics.c:961:6:GradientFormA	72	static
../Core/SimpleGraphics/SimpleGraphics.c:974:6:GradientFormB	72	static
../Core/SimpleGraphics/SimpleGraphics.c:987:6:CheckBox	48	static
../Core/SimpleGraphics/SimpleGraphics.c:998:6:Radiobutton	24	static
../Core/SimpleGraphics/SimpleGraphics.c:1016:6:Graph	96	static
../Core/SimpleGraphics/SimpleGraphics.c:1059:6:GraphLine	112	static
../Core/SimpleGraphics/SimpleGraphics.c:1131:6:RichTextBox	72	static
../Core/SimpleGraphics/SimpleGraphics.c:1185:6:LCD_FramePanel	24	static
../Core/SimpleGraphics/SimpleGraphics.c:1189:6:LCD_Progress_bar	40	static
../Core/SimpleGraphics/SimpleGraphics.c:1193:6:LCD_Progress_bar_gradient	48	static
../Core/SimpleGraphics/SimpleGraphics.c:1197:6:LCD_Label	8	static
../Core/SimpleGraphics/SimpleGraphics.c:1201:6:LCD_TextBox	24	static
../Core/SimpleGraphics/SimpleGraphics.c:1205:6:LCD_Form	40	static
../Core/SimpleGraphics/SimpleGraphics.c:1209:6:LCD_Button	32	static
../Core/SimpleGraphics/SimpleGraphics.c:1213:6:LCD_Gradient_Form_A	40	static
../Core/SimpleGraphics/SimpleGraphics.c:1217:6:LCD_Gradient_Form_B	40	static
