../Core/SimpleGraphics/SimpleGraphics.c:10:8:Color_A888_	0	static
../Core/SimpleGraphics/SimpleGraphics.c:14:8:FontHParameter	0	static
../Core/SimpleGraphics/SimpleGraphics.c:19:8:Get565Color	4	static
../Core/SimpleGraphics/SimpleGraphics.c:37:6:Set_Backlight	8	static
../Core/SimpleGraphics/SimpleGraphics.c:41:7:is_Disp_Res	0	static
../Core/SimpleGraphics/SimpleGraphics.c:52:6:SymbolParameters	24	static
../Core/SimpleGraphics/SimpleGraphics.c:64:8:SymbolLengthPixels	4	static
../Core/SimpleGraphics/SimpleGraphics.c:81:7:RU_EN_UTF16ToASCII	0	static
../Core/SimpleGraphics/SimpleGraphics.c:105:6:Get1251	32	static
../Core/SimpleGraphics/SimpleGraphics.c:137:6:Graphics_Init	8	static
../Core/SimpleGraphics/SimpleGraphics.c:146:6:Pixel	32	static
../Core/SimpleGraphics/SimpleGraphics.c:170:6:Fill_Display	8	static
../Core/SimpleGraphics/SimpleGraphics.c:182:6:Fill_Rectangle	32	static
../Core/SimpleGraphics/SimpleGraphics.c:209:6:HLine	16	static
../Core/SimpleGraphics/SimpleGraphics.c:217:6:VLine	16	static
../Core/SimpleGraphics/SimpleGraphics.c:225:6:FramePanel	48	static
../Core/SimpleGraphics/SimpleGraphics.c:234:6:Line	48	static
../Core/SimpleGraphics/SimpleGraphics.c:380:6:Circle	64	static
../Core/SimpleGraphics/SimpleGraphics.c:396:6:FillCircle	32	static
../Core/SimpleGraphics/SimpleGraphics.c:405:6:VGradA	64	static
../Core/SimpleGraphics/SimpleGraphics.c:487:6:HGradA	64	static
../Core/SimpleGraphics/SimpleGraphics.c:572:6:VGradB	32	static
../Core/SimpleGraphics/SimpleGraphics.c:577:6:HGradB	32	static
../Core/SimpleGraphics/SimpleGraphics.c:582:6:Progress_bar	48	static
../Core/SimpleGraphics/SimpleGraphics.c:632:6:Progress_bar_gradientB_V	56	static
../Core/SimpleGraphics/SimpleGraphics.c:682:7:Inverse	0	static
../Core/SimpleGraphics/SimpleGraphics.c:699:6:Symbol	56	static
../Core/SimpleGraphics/SimpleGraphics.c:797:6:Label	56	static
../Core/SimpleGraphics/SimpleGraphics.c:828:6:TextBox	32	static
../Core/SimpleGraphics/SimpleGraphics.c:833:6:TrackBar	48	static
../Core/SimpleGraphics/SimpleGraphics.c:881:6:Form	64	static
../Core/SimpleGraphics/SimpleGraphics.c:895:6:Button	48	static
../Core/SimpleGraphics/SimpleGraphics.c:904:6:GradientFormA	72	static
../Core/SimpleGraphics/SimpleGraphics.c:917:6:GradientFormB	72	static
../Core/SimpleGraphics/SimpleGraphics.c:930:6:CheckBox	48	static
../Core/SimpleGraphics/SimpleGraphics.c:941:6:Radiobutton	24	static
../Core/SimpleGraphics/SimpleGraphics.c:959:6:Graph	96	static
../Core/SimpleGraphics/SimpleGraphics.c:1002:6:GraphLine	112	static
../Core/SimpleGraphics/SimpleGraphics.c:1086:6:RichTextBox	32	static
../Core/SimpleGraphics/SimpleGraphics.c:1141:6:LCD_Fill_Rectangle	16	static
../Core/SimpleGraphics/SimpleGraphics.c:1145:6:LCD_HLine	16	static
../Core/SimpleGraphics/SimpleGraphics.c:1149:6:LCD_VLine	16	static
../Core/SimpleGraphics/SimpleGraphics.c:1153:7:LCD_FramePanel	32	static
../Core/SimpleGraphics/SimpleGraphics.c:1183:6:LCD_Circle	16	static
../Core/SimpleGraphics/SimpleGraphics.c:1187:6:LCD_Line	16	static
../Core/SimpleGraphics/SimpleGraphics.c:1191:6:LCD_FillCircle	8	static
../Core/SimpleGraphics/SimpleGraphics.c:1195:6:LCD_ProgressBar	40	static
../Core/SimpleGraphics/SimpleGraphics.c:1199:7:LCD_TrackBar	40	static
../Core/SimpleGraphics/SimpleGraphics.c:1247:7:LCD_VGradient	16	static
../Core/SimpleGraphics/SimpleGraphics.c:1277:7:LCD_HGradient	16	static
../Core/SimpleGraphics/SimpleGraphics.c:1306:7:LCD_DualVGradient	24	static
../Core/SimpleGraphics/SimpleGraphics.c:1335:7:LCD_DualHGradient	24	static
../Core/SimpleGraphics/SimpleGraphics.c:1364:6:LCD_Label	8	static
../Core/SimpleGraphics/SimpleGraphics.c:1368:7:LCD_Form	40	static
../Core/SimpleGraphics/SimpleGraphics.c:1398:7:LCD_Button	32	static
../Core/SimpleGraphics/SimpleGraphics.c:1428:7:LCD_HGradientForm	40	static
../Core/SimpleGraphics/SimpleGraphics.c:1458:7:LCD_VGradientForm	40	static
../Core/SimpleGraphics/SimpleGraphics.c:1488:6:LCD_ProgressBarVGradient	48	static
../Core/SimpleGraphics/SimpleGraphics.c:1492:7:LCD_TextBox	24	static
../Core/SimpleGraphics/SimpleGraphics.c:1523:7:LCD_CheckBox	32	static
../Core/SimpleGraphics/SimpleGraphics.c:1559:7:LCD_RadioButton	32	static
../Core/SimpleGraphics/SimpleGraphics.c:1594:6:LCD_Graph	48	static
../Core/SimpleGraphics/SimpleGraphics.c:1601:6:LCD_GraphLine	56	static
../Core/SimpleGraphics/SimpleGraphics.c:1608:7:LCD_RichTextBox	32	static
