../Core/SimpleGraphics/SimpleGraphics.c:11:8:Color_A888_	0	static
../Core/SimpleGraphics/SimpleGraphics.c:15:8:FontHParameter	0	static
../Core/SimpleGraphics/SimpleGraphics.c:20:8:Get565Color	4	static
../Core/SimpleGraphics/SimpleGraphics.c:38:6:Set_Backlight	8	static
../Core/SimpleGraphics/SimpleGraphics.c:42:7:is_Disp_Res	0	static
../Core/SimpleGraphics/SimpleGraphics.c:53:6:SymbolParameters	12	static
../Core/SimpleGraphics/SimpleGraphics.c:66:6:Graphics_Init	16	static
../Core/SimpleGraphics/SimpleGraphics.c:74:6:Pixel	32	static
../Core/SimpleGraphics/SimpleGraphics.c:98:6:Fill_Display	8	static
../Core/SimpleGraphics/SimpleGraphics.c:110:6:Fill_Rectangle	32	static
../Core/SimpleGraphics/SimpleGraphics.c:137:6:HLine	16	static
../Core/SimpleGraphics/SimpleGraphics.c:145:6:VLine	16	static
../Core/SimpleGraphics/SimpleGraphics.c:153:6:FramePanel	48	static
../Core/SimpleGraphics/SimpleGraphics.c:162:6:Line	48	static
../Core/SimpleGraphics/SimpleGraphics.c:308:6:Circle	64	static
../Core/SimpleGraphics/SimpleGraphics.c:324:6:FillCircle	32	static
../Core/SimpleGraphics/SimpleGraphics.c:333:6:VGradA	64	static
../Core/SimpleGraphics/SimpleGraphics.c:415:6:HGradA	64	static
../Core/SimpleGraphics/SimpleGraphics.c:500:6:VGradB	32	static
../Core/SimpleGraphics/SimpleGraphics.c:505:6:HGradB	32	static
../Core/SimpleGraphics/SimpleGraphics.c:510:6:Progress_bar	48	static
../Core/SimpleGraphics/SimpleGraphics.c:560:6:Progress_bar_gradientB_V	56	static
../Core/SimpleGraphics/SimpleGraphics.c:610:7:Inverse	0	static
../Core/SimpleGraphics/SimpleGraphics.c:627:6:Symbol	56	static
../Core/SimpleGraphics/SimpleGraphics.c:729:6:Label	56	static
../Core/SimpleGraphics/SimpleGraphics.c:759:6:TextBox	32	static
../Core/SimpleGraphics/SimpleGraphics.c:764:6:TrackBar	48	static
../Core/SimpleGraphics/SimpleGraphics.c:812:8:SymbolLength	4	static
../Core/SimpleGraphics/SimpleGraphics.c:829:7:RU_EN_UTF16ToASCII	0	static
../Core/SimpleGraphics/SimpleGraphics.c:853:6:Get1251	32	static
../Core/SimpleGraphics/SimpleGraphics.c:884:6:Form	64	static
../Core/SimpleGraphics/SimpleGraphics.c:898:6:Button	48	static
../Core/SimpleGraphics/SimpleGraphics.c:907:6:GradientFormA	72	static
../Core/SimpleGraphics/SimpleGraphics.c:920:6:GradientFormB	72	static
../Core/SimpleGraphics/SimpleGraphics.c:933:6:CheckBox	48	static
../Core/SimpleGraphics/SimpleGraphics.c:944:6:Radiobutton	24	static
../Core/SimpleGraphics/SimpleGraphics.c:962:6:Graph	96	static
../Core/SimpleGraphics/SimpleGraphics.c:1005:6:GraphLine	112	static
../Core/SimpleGraphics/SimpleGraphics.c:1089:6:RichTextBox	72	static
../Core/SimpleGraphics/SimpleGraphics.c:1139:6:LCD_Fill_Rectangle	16	static
../Core/SimpleGraphics/SimpleGraphics.c:1143:6:LCD_HLine	16	static
../Core/SimpleGraphics/SimpleGraphics.c:1147:6:LCD_VLine	16	static
../Core/SimpleGraphics/SimpleGraphics.c:1151:7:LCD_FramePanel	32	static
../Core/SimpleGraphics/SimpleGraphics.c:1181:6:LCD_Circle	16	static
../Core/SimpleGraphics/SimpleGraphics.c:1185:6:LCD_Line	16	static
../Core/SimpleGraphics/SimpleGraphics.c:1189:6:LCD_FillCircle	8	static
../Core/SimpleGraphics/SimpleGraphics.c:1193:6:LCD_ProgressBar	40	static
../Core/SimpleGraphics/SimpleGraphics.c:1197:7:LCD_TrackBar	40	static
../Core/SimpleGraphics/SimpleGraphics.c:1245:7:LCD_VGradient	16	static
../Core/SimpleGraphics/SimpleGraphics.c:1275:7:LCD_HGradient	16	static
../Core/SimpleGraphics/SimpleGraphics.c:1304:7:LCD_DualVGradient	24	static
../Core/SimpleGraphics/SimpleGraphics.c:1333:7:LCD_DualHGradient	24	static
../Core/SimpleGraphics/SimpleGraphics.c:1362:6:LCD_Label	8	static
../Core/SimpleGraphics/SimpleGraphics.c:1366:7:LCD_Form	40	static
../Core/SimpleGraphics/SimpleGraphics.c:1396:7:LCD_Button	32	static
../Core/SimpleGraphics/SimpleGraphics.c:1426:7:LCD_HGradientForm	40	static
../Core/SimpleGraphics/SimpleGraphics.c:1456:7:LCD_VGradientForm	40	static
../Core/SimpleGraphics/SimpleGraphics.c:1486:6:LCD_ProgressBarVGradient	48	static
../Core/SimpleGraphics/SimpleGraphics.c:1490:7:LCD_TextBox	24	static
../Core/SimpleGraphics/SimpleGraphics.c:1521:7:LCD_CheckBox	32	static
../Core/SimpleGraphics/SimpleGraphics.c:1557:7:LCD_RadioButton	32	static
../Core/SimpleGraphics/SimpleGraphics.c:1592:6:LCD_Graph	48	static
../Core/SimpleGraphics/SimpleGraphics.c:1599:6:LCD_GraphLine	56	static
../Core/SimpleGraphics/SimpleGraphics.c:1606:7:LCD_RichTextBox	32	static
