../Core/SimpleGraphics/SimpleGraphics.c:9:8:Color_A888_	0	static
../Core/SimpleGraphics/SimpleGraphics.c:13:8:FontHParameter	0	static
../Core/SimpleGraphics/SimpleGraphics.c:18:8:Get565Color	4	static
../Core/SimpleGraphics/SimpleGraphics.c:36:6:Set_Backlight	8	static
../Core/SimpleGraphics/SimpleGraphics.c:40:7:is_Disp_Res	0	static
../Core/SimpleGraphics/SimpleGraphics.c:51:6:SymbolParameters	12	static
../Core/SimpleGraphics/SimpleGraphics.c:64:6:Graphics_Init	16	static
../Core/SimpleGraphics/SimpleGraphics.c:72:6:Pixel	32	static
../Core/SimpleGraphics/SimpleGraphics.c:96:6:Fill_Display	8	static
../Core/SimpleGraphics/SimpleGraphics.c:108:6:Fill_Rectangle	32	static
../Core/SimpleGraphics/SimpleGraphics.c:135:6:HLine	16	static
../Core/SimpleGraphics/SimpleGraphics.c:143:6:VLine	16	static
../Core/SimpleGraphics/SimpleGraphics.c:151:6:FramePanel	48	static
../Core/SimpleGraphics/SimpleGraphics.c:160:6:Line	48	static
../Core/SimpleGraphics/SimpleGraphics.c:306:6:Circle	64	static
../Core/SimpleGraphics/SimpleGraphics.c:322:6:FillCircle	32	static
../Core/SimpleGraphics/SimpleGraphics.c:331:6:VGradA	64	static
../Core/SimpleGraphics/SimpleGraphics.c:413:6:HGradA	64	static
../Core/SimpleGraphics/SimpleGraphics.c:498:6:VGradB	32	static
../Core/SimpleGraphics/SimpleGraphics.c:503:6:HGradB	32	static
../Core/SimpleGraphics/SimpleGraphics.c:508:6:Progress_bar	48	static
../Core/SimpleGraphics/SimpleGraphics.c:558:6:Progress_bar_gradientB_V	56	static
../Core/SimpleGraphics/SimpleGraphics.c:608:7:Inverse	0	static
../Core/SimpleGraphics/SimpleGraphics.c:625:6:Symbol	56	static
../Core/SimpleGraphics/SimpleGraphics.c:727:6:Label	56	static
../Core/SimpleGraphics/SimpleGraphics.c:757:6:TextBox	32	static
../Core/SimpleGraphics/SimpleGraphics.c:762:6:TrackBar	48	static
../Core/SimpleGraphics/SimpleGraphics.c:810:8:SymbolLength	4	static
../Core/SimpleGraphics/SimpleGraphics.c:827:7:RU_EN_UTF16ToASCII	0	static
../Core/SimpleGraphics/SimpleGraphics.c:851:6:Get1251	32	static
../Core/SimpleGraphics/SimpleGraphics.c:882:6:Form	64	static
../Core/SimpleGraphics/SimpleGraphics.c:896:6:Button	48	static
../Core/SimpleGraphics/SimpleGraphics.c:905:6:GradientFormA	72	static
../Core/SimpleGraphics/SimpleGraphics.c:918:6:GradientFormB	72	static
../Core/SimpleGraphics/SimpleGraphics.c:931:6:CheckBox	48	static
../Core/SimpleGraphics/SimpleGraphics.c:942:6:Radiobutton	24	static
../Core/SimpleGraphics/SimpleGraphics.c:960:6:Graph	96	static
../Core/SimpleGraphics/SimpleGraphics.c:1003:6:GraphLine	112	static
../Core/SimpleGraphics/SimpleGraphics.c:1087:6:RichTextBox	72	static
../Core/SimpleGraphics/SimpleGraphics.c:1137:6:LCD_Fill_Rectangle	16	static
../Core/SimpleGraphics/SimpleGraphics.c:1141:6:LCD_HLine	16	static
../Core/SimpleGraphics/SimpleGraphics.c:1145:6:LCD_VLine	16	static
../Core/SimpleGraphics/SimpleGraphics.c:1149:7:LCD_FramePanel	24	static
../Core/SimpleGraphics/SimpleGraphics.c:1179:6:LCD_Circle	16	static
../Core/SimpleGraphics/SimpleGraphics.c:1183:6:LCD_Line	16	static
../Core/SimpleGraphics/SimpleGraphics.c:1187:6:LCD_FillCircle	8	static
../Core/SimpleGraphics/SimpleGraphics.c:1191:6:LCD_ProgressBar	40	static
../Core/SimpleGraphics/SimpleGraphics.c:1195:7:LCD_TrackBar	40	static
../Core/SimpleGraphics/SimpleGraphics.c:1243:7:LCD_VGradient	16	static
../Core/SimpleGraphics/SimpleGraphics.c:1273:7:LCD_HGradient	16	static
../Core/SimpleGraphics/SimpleGraphics.c:1302:7:LCD_DualVGradient	24	static
../Core/SimpleGraphics/SimpleGraphics.c:1331:7:LCD_DualHGradient	24	static
../Core/SimpleGraphics/SimpleGraphics.c:1360:6:LCD_Label	8	static
../Core/SimpleGraphics/SimpleGraphics.c:1364:7:LCD_Form	40	static
../Core/SimpleGraphics/SimpleGraphics.c:1394:7:LCD_Button	32	static
../Core/SimpleGraphics/SimpleGraphics.c:1424:7:LCD_HGradientForm	40	static
../Core/SimpleGraphics/SimpleGraphics.c:1454:7:LCD_VGradientForm	40	static
../Core/SimpleGraphics/SimpleGraphics.c:1484:6:LCD_ProgressBarVGradient	48	static
../Core/SimpleGraphics/SimpleGraphics.c:1488:7:LCD_TextBox	24	static
../Core/SimpleGraphics/SimpleGraphics.c:1519:7:LCD_CheckBox	32	static
../Core/SimpleGraphics/SimpleGraphics.c:1555:7:LCD_RadioButton	32	static
../Core/SimpleGraphics/SimpleGraphics.c:1590:6:LCD_Graph	48	static
../Core/SimpleGraphics/SimpleGraphics.c:1597:6:LCD_GraphLine	56	static
../Core/SimpleGraphics/SimpleGraphics.c:1604:7:LCD_RichTextBox	32	static
