../Core/SimpleGraphics/SimpleGraphics.c:42:8:Color_A888_	0	static
../Core/SimpleGraphics/SimpleGraphics.c:46:8:Get565Color	4	static
../Core/SimpleGraphics/SimpleGraphics.c:64:8:FontHParameter	0	static
../Core/SimpleGraphics/SimpleGraphics.c:69:6:Set_Backlight	8	static
../Core/SimpleGraphics/SimpleGraphics.c:73:7:is_Disp_Res	0	static
../Core/SimpleGraphics/SimpleGraphics.c:84:6:SymbolParameters	24	static
../Core/SimpleGraphics/SimpleGraphics.c:96:8:SymbolLengthPixels	4	static
../Core/SimpleGraphics/SimpleGraphics.c:113:7:RU_EN_UTF16ToASCII	0	static
../Core/SimpleGraphics/SimpleGraphics.c:137:6:Get1251	32	static
../Core/SimpleGraphics/SimpleGraphics.c:168:7:Inverse	0	static
../Core/SimpleGraphics/SimpleGraphics.c:186:7:TouchCnt	0	static
../Core/SimpleGraphics/SimpleGraphics.c:207:7:isTouch	16	static
../Core/SimpleGraphics/SimpleGraphics.c:330:7:TransitionValue	0	static
../Core/SimpleGraphics/SimpleGraphics.c:336:6:Graphics_Init	8	static
../Core/SimpleGraphics/SimpleGraphics.c:365:6:Fill_Display	8	static
../Core/SimpleGraphics/SimpleGraphics.c:377:6:Pixel	32	static
../Core/SimpleGraphics/SimpleGraphics.c:401:6:Fill_Rectangle	32	static
../Core/SimpleGraphics/SimpleGraphics.c:429:6:HLine	16	static
../Core/SimpleGraphics/SimpleGraphics.c:437:6:VLine	16	static
../Core/SimpleGraphics/SimpleGraphics.c:446:6:Line	48	static
../Core/SimpleGraphics/SimpleGraphics.c:592:6:Circle	64	static
../Core/SimpleGraphics/SimpleGraphics.c:608:6:FillCircle	32	static
../Core/SimpleGraphics/SimpleGraphics.c:617:6:VGradA	64	static
../Core/SimpleGraphics/SimpleGraphics.c:699:6:HGradA	64	static
../Core/SimpleGraphics/SimpleGraphics.c:784:6:VGradB	32	static
../Core/SimpleGraphics/SimpleGraphics.c:789:6:HGradB	32	static
../Core/SimpleGraphics/SimpleGraphics.c:797:6:FramePanel	48	static
../Core/SimpleGraphics/SimpleGraphics.c:806:6:Progress_bar	48	static
../Core/SimpleGraphics/SimpleGraphics.c:856:6:Progress_bar_gradient	56	static
../Core/SimpleGraphics/SimpleGraphics.c:906:6:Symbol	56	static
../Core/SimpleGraphics/SimpleGraphics.c:1004:6:Label	56	static
../Core/SimpleGraphics/SimpleGraphics.c:1035:6:TextBox	32	static
../Core/SimpleGraphics/SimpleGraphics.c:1040:6:TrackBar	48	static
../Core/SimpleGraphics/SimpleGraphics.c:1088:6:Form	64	static
../Core/SimpleGraphics/SimpleGraphics.c:1102:6:Button	48	static
../Core/SimpleGraphics/SimpleGraphics.c:1111:6:GradientFormA	72	static
../Core/SimpleGraphics/SimpleGraphics.c:1124:6:GradientFormB	72	static
../Core/SimpleGraphics/SimpleGraphics.c:1137:6:CheckBox	48	static
../Core/SimpleGraphics/SimpleGraphics.c:1148:6:Radiobutton	24	static
../Core/SimpleGraphics/SimpleGraphics.c:1166:6:Graph	96	static
../Core/SimpleGraphics/SimpleGraphics.c:1209:6:GraphLine	112	static
../Core/SimpleGraphics/SimpleGraphics.c:1281:6:RichTextBox	72	static
../Core/SimpleGraphics/SimpleGraphics.c:1335:6:LCD_FramePanel	24	static
../Core/SimpleGraphics/SimpleGraphics.c:1339:6:LCD_Progress_bar	40	static
../Core/SimpleGraphics/SimpleGraphics.c:1343:6:LCD_Progress_bar_gradient	48	static
../Core/SimpleGraphics/SimpleGraphics.c:1347:6:LCD_Label	8	static
../Core/SimpleGraphics/SimpleGraphics.c:1351:6:LCD_TextBox	24	static
../Core/SimpleGraphics/SimpleGraphics.c:1355:6:LCD_Form	40	static
../Core/SimpleGraphics/SimpleGraphics.c:1359:6:LCD_Button	32	static
../Core/SimpleGraphics/SimpleGraphics.c:1363:6:LCD_Gradient_Form_A	40	static
../Core/SimpleGraphics/SimpleGraphics.c:1367:6:LCD_Gradient_Form_B	40	static
