../Core/SimpleGraphics/SimpleGraphics.c:39:8:Color_A888_	0	static
../Core/SimpleGraphics/SimpleGraphics.c:43:8:Get565Color	4	static
../Core/SimpleGraphics/SimpleGraphics.c:61:8:FontHParameter	0	static
../Core/SimpleGraphics/SimpleGraphics.c:66:6:Set_Backlight	8	static
../Core/SimpleGraphics/SimpleGraphics.c:70:7:is_Disp_Res	0	static
../Core/SimpleGraphics/SimpleGraphics.c:81:6:SymbolParameters	24	static
../Core/SimpleGraphics/SimpleGraphics.c:93:8:SymbolLengthPixels	4	static
../Core/SimpleGraphics/SimpleGraphics.c:110:7:RU_EN_UTF16ToASCII	0	static
../Core/SimpleGraphics/SimpleGraphics.c:134:6:Get1251	32	static
../Core/SimpleGraphics/SimpleGraphics.c:165:7:Inverse	0	static
../Core/SimpleGraphics/SimpleGraphics.c:185:6:Graphics_Init	8	static
../Core/SimpleGraphics/SimpleGraphics.c:214:6:Fill_Display	8	static
../Core/SimpleGraphics/SimpleGraphics.c:226:6:Pixel	32	static
../Core/SimpleGraphics/SimpleGraphics.c:250:6:Fill_Rectangle	32	static
../Core/SimpleGraphics/SimpleGraphics.c:277:6:HLine	16	static
../Core/SimpleGraphics/SimpleGraphics.c:285:6:VLine	16	static
../Core/SimpleGraphics/SimpleGraphics.c:293:6:FramePanel	48	static
../Core/SimpleGraphics/SimpleGraphics.c:302:6:Line	48	static
../Core/SimpleGraphics/SimpleGraphics.c:448:6:Circle	64	static
../Core/SimpleGraphics/SimpleGraphics.c:464:6:FillCircle	32	static
../Core/SimpleGraphics/SimpleGraphics.c:473:6:VGradA	64	static
../Core/SimpleGraphics/SimpleGraphics.c:555:6:HGradA	64	static
../Core/SimpleGraphics/SimpleGraphics.c:640:6:VGradB	32	static
../Core/SimpleGraphics/SimpleGraphics.c:645:6:HGradB	32	static
../Core/SimpleGraphics/SimpleGraphics.c:650:6:Progress_bar	48	static
../Core/SimpleGraphics/SimpleGraphics.c:700:6:Progress_bar_gradient	56	static
../Core/SimpleGraphics/SimpleGraphics.c:750:6:Symbol	56	static
../Core/SimpleGraphics/SimpleGraphics.c:848:6:Label	56	static
../Core/SimpleGraphics/SimpleGraphics.c:879:6:TextBox	32	static
../Core/SimpleGraphics/SimpleGraphics.c:884:6:TrackBar	48	static
../Core/SimpleGraphics/SimpleGraphics.c:932:6:Form	64	static
../Core/SimpleGraphics/SimpleGraphics.c:946:6:Button	48	static
../Core/SimpleGraphics/SimpleGraphics.c:955:6:GradientFormA	72	static
../Core/SimpleGraphics/SimpleGraphics.c:968:6:GradientFormB	72	static
../Core/SimpleGraphics/SimpleGraphics.c:981:6:CheckBox	48	static
../Core/SimpleGraphics/SimpleGraphics.c:992:6:Radiobutton	24	static
../Core/SimpleGraphics/SimpleGraphics.c:1010:6:Graph	96	static
../Core/SimpleGraphics/SimpleGraphics.c:1053:6:GraphLine	112	static
../Core/SimpleGraphics/SimpleGraphics.c:1125:6:RichTextBox	32	static
../Core/SimpleGraphics/SimpleGraphics.c:1178:6:LCD_FramePanel	24	static
../Core/SimpleGraphics/SimpleGraphics.c:1182:6:LCD_Progress_bar	40	static
../Core/SimpleGraphics/SimpleGraphics.c:1186:6:LCD_Progress_bar_gradient	48	static
../Core/SimpleGraphics/SimpleGraphics.c:1190:6:LCD_Label	8	static
../Core/SimpleGraphics/SimpleGraphics.c:1194:6:LCD_TextBox	24	static
../Core/SimpleGraphics/SimpleGraphics.c:1198:6:LCD_Form	40	static
../Core/SimpleGraphics/SimpleGraphics.c:1202:6:LCD_Button	32	static
../Core/SimpleGraphics/SimpleGraphics.c:1206:6:LCD_Gradient_Form_A	40	static
../Core/SimpleGraphics/SimpleGraphics.c:1210:6:LCD_Gradient_Form_B	40	static
