SimpleGraphics.c:9:8:Color_A888_	0	static
SimpleGraphics.c:13:8:FontHParameter	0	static
SimpleGraphics.c:18:8:Get565Color	4	static
SimpleGraphics.c:36:6:Set_Backlight	8	static
SimpleGraphics.c:40:7:is_Disp_Res	0	static
SimpleGraphics.c:52:6:Graphics_Init	16	static
SimpleGraphics.c:60:6:Pixel	32	static
SimpleGraphics.c:77:6:Fill_Display	8	static
SimpleGraphics.c:89:6:Fill_Rectangle	32	static
SimpleGraphics.c:116:6:HLine	16	static
SimpleGraphics.c:124:6:VLine	24	static
SimpleGraphics.c:132:6:FramePanel	40	static
SimpleGraphics.c:141:6:Line	48	static
SimpleGraphics.c:287:6:Circle	64	static
SimpleGraphics.c:303:6:FillCircle	32	static
SimpleGraphics.c:312:6:VGradA	64	static
SimpleGraphics.c:394:6:HGradA	64	static
SimpleGraphics.c:479:6:VGradB	32	static
SimpleGraphics.c:484:6:HGradB	32	static
SimpleGraphics.c:489:6:Progress_bar	48	static
SimpleGraphics.c:539:6:Progress_bar_gradientB_V	56	static
SimpleGraphics.c:589:7:Inverse	0	static
SimpleGraphics.c:606:6:Symbol	48	static
SimpleGraphics.c:701:6:Label	56	static
SimpleGraphics.c:731:6:TextBox	32	static
SimpleGraphics.c:736:6:TrackBar	48	static
SimpleGraphics.c:784:8:SymbolLength	8	static
SimpleGraphics.c:801:7:RU_EN_UTF16ToASCII	0	static
SimpleGraphics.c:825:6:Get1251	32	static
SimpleGraphics.c:856:6:Form	64	static
SimpleGraphics.c:870:6:Button	48	static
SimpleGraphics.c:879:6:GradientFormA	64	static
SimpleGraphics.c:892:6:GradientFormB	64	static
SimpleGraphics.c:905:6:CheckBox	48	static
SimpleGraphics.c:916:6:Radiobutton	24	static
SimpleGraphics.c:934:6:Graph	88	static
SimpleGraphics.c:980:6:LCD_Fill_Rectangle	16	static
SimpleGraphics.c:984:6:LCD_HLine	16	static
SimpleGraphics.c:988:6:LCD_VLine	16	static
SimpleGraphics.c:992:7:LCD_FramePanel	32	static
SimpleGraphics.c:1022:6:LCD_Circle	16	static
SimpleGraphics.c:1026:6:LCD_Line	24	static
SimpleGraphics.c:1030:6:LCD_FillCircle	8	static
SimpleGraphics.c:1034:6:LCD_ProgressBar	56	static
SimpleGraphics.c:1038:7:LCD_TrackBar	56	static
SimpleGraphics.c:1086:7:LCD_VGradient	24	static
SimpleGraphics.c:1116:7:LCD_HGradient	24	static
SimpleGraphics.c:1145:7:LCD_DualVGradient	32	static
SimpleGraphics.c:1174:7:LCD_DualHGradient	32	static
SimpleGraphics.c:1203:6:LCD_Label	8	static
SimpleGraphics.c:1207:7:LCD_Form	56	static
SimpleGraphics.c:1237:7:LCD_Button	48	static
SimpleGraphics.c:1267:7:LCD_HGradientForm	56	static
SimpleGraphics.c:1297:7:LCD_VGradientForm	56	static
SimpleGraphics.c:1327:6:LCD_ProgressBarVGradient	64	static
SimpleGraphics.c:1331:7:LCD_TextBox	32	static
SimpleGraphics.c:1362:7:LCD_CheckBox	40	static
SimpleGraphics.c:1398:7:LCD_RadioButton	32	static
SimpleGraphics.c:1433:6:LCD_Graph	72	static
