SimpleGraphics.c:9:8:Color_A888_	0	static
SimpleGraphics.c:13:8:FontHParameter	0	static
SimpleGraphics.c:18:8:Get565Color	4	static
SimpleGraphics.c:36:6:Set_Backlight	8	static
SimpleGraphics.c:40:7:is_Disp_Res	0	static
SimpleGraphics.c:52:6:Graphics_Init	16	static
SimpleGraphics.c:60:6:Pixel	32	static
SimpleGraphics.c:77:6:Fill_Display	8	static
SimpleGraphics.c:89:6:Fill_Rectangle	32	static
SimpleGraphics.c:116:6:HLine	16	static
SimpleGraphics.c:124:6:VLine	24	static
SimpleGraphics.c:132:6:FramePanel	40	static
SimpleGraphics.c:143:6:Line	48	static
SimpleGraphics.c:290:6:Circle	64	static
SimpleGraphics.c:307:6:FillCircle	32	static
SimpleGraphics.c:317:6:Progress_bar	48	static
SimpleGraphics.c:368:6:CheckBox	40	static
SimpleGraphics.c:378:6:TrackBar	48	static
SimpleGraphics.c:427:6:VGradA	64	static
SimpleGraphics.c:509:6:HGradA	64	static
SimpleGraphics.c:598:6:LCD_Fill_Rectangle	16	static
SimpleGraphics.c:602:6:LCD_HLine	16	static
SimpleGraphics.c:607:6:LCD_VLine	16	static
SimpleGraphics.c:612:7:LCD_FramePanel	32	static
SimpleGraphics.c:643:6:LCD_Circle	16	static
SimpleGraphics.c:648:6:LCD_Line	24	static
SimpleGraphics.c:653:6:LCD_FillCircle	8	static
SimpleGraphics.c:658:6:LCD_ProgressBar	56	static
SimpleGraphics.c:663:7:LCD_CheckBox	32	static
SimpleGraphics.c:697:7:LCD_TrackBar	56	static
SimpleGraphics.c:746:7:LCD_VGradient	24	static
SimpleGraphics.c:777:7:LCD_HGradient	24	static
