../Core/SimpleGraphics/Touch.c:10:9:TS_IO_Read	32	static
../Core/SimpleGraphics/Touch.c:16:6:TS_IO_Write	32	static
../Core/SimpleGraphics/Touch.c:23:6:ft5336_TS_GetGestureID	16	static
../Core/SimpleGraphics/Touch.c:30:6:TS_GetTouchInfo	32	static
../Core/SimpleGraphics/Touch.c:101:10:Touch_ReadID	24	static
../Core/SimpleGraphics/Touch.c:116:9:TS_DetectTouch	16	static
../Core/SimpleGraphics/Touch.c:129:6:TS_GetXY	40	static
../Core/SimpleGraphics/Touch.c:228:9:TS_Get_GestureId	16	static
../Core/SimpleGraphics/Touch.c:262:9:TS_GetState	88	static
../Core/SimpleGraphics/Touch.c:337:6:Touch_Init	8	static
