../Core/SimpleGraphics/Touch.c:12:9:TS_IO_Read	32	static
../Core/SimpleGraphics/Touch.c:18:6:TS_IO_Write	32	static
../Core/SimpleGraphics/Touch.c:25:6:ft5336_TS_GetGestureID	16	static
../Core/SimpleGraphics/Touch.c:32:6:TS_GetTouchInfo	32	static
../Core/SimpleGraphics/Touch.c:103:10:Touch_ReadID	24	static
../Core/SimpleGraphics/Touch.c:118:9:TS_DetectTouch	16	static
../Core/SimpleGraphics/Touch.c:131:6:TS_GetXY	40	static
../Core/SimpleGraphics/Touch.c:230:9:TS_Get_GestureId	16	static
../Core/SimpleGraphics/Touch.c:264:9:TS_GetState	88	static
../Core/SimpleGraphics/Touch.c:341:6:Touch_Init	8	static
../Core/SimpleGraphics/Touch.c:353:7:GetCursorPosition	0	static
