../Core/Src/main.c:926:6:MPU_Config	24	static
../Core/Src/main.c:534:13:MX_GPIO_Init	104	static
../Core/Src/main.c:960:6:HAL_TIM_PeriodElapsedCallback	8	static
../Core/Src/main.c:977:6:Error_Handler	0	static,ignoring_inline_asm
../Core/Src/main.c:214:13:MX_DMA2D_Init	8	static
../Core/Src/main.c:483:13:MX_FMC_Init	40	static
../Core/Src/main.c:251:13:MX_I2C3_Init	8	static
../Core/Src/main.c:297:13:MX_LTDC_Init	64	static
../Core/Src/main.c:359:13:MX_RTC_Init	80	static
../Core/Src/main.c:142:6:SystemClock_Config	216	static
../Core/Src/main.c:83:5:main	8	static
